2026-03-27 18:26:36,487 INFO [CRASH_COMPLEXION_p001]                 Book.java:560  | 1 sheet in C:\Users\ken\RockSmithTabConvertToMidi\tmp\crash_cache_after_fix\page_001\preprocess\CRASH_COMPLEXION_p001.png
2026-03-27 18:26:36,764 INFO []                 Book.java:2565 | Stored /book.xml
2026-03-27 18:26:36,765 INFO []                 Book.java:2525 | Book stored as tmp\crash_cache_after_fix\page_001\omr\CRASH_COMPLEXION_p001.omr
2026-03-27 18:26:36,783 INFO []                 Book.java:1929 | Book reaching CHORDS on sheets:[#1]
2026-03-27 18:26:36,790 INFO [CRASH_COMPLEXION_p001]       StepMonitoring.java:98   | LOAD
2026-03-27 18:26:37,120 INFO [CRASH_COMPLEXION_p001]            SheetStub.java:1278 | Loaded image #1 2356x3349 from C:\Users\ken\RockSmithTabConvertToMidi\tmp\crash_cache_after_fix\page_001\preprocess\CRASH_COMPLEXION_p001.png
2026-03-27 18:26:37,140 INFO [CRASH_COMPLEXION_p001]                 Book.java:2565 | Stored /book.xml
2026-03-27 18:26:37,438 INFO [CRASH_COMPLEXION_p001]           DataHolder.java:348  | Stored /sheet#1/GRAY.png
2026-03-27 18:26:37,938 INFO [CRASH_COMPLEXION_p001]                Sheet.java:1583 | Stored /sheet#1/sheet#1.xml
2026-03-27 18:26:37,946 INFO [CRASH_COMPLEXION_p001]       StepMonitoring.java:98   | BINARY
2026-03-27 18:26:39,067 INFO [CRASH_COMPLEXION_p001]                 Book.java:2565 | Stored /book.xml
2026-03-27 18:26:39,068 INFO [CRASH_COMPLEXION_p001]           DataHolder.java:256  | Removed /sheet#1/GRAY.png
2026-03-27 18:26:39,380 INFO [CRASH_COMPLEXION_p001]           DataHolder.java:348  | Stored /sheet#1/BINARY.png
2026-03-27 18:26:39,385 INFO [CRASH_COMPLEXION_p001]                Sheet.java:1583 | Stored /sheet#1/sheet#1.xml
2026-03-27 18:26:39,394 INFO [CRASH_COMPLEXION_p001]       StepMonitoring.java:98   | SCALE
2026-03-27 18:26:39,569 INFO [CRASH_COMPLEXION_p001]         ScaleBuilder.java:241  | Beam  guessed height:  8 -- 0.50 of 16 interline
2026-03-27 18:26:39,574 INFO [CRASH_COMPLEXION_p001]         ScaleBuilder.java:264  | Beam measured height:  8 -- 0.27 of [5..16] range at 318% of needed quorum
2026-03-27 18:26:39,576 INFO [CRASH_COMPLEXION_p001]         ScaleBuilder.java:392  | Normalized black jitter: 23.53 %
2026-03-27 18:26:39,576 INFO [CRASH_COMPLEXION_p001]            ScaleStep.java:65   | Scale{ small_interline(12,13,14) interline(16,17,19) line(1,3,5) beam(8)}
2026-03-27 18:26:39,587 INFO [CRASH_COMPLEXION_p001]                 Book.java:2565 | Stored /book.xml
2026-03-27 18:26:39,600 INFO [CRASH_COMPLEXION_p001]                Sheet.java:1583 | Stored /sheet#1/sheet#1.xml
2026-03-27 18:26:39,610 INFO [CRASH_COMPLEXION_p001]       StepMonitoring.java:98   | GRID
2026-03-27 18:26:46,391 INFO [CRASH_COMPLEXION_p001]       LinesRetriever.java:1500 | Global slope: 0.02176
2026-03-27 18:26:46,639 INFO [CRASH_COMPLEXION_p001]    ClustersRetriever.java:326  | Retrieved raw line clusters: 2 of sizes [6] with interline(16,17,19)
2026-03-27 18:26:46,642 INFO [CRASH_COMPLEXION_p001]       LinesRetriever.java:1516 | Searching clusters with smallInterline: 13
2026-03-27 18:26:46,735 INFO [CRASH_COMPLEXION_p001]    ClustersRetriever.java:326  | Retrieved raw line clusters: 6 of sizes [5] with interline(12,13,14)
2026-03-27 18:26:56,059 INFO [CRASH_COMPLEXION_p001]            PeakGraph.java:310  | Systems: #1[1, 2, 3, 4, 5, 6, 7, 8]
2026-03-27 18:26:56,261 INFO [CRASH_COMPLEXION_p001]        BarsRetriever.java:1305 | System#1
2026-03-27 18:26:56,261 INFO [CRASH_COMPLEXION_p001]        BarsRetriever.java:1308 |    PartGroup{bracket number:1 barline:false staves:1-8}
2026-03-27 18:27:26,280 INFO [CRASH_COMPLEXION_p001]        SystemManager.java:779  | 8 parts along 1 system, 2 tablatures
2026-03-27 18:27:26,281 INFO [CRASH_COMPLEXION_p001]                 Book.java:543  | Created scores: [{Score 1}]
2026-03-27 18:27:26,292 INFO [CRASH_COMPLEXION_p001]                 Book.java:2565 | Stored /book.xml
2026-03-27 18:27:27,158 INFO [CRASH_COMPLEXION_p001]                Sheet.java:1583 | Stored /sheet#1/sheet#1.xml
2026-03-27 18:27:27,168 INFO [CRASH_COMPLEXION_p001]       StepMonitoring.java:98   | HEADERS
2026-03-27 18:27:30,225 INFO [CRASH_COMPLEXION_p001]                 Book.java:2565 | Stored /book.xml
2026-03-27 18:27:30,559 INFO [CRASH_COMPLEXION_p001]                Sheet.java:1583 | Stored /sheet#1/sheet#1.xml
2026-03-27 18:27:30,569 INFO [CRASH_COMPLEXION_p001]       StepMonitoring.java:98   | STEM_SEEDS
2026-03-27 18:27:30,886 INFO [CRASH_COMPLEXION_p001]        StemSeedsStep.java:86   | stem(3 max:5)
2026-03-27 18:27:31,349 INFO [CRASH_COMPLEXION_p001]                 Book.java:2565 | Stored /book.xml
2026-03-27 18:27:32,332 INFO [CRASH_COMPLEXION_p001]                Sheet.java:1583 | Stored /sheet#1/sheet#1.xml
2026-03-27 18:27:32,344 INFO [CRASH_COMPLEXION_p001]       StepMonitoring.java:98   | BEAMS
2026-03-27 18:27:36,728 INFO [CRASH_COMPLEXION_p001]                 Book.java:2565 | Stored /book.xml
2026-03-27 18:27:36,941 INFO [CRASH_COMPLEXION_p001]           DataHolder.java:348  | Stored /sheet#1/HEAD_SPOTS.png
2026-03-27 18:27:37,842 INFO [CRASH_COMPLEXION_p001]                Sheet.java:1583 | Stored /sheet#1/sheet#1.xml
2026-03-27 18:27:37,849 INFO [CRASH_COMPLEXION_p001]       StepMonitoring.java:98   | LEDGERS
2026-03-27 18:28:11,732 INFO [CRASH_COMPLEXION_p001]                 Book.java:2565 | Stored /book.xml
2026-03-27 18:28:12,963 INFO [CRASH_COMPLEXION_p001]                Sheet.java:1583 | Stored /sheet#1/sheet#1.xml
2026-03-27 18:28:12,975 INFO [CRASH_COMPLEXION_p001]       StepMonitoring.java:98   | HEADS
2026-03-27 18:28:15,440 INFO [CRASH_COMPLEXION_p001]      TemplateFactory.java:940  | Rebuilding BREVE_SMALL template at resolution 104
2026-03-27 18:28:15,470 INFO [CRASH_COMPLEXION_p001]      TemplateFactory.java:940  | Rebuilding WHOLE_NOTE_SMALL template at resolution 104
2026-03-27 18:28:21,278 INFO [CRASH_COMPLEXION_p001]        HeadSeedTally.java:235  | Scale information: HeadSeeds{NOTEHEAD_BLACK[R:0.8] NOTEHEAD_BLACK_SMALL[R:0.9]}
2026-03-27 18:28:21,284 INFO [CRASH_COMPLEXION_p001]                 Book.java:2565 | Stored /book.xml
2026-03-27 18:28:21,285 INFO [CRASH_COMPLEXION_p001]           DataHolder.java:256  | Removed /sheet#1/HEAD_SPOTS.png
2026-03-27 18:28:22,910 INFO [CRASH_COMPLEXION_p001]                Sheet.java:1583 | Stored /sheet#1/sheet#1.xml
2026-03-27 18:28:22,921 INFO [CRASH_COMPLEXION_p001]       StepMonitoring.java:98   | STEMS
2026-03-27 18:28:39,008 INFO [CRASH_COMPLEXION_p001]                 Book.java:2565 | Stored /book.xml
2026-03-27 18:28:40,128 INFO [CRASH_COMPLEXION_p001]                Sheet.java:1583 | Stored /sheet#1/sheet#1.xml
2026-03-27 18:28:40,136 INFO [CRASH_COMPLEXION_p001]       StepMonitoring.java:98   | REDUCTION
2026-03-27 18:28:40,576 INFO [CRASH_COMPLEXION_p001]        ReductionStep.java:105  | Stems free length median value: 80 pixels, 4.7 interlines
2026-03-27 18:28:40,611 INFO [CRASH_COMPLEXION_p001]                 Book.java:2565 | Stored /book.xml
2026-03-27 18:28:40,896 INFO [CRASH_COMPLEXION_p001]                Sheet.java:1583 | Stored /sheet#1/sheet#1.xml
2026-03-27 18:28:40,908 INFO [CRASH_COMPLEXION_p001]       StepMonitoring.java:98   | CUE_BEAMS
2026-03-27 18:28:40,926 INFO [CRASH_COMPLEXION_p001]                 Book.java:2565 | Stored /book.xml
2026-03-27 18:28:41,157 INFO [CRASH_COMPLEXION_p001]                Sheet.java:1583 | Stored /sheet#1/sheet#1.xml
2026-03-27 18:28:41,163 INFO [CRASH_COMPLEXION_p001]       StepMonitoring.java:98   | TEXTS
2026-03-27 18:28:41,420 WARN [CRASH_COMPLEXION_p001]         TesseractOCR.java:335  | The collection of supported languages is empty
2026-03-27 18:28:41,421 INFO [CRASH_COMPLEXION_p001]              OcrUtil.java:106  | Missing support for 'eng' language(s)
2026-03-27 18:28:41,439 INFO [CRASH_COMPLEXION_p001]                 Book.java:2565 | Stored /book.xml
2026-03-27 18:28:41,694 INFO [CRASH_COMPLEXION_p001]                Sheet.java:1583 | Stored /sheet#1/sheet#1.xml
2026-03-27 18:28:41,701 INFO [CRASH_COMPLEXION_p001]       StepMonitoring.java:98   | MEASURES
2026-03-27 18:28:41,714 INFO [CRASH_COMPLEXION_p001]                 Page.java:307  | 4 raw measures: [4 in system#1]
2026-03-27 18:28:41,720 INFO [CRASH_COMPLEXION_p001]                 Book.java:2565 | Stored /book.xml
2026-03-27 18:28:41,969 INFO [CRASH_COMPLEXION_p001]                Sheet.java:1583 | Stored /sheet#1/sheet#1.xml
2026-03-27 18:28:41,979 INFO [CRASH_COMPLEXION_p001]       StepMonitoring.java:98   | CHORDS
2026-03-27 18:28:42,009 INFO [CRASH_COMPLEXION_p001]                 Book.java:2565 | Stored /book.xml
2026-03-27 18:28:42,444 INFO [CRASH_COMPLEXION_p001]                Sheet.java:1583 | Stored /sheet#1/sheet#1.xml
2026-03-27 18:28:42,450 INFO [CRASH_COMPLEXION_p001]            SheetStub.java:1654 | Sheet disposed
2026-03-27 18:28:42,529 INFO [CRASH_COMPLEXION_p001]                 Book.java:2050 | End of Stub#1
2026-03-27 18:28:42,532 INFO [CRASH_COMPLEXION_p001]                 Book.java:2057 | End of Book{CRASH_COMPLEXION_p001}
2026-03-27 18:28:42,612 INFO [CRASH_COMPLEXION_p001]                Score.java:181  | Closing {Score 1}
