2026-03-27 18:37:44,734 INFO [CRASH_COMPLEXION_p004]                 Book.java:560  | 1 sheet in C:\Users\ken\RockSmithTabConvertToMidi\tmp\crash_cache_after_fix\page_004\preprocess\CRASH_COMPLEXION_p004.png
2026-03-27 18:37:45,084 INFO []                 Book.java:2565 | Stored /book.xml
2026-03-27 18:37:45,085 INFO []                 Book.java:2525 | Book stored as tmp\crash_cache_after_fix\page_004\omr\CRASH_COMPLEXION_p004.omr
2026-03-27 18:37:45,113 INFO []                 Book.java:1929 | Book reaching CHORDS on sheets:[#1]
2026-03-27 18:37:45,118 INFO [CRASH_COMPLEXION_p004]       StepMonitoring.java:98   | LOAD
2026-03-27 18:37:45,534 INFO [CRASH_COMPLEXION_p004]            SheetStub.java:1278 | Loaded image #1 2324x3186 from C:\Users\ken\RockSmithTabConvertToMidi\tmp\crash_cache_after_fix\page_004\preprocess\CRASH_COMPLEXION_p004.png
2026-03-27 18:37:45,553 INFO [CRASH_COMPLEXION_p004]                 Book.java:2565 | Stored /book.xml
2026-03-27 18:37:45,827 INFO [CRASH_COMPLEXION_p004]           DataHolder.java:348  | Stored /sheet#1/GRAY.png
2026-03-27 18:37:46,546 INFO [CRASH_COMPLEXION_p004]                Sheet.java:1583 | Stored /sheet#1/sheet#1.xml
2026-03-27 18:37:46,554 INFO [CRASH_COMPLEXION_p004]       StepMonitoring.java:98   | BINARY
2026-03-27 18:37:48,369 INFO [CRASH_COMPLEXION_p004]                 Book.java:2565 | Stored /book.xml
2026-03-27 18:37:48,374 INFO [CRASH_COMPLEXION_p004]           DataHolder.java:256  | Removed /sheet#1/GRAY.png
2026-03-27 18:37:48,834 INFO [CRASH_COMPLEXION_p004]           DataHolder.java:348  | Stored /sheet#1/BINARY.png
2026-03-27 18:37:48,838 INFO [CRASH_COMPLEXION_p004]                Sheet.java:1583 | Stored /sheet#1/sheet#1.xml
2026-03-27 18:37:48,850 INFO [CRASH_COMPLEXION_p004]       StepMonitoring.java:98   | SCALE
2026-03-27 18:37:48,963 INFO [CRASH_COMPLEXION_p004]         ScaleBuilder.java:241  | Beam  guessed height:  8 -- 0.50 of 16 interline
2026-03-27 18:37:48,974 INFO [CRASH_COMPLEXION_p004]         ScaleBuilder.java:264  | Beam measured height:  8 -- 0.27 of [5..16] range at 260% of needed quorum
2026-03-27 18:37:48,979 INFO [CRASH_COMPLEXION_p004]         ScaleBuilder.java:392  | Normalized black jitter: 5.88 %
2026-03-27 18:37:48,980 INFO [CRASH_COMPLEXION_p004]            ScaleStep.java:65   | Scale{ small_interline(13,13,14) interline(16,17,19) line(2,3,3) beam(8)}
2026-03-27 18:37:48,992 INFO [CRASH_COMPLEXION_p004]                 Book.java:2565 | Stored /book.xml
2026-03-27 18:37:49,002 INFO [CRASH_COMPLEXION_p004]                Sheet.java:1583 | Stored /sheet#1/sheet#1.xml
2026-03-27 18:37:49,014 INFO [CRASH_COMPLEXION_p004]       StepMonitoring.java:98   | GRID
2026-03-27 18:37:52,452 INFO [CRASH_COMPLEXION_p004]       LinesRetriever.java:1500 | Global slope: 0.00596
2026-03-27 18:37:52,604 INFO [CRASH_COMPLEXION_p004]    ClustersRetriever.java:326  | Retrieved raw line clusters: 4 of sizes [6] with interline(16,17,19)
2026-03-27 18:37:52,611 INFO [CRASH_COMPLEXION_p004]       LinesRetriever.java:1516 | Searching clusters with smallInterline: 13
2026-03-27 18:37:52,728 INFO [CRASH_COMPLEXION_p004]    ClustersRetriever.java:326  | Retrieved raw line clusters: 12 of sizes [5] with interline(13,13,14)
2026-03-27 18:37:54,317 INFO [CRASH_COMPLEXION_p004]            PeakGraph.java:310  | Systems: #1[1, 2, 3, 4, 5, 6, 7, 8] #2[9, 10, 11, 12, 13, 14, 15, 16]
2026-03-27 18:37:54,858 INFO [CRASH_COMPLEXION_p004]        BarsRetriever.java:1305 | System#1
2026-03-27 18:37:54,859 INFO [CRASH_COMPLEXION_p004]        BarsRetriever.java:1308 |    PartGroup{bracket number:1 barline:false staves:1-8}
2026-03-27 18:37:54,860 INFO [CRASH_COMPLEXION_p004]        BarsRetriever.java:1305 | System#2
2026-03-27 18:37:54,861 INFO [CRASH_COMPLEXION_p004]        BarsRetriever.java:1308 |    PartGroup{bracket number:1 barline:false staves:9-16}
2026-03-27 18:37:58,052 INFO [CRASH_COMPLEXION_p004]        SystemManager.java:779  | 8 parts along 2 systems, 2 tablatures
2026-03-27 18:37:58,054 INFO [CRASH_COMPLEXION_p004]                 Book.java:543  | Created scores: [{Score 1}]
2026-03-27 18:37:58,080 INFO [CRASH_COMPLEXION_p004]                 Book.java:2565 | Stored /book.xml
2026-03-27 18:37:59,458 INFO [CRASH_COMPLEXION_p004]                Sheet.java:1583 | Stored /sheet#1/sheet#1.xml
2026-03-27 18:37:59,481 INFO [CRASH_COMPLEXION_p004]       StepMonitoring.java:98   | HEADERS
2026-03-27 18:38:02,874 INFO [CRASH_COMPLEXION_p004]                 Book.java:2565 | Stored /book.xml
2026-03-27 18:38:03,304 INFO [CRASH_COMPLEXION_p004]                Sheet.java:1583 | Stored /sheet#1/sheet#1.xml
2026-03-27 18:38:03,312 INFO [CRASH_COMPLEXION_p004]       StepMonitoring.java:98   | STEM_SEEDS
2026-03-27 18:38:03,446 INFO [CRASH_COMPLEXION_p004]        StemSeedsStep.java:86   | stem(3 max:5)
2026-03-27 18:38:03,583 INFO [CRASH_COMPLEXION_p004]                 Book.java:2565 | Stored /book.xml
2026-03-27 18:38:03,869 INFO [CRASH_COMPLEXION_p004]                Sheet.java:1583 | Stored /sheet#1/sheet#1.xml
2026-03-27 18:38:03,879 INFO [CRASH_COMPLEXION_p004]       StepMonitoring.java:98   | BEAMS
2026-03-27 18:38:10,609 INFO [CRASH_COMPLEXION_p004]                 Book.java:2565 | Stored /book.xml
2026-03-27 18:38:10,775 INFO [CRASH_COMPLEXION_p004]           DataHolder.java:348  | Stored /sheet#1/HEAD_SPOTS.png
2026-03-27 18:38:11,867 INFO [CRASH_COMPLEXION_p004]                Sheet.java:1583 | Stored /sheet#1/sheet#1.xml
2026-03-27 18:38:11,885 INFO [CRASH_COMPLEXION_p004]       StepMonitoring.java:98   | LEDGERS
2026-03-27 18:38:13,268 INFO [CRASH_COMPLEXION_p004]                 Book.java:2565 | Stored /book.xml
2026-03-27 18:38:14,158 INFO [CRASH_COMPLEXION_p004]                Sheet.java:1583 | Stored /sheet#1/sheet#1.xml
2026-03-27 18:38:14,163 INFO [CRASH_COMPLEXION_p004]       StepMonitoring.java:98   | HEADS
2026-03-27 18:38:15,252 INFO [CRASH_COMPLEXION_p004]      TemplateFactory.java:940  | Rebuilding BREVE_SMALL template at resolution 104
2026-03-27 18:38:15,264 INFO [CRASH_COMPLEXION_p004]      TemplateFactory.java:940  | Rebuilding WHOLE_NOTE_SMALL template at resolution 104
2026-03-27 18:38:25,387 INFO [CRASH_COMPLEXION_p004]        HeadSeedTally.java:235  | Scale information: HeadSeeds{NOTEHEAD_VOID[R:-0.4] NOTEHEAD_VOID_SMALL[R:-0.4] NOTEHEAD_BLACK[L:0.7,R:0.4] NOTEHEAD_BLACK_SMALL[L:0.1,R:1.0]}
2026-03-27 18:38:25,398 INFO [CRASH_COMPLEXION_p004]                 Book.java:2565 | Stored /book.xml
2026-03-27 18:38:25,399 INFO [CRASH_COMPLEXION_p004]           DataHolder.java:256  | Removed /sheet#1/HEAD_SPOTS.png
2026-03-27 18:38:26,992 INFO [CRASH_COMPLEXION_p004]                Sheet.java:1583 | Stored /sheet#1/sheet#1.xml
2026-03-27 18:38:27,001 INFO [CRASH_COMPLEXION_p004]       StepMonitoring.java:98   | STEMS
2026-03-27 18:38:41,637 INFO [CRASH_COMPLEXION_p004]                 Book.java:2565 | Stored /book.xml
2026-03-27 18:38:44,774 INFO [CRASH_COMPLEXION_p004]                Sheet.java:1583 | Stored /sheet#1/sheet#1.xml
2026-03-27 18:38:44,787 INFO [CRASH_COMPLEXION_p004]       StepMonitoring.java:98   | REDUCTION
2026-03-27 18:38:47,306 INFO [CRASH_COMPLEXION_p004]        ReductionStep.java:105  | Stems free length median value: 43 pixels, 2.5 interlines
2026-03-27 18:38:47,339 INFO [CRASH_COMPLEXION_p004]                 Book.java:2565 | Stored /book.xml
2026-03-27 18:38:47,930 INFO [CRASH_COMPLEXION_p004]                Sheet.java:1583 | Stored /sheet#1/sheet#1.xml
2026-03-27 18:38:47,938 INFO [CRASH_COMPLEXION_p004]       StepMonitoring.java:98   | CUE_BEAMS
2026-03-27 18:38:47,955 INFO [CRASH_COMPLEXION_p004]                 Book.java:2565 | Stored /book.xml
2026-03-27 18:38:48,238 INFO [CRASH_COMPLEXION_p004]                Sheet.java:1583 | Stored /sheet#1/sheet#1.xml
2026-03-27 18:38:48,243 INFO [CRASH_COMPLEXION_p004]       StepMonitoring.java:98   | TEXTS
2026-03-27 18:38:48,430 WARN [CRASH_COMPLEXION_p004]         TesseractOCR.java:335  | The collection of supported languages is empty
2026-03-27 18:38:48,431 INFO [CRASH_COMPLEXION_p004]              OcrUtil.java:106  | Missing support for 'eng' language(s)
2026-03-27 18:38:48,448 INFO [CRASH_COMPLEXION_p004]                 Book.java:2565 | Stored /book.xml
2026-03-27 18:38:48,793 INFO [CRASH_COMPLEXION_p004]                Sheet.java:1583 | Stored /sheet#1/sheet#1.xml
2026-03-27 18:38:48,800 INFO [CRASH_COMPLEXION_p004]       StepMonitoring.java:98   | MEASURES
2026-03-27 18:38:48,807 INFO [CRASH_COMPLEXION_p004]                 Page.java:307  | 7 raw measures: [3 in system#1, 4 in system#2]
2026-03-27 18:38:48,815 INFO [CRASH_COMPLEXION_p004]                 Book.java:2565 | Stored /book.xml
2026-03-27 18:38:49,205 INFO [CRASH_COMPLEXION_p004]                Sheet.java:1583 | Stored /sheet#1/sheet#1.xml
2026-03-27 18:38:49,211 INFO [CRASH_COMPLEXION_p004]       StepMonitoring.java:98   | CHORDS
2026-03-27 18:38:49,252 INFO [CRASH_COMPLEXION_p004]                 Book.java:2565 | Stored /book.xml
2026-03-27 18:38:49,645 INFO [CRASH_COMPLEXION_p004]                Sheet.java:1583 | Stored /sheet#1/sheet#1.xml
2026-03-27 18:38:49,652 INFO [CRASH_COMPLEXION_p004]            SheetStub.java:1654 | Sheet disposed
2026-03-27 18:38:49,704 INFO [CRASH_COMPLEXION_p004]                 Book.java:2050 | End of Stub#1
2026-03-27 18:38:49,706 INFO [CRASH_COMPLEXION_p004]                 Book.java:2057 | End of Book{CRASH_COMPLEXION_p004}
2026-03-27 18:38:49,751 INFO [CRASH_COMPLEXION_p004]                Score.java:181  | Closing {Score 1}
