2026-03-28 09:51:31,035 INFO [CRASH_COMPLEXION_p010]                 Book.java:560  | 1 sheet in C:\Users\ken\RockSmithTabConvertToMidi\tmp\crash_cache_v4_repeat\page_010\preprocess\CRASH_COMPLEXION_p010.png
2026-03-28 09:51:31,298 INFO []                 Book.java:2565 | Stored /book.xml
2026-03-28 09:51:31,299 INFO []                 Book.java:2525 | Book stored as tmp\crash_cache_v4_repeat\page_010\omr\CRASH_COMPLEXION_p010.omr
2026-03-28 09:51:31,309 INFO []                 Book.java:1929 | Book reaching CHORDS on sheets:[#1]
2026-03-28 09:51:31,319 INFO [CRASH_COMPLEXION_p010]       StepMonitoring.java:98   | LOAD
2026-03-28 09:51:31,588 INFO [CRASH_COMPLEXION_p010]            SheetStub.java:1278 | Loaded image #1 2300x3170 from C:\Users\ken\RockSmithTabConvertToMidi\tmp\crash_cache_v4_repeat\page_010\preprocess\CRASH_COMPLEXION_p010.png
2026-03-28 09:51:31,604 INFO [CRASH_COMPLEXION_p010]                 Book.java:2565 | Stored /book.xml
2026-03-28 09:51:31,796 INFO [CRASH_COMPLEXION_p010]           DataHolder.java:348  | Stored /sheet#1/GRAY.png
2026-03-28 09:51:32,156 INFO [CRASH_COMPLEXION_p010]                Sheet.java:1583 | Stored /sheet#1/sheet#1.xml
2026-03-28 09:51:32,162 INFO [CRASH_COMPLEXION_p010]       StepMonitoring.java:98   | BINARY
2026-03-28 09:51:33,071 INFO [CRASH_COMPLEXION_p010]                 Book.java:2565 | Stored /book.xml
2026-03-28 09:51:33,072 INFO [CRASH_COMPLEXION_p010]           DataHolder.java:256  | Removed /sheet#1/GRAY.png
2026-03-28 09:51:33,187 INFO [CRASH_COMPLEXION_p010]           DataHolder.java:348  | Stored /sheet#1/BINARY.png
2026-03-28 09:51:33,190 INFO [CRASH_COMPLEXION_p010]                Sheet.java:1583 | Stored /sheet#1/sheet#1.xml
2026-03-28 09:51:33,195 INFO [CRASH_COMPLEXION_p010]       StepMonitoring.java:98   | SCALE
2026-03-28 09:51:33,235 INFO [CRASH_COMPLEXION_p010]         ScaleBuilder.java:241  | Beam  guessed height:  8 -- 0.50 of 16 interline
2026-03-28 09:51:33,236 INFO [CRASH_COMPLEXION_p010]         ScaleBuilder.java:264  | Beam measured height:  8 -- 0.27 of [5..16] range at 315% of needed quorum
2026-03-28 09:51:33,237 INFO [CRASH_COMPLEXION_p010]         ScaleBuilder.java:392  | Normalized black jitter: 11.76 %
2026-03-28 09:51:33,237 INFO [CRASH_COMPLEXION_p010]            ScaleStep.java:65   | Scale{ small_interline(13,14,14) interline(16,17,19) line(2,3,4) beam(8)}
2026-03-28 09:51:33,244 INFO [CRASH_COMPLEXION_p010]                 Book.java:2565 | Stored /book.xml
2026-03-28 09:51:33,250 INFO [CRASH_COMPLEXION_p010]                Sheet.java:1583 | Stored /sheet#1/sheet#1.xml
2026-03-28 09:51:33,256 INFO [CRASH_COMPLEXION_p010]       StepMonitoring.java:98   | GRID
2026-03-28 09:51:36,707 INFO [CRASH_COMPLEXION_p010]       LinesRetriever.java:1500 | Global slope: -0.00627
2026-03-28 09:51:36,781 INFO [CRASH_COMPLEXION_p010]    ClustersRetriever.java:326  | Retrieved raw line clusters: 6 of sizes [6] with interline(16,17,19)
2026-03-28 09:51:36,786 INFO [CRASH_COMPLEXION_p010]       LinesRetriever.java:1516 | Searching clusters with smallInterline: 14
2026-03-28 09:51:36,829 INFO [CRASH_COMPLEXION_p010]    ClustersRetriever.java:326  | Retrieved raw line clusters: 18 of sizes [5] with interline(13,14,14)
2026-03-28 09:51:37,994 INFO [CRASH_COMPLEXION_p010]            PeakGraph.java:310  | Systems: #1[1, 2, 3, 4, 5, 6, 7, 8] #2[9, 10, 11, 12, 13, 14, 15, 16] #3[17, 18, 19, 20, 21, 22, 23, 24]
2026-03-28 09:51:38,187 INFO [CRASH_COMPLEXION_p010]        BarsRetriever.java:1305 | System#1
2026-03-28 09:51:38,188 INFO [CRASH_COMPLEXION_p010]        BarsRetriever.java:1308 |    PartGroup{bracket number:1 barline:false staves:1-8}
2026-03-28 09:51:38,191 INFO [CRASH_COMPLEXION_p010]        BarsRetriever.java:1305 | System#2
2026-03-28 09:51:38,193 INFO [CRASH_COMPLEXION_p010]        BarsRetriever.java:1308 |    PartGroup{bracket number:1 barline:false staves:9-16}
2026-03-28 09:51:38,196 INFO [CRASH_COMPLEXION_p010]        BarsRetriever.java:1305 | System#3
2026-03-28 09:51:38,196 INFO [CRASH_COMPLEXION_p010]        BarsRetriever.java:1308 |    PartGroup{bracket number:1 barline:false staves:17-24}
2026-03-28 09:51:39,435 INFO [CRASH_COMPLEXION_p010]        SystemManager.java:779  | 8 parts along 3 systems, 2 tablatures
2026-03-28 09:51:39,436 INFO [CRASH_COMPLEXION_p010]                 Book.java:543  | Created scores: [{Score 1}]
2026-03-28 09:51:39,449 INFO [CRASH_COMPLEXION_p010]                 Book.java:2565 | Stored /book.xml
2026-03-28 09:51:40,182 INFO [CRASH_COMPLEXION_p010]                Sheet.java:1583 | Stored /sheet#1/sheet#1.xml
2026-03-28 09:51:40,191 INFO [CRASH_COMPLEXION_p010]       StepMonitoring.java:98   | HEADERS
2026-03-28 09:51:43,144 INFO [CRASH_COMPLEXION_p010]                 Book.java:2565 | Stored /book.xml
2026-03-28 09:51:43,668 INFO [CRASH_COMPLEXION_p010]                Sheet.java:1583 | Stored /sheet#1/sheet#1.xml
2026-03-28 09:51:43,677 INFO [CRASH_COMPLEXION_p010]       StepMonitoring.java:98   | STEM_SEEDS
2026-03-28 09:51:43,898 INFO [CRASH_COMPLEXION_p010]        StemSeedsStep.java:86   | stem(3 max:5)
2026-03-28 09:51:44,013 INFO [CRASH_COMPLEXION_p010]                 Book.java:2565 | Stored /book.xml
2026-03-28 09:51:44,380 INFO [CRASH_COMPLEXION_p010]                Sheet.java:1583 | Stored /sheet#1/sheet#1.xml
2026-03-28 09:51:44,387 INFO [CRASH_COMPLEXION_p010]       StepMonitoring.java:98   | BEAMS
2026-03-28 09:51:47,731 INFO [CRASH_COMPLEXION_p010]                 Book.java:2565 | Stored /book.xml
2026-03-28 09:51:47,881 INFO [CRASH_COMPLEXION_p010]           DataHolder.java:348  | Stored /sheet#1/HEAD_SPOTS.png
2026-03-28 09:51:48,508 INFO [CRASH_COMPLEXION_p010]                Sheet.java:1583 | Stored /sheet#1/sheet#1.xml
2026-03-28 09:51:48,524 INFO [CRASH_COMPLEXION_p010]       StepMonitoring.java:98   | LEDGERS
2026-03-28 09:51:49,310 INFO [CRASH_COMPLEXION_p010]                 Book.java:2565 | Stored /book.xml
2026-03-28 09:51:49,774 INFO [CRASH_COMPLEXION_p010]                Sheet.java:1583 | Stored /sheet#1/sheet#1.xml
2026-03-28 09:51:49,781 INFO [CRASH_COMPLEXION_p010]       StepMonitoring.java:98   | HEADS
2026-03-28 09:51:50,626 INFO [CRASH_COMPLEXION_p010]      TemplateFactory.java:940  | Rebuilding BREVE_SMALL template at resolution 112
2026-03-28 09:51:50,634 INFO [CRASH_COMPLEXION_p010]      TemplateFactory.java:940  | Rebuilding WHOLE_NOTE_SMALL template at resolution 112
2026-03-28 09:51:56,787 INFO [CRASH_COMPLEXION_p010]        HeadSeedTally.java:235  | Scale information: HeadSeeds{NOTEHEAD_VOID[R:-0.1] NOTEHEAD_VOID_SMALL[R:-1.1] NOTEHEAD_BLACK[L:0.3,R:0.1] NOTEHEAD_BLACK_SMALL[L:-0.6,R:0.5]}
2026-03-28 09:51:56,796 INFO [CRASH_COMPLEXION_p010]                 Book.java:2565 | Stored /book.xml
2026-03-28 09:51:56,798 INFO [CRASH_COMPLEXION_p010]           DataHolder.java:256  | Removed /sheet#1/HEAD_SPOTS.png
2026-03-28 09:51:57,734 INFO [CRASH_COMPLEXION_p010]                Sheet.java:1583 | Stored /sheet#1/sheet#1.xml
2026-03-28 09:51:57,741 INFO [CRASH_COMPLEXION_p010]       StepMonitoring.java:98   | STEMS
2026-03-28 09:52:01,708 INFO [CRASH_COMPLEXION_p010]                 Book.java:2565 | Stored /book.xml
2026-03-28 09:52:02,917 INFO [CRASH_COMPLEXION_p010]                Sheet.java:1583 | Stored /sheet#1/sheet#1.xml
2026-03-28 09:52:02,923 INFO [CRASH_COMPLEXION_p010]       StepMonitoring.java:98   | REDUCTION
2026-03-28 09:52:03,415 INFO [CRASH_COMPLEXION_p010]        ReductionStep.java:105  | Stems free length median value: 44 pixels, 2.6 interlines
2026-03-28 09:52:03,434 INFO [CRASH_COMPLEXION_p010]                 Book.java:2565 | Stored /book.xml
2026-03-28 09:52:03,875 INFO [CRASH_COMPLEXION_p010]                Sheet.java:1583 | Stored /sheet#1/sheet#1.xml
2026-03-28 09:52:03,882 INFO [CRASH_COMPLEXION_p010]       StepMonitoring.java:98   | CUE_BEAMS
2026-03-28 09:52:03,893 INFO [CRASH_COMPLEXION_p010]                 Book.java:2565 | Stored /book.xml
2026-03-28 09:52:04,163 INFO [CRASH_COMPLEXION_p010]                Sheet.java:1583 | Stored /sheet#1/sheet#1.xml
2026-03-28 09:52:04,168 INFO [CRASH_COMPLEXION_p010]       StepMonitoring.java:98   | TEXTS
2026-03-28 09:52:04,350 WARN [CRASH_COMPLEXION_p010]         TesseractOCR.java:335  | The collection of supported languages is empty
2026-03-28 09:52:04,351 INFO [CRASH_COMPLEXION_p010]              OcrUtil.java:106  | Missing support for 'eng' language(s)
2026-03-28 09:52:04,365 INFO [CRASH_COMPLEXION_p010]                 Book.java:2565 | Stored /book.xml
2026-03-28 09:52:04,655 INFO [CRASH_COMPLEXION_p010]                Sheet.java:1583 | Stored /sheet#1/sheet#1.xml
2026-03-28 09:52:04,661 INFO [CRASH_COMPLEXION_p010]       StepMonitoring.java:98   | MEASURES
2026-03-28 09:52:04,670 INFO [CRASH_COMPLEXION_p010]                 Page.java:307  | 6 raw measures: [3 in system#1, 2 in system#2, 1 in system#3]
2026-03-28 09:52:04,676 INFO [CRASH_COMPLEXION_p010]                 Book.java:2565 | Stored /book.xml
2026-03-28 09:52:05,030 INFO [CRASH_COMPLEXION_p010]                Sheet.java:1583 | Stored /sheet#1/sheet#1.xml
2026-03-28 09:52:05,037 INFO [CRASH_COMPLEXION_p010]       StepMonitoring.java:98   | CHORDS
2026-03-28 09:52:05,066 INFO [CRASH_COMPLEXION_p010]                 Book.java:2565 | Stored /book.xml
2026-03-28 09:52:05,426 INFO [CRASH_COMPLEXION_p010]                Sheet.java:1583 | Stored /sheet#1/sheet#1.xml
2026-03-28 09:52:05,434 INFO [CRASH_COMPLEXION_p010]            SheetStub.java:1654 | Sheet disposed
2026-03-28 09:52:05,478 INFO [CRASH_COMPLEXION_p010]                 Book.java:2050 | End of Stub#1
2026-03-28 09:52:05,479 INFO [CRASH_COMPLEXION_p010]                 Book.java:2057 | End of Book{CRASH_COMPLEXION_p010}
2026-03-28 09:52:05,523 INFO [CRASH_COMPLEXION_p010]                Score.java:181  | Closing {Score 1}
