2026-03-28 09:52:09,100 INFO [CRASH_COMPLEXION_p010]                 Book.java:1929 | Book reaching PAGE on sheets:[#1]
2026-03-28 09:52:09,110 INFO [CRASH_COMPLEXION_p010]       StepMonitoring.java:98   | SYMBOLS
2026-03-28 09:52:12,100 INFO [CRASH_COMPLEXION_p010]            SheetStub.java:1000 | Loaded /sheet#1/sheet#1.xml
2026-03-28 09:52:17,355 INFO [CRASH_COMPLEXION_p010]       StepMonitoring.java:98   | LINKS
2026-03-28 09:52:17,467 INFO [CRASH_COMPLEXION_p010]             KeyInter.java:1189 | No effective key before AlterInter#9061{(0.444) staff:16 NATURAL pitch:3.0}
2026-03-28 09:52:17,560 INFO [CRASH_COMPLEXION_p010]             KeyInter.java:1322 | Key built KeyInter#9444{(0.161) staff:20 KEY_FLAT_1 pitch:0.1 fifths:-1}
2026-03-28 09:52:17,614 INFO [CRASH_COMPLEXION_p010]       StepMonitoring.java:98   | RHYTHMS
2026-03-28 09:52:17,824 INFO [CRASH_COMPLEXION_p010]       StepMonitoring.java:98   | PAGE
2026-03-28 09:52:17,826 INFO [CRASH_COMPLEXION_p010]       SheetReduction.java:154  | Gutter. Different glyphs 1/2 StemInter#5750{(0.729/0.982) STEM} vs StemInter#6871{(0.477/0.848) staff:9 STEM}
2026-03-28 09:52:17,827 INFO [CRASH_COMPLEXION_p010]       SheetReduction.java:154  | Gutter. Different glyphs 1/2 BeamInter#1624{(0.630/0.951) BEAM} vs StemInter#6871{(0.477/0.848) staff:9 STEM}
2026-03-28 09:52:17,828 INFO [CRASH_COMPLEXION_p010]       SheetReduction.java:154  | Gutter. Different glyphs 1/2 BeamInter#1620{(0.662/0.957) BEAM} vs StemInter#6871{(0.477/0.848) staff:9 STEM}
2026-03-28 09:52:17,836 WARN [CRASH_COMPLEXION_p010]         MeasureFixer.java:343  | System#1 No target duration for measures local IDs [1, 2, 3], please check time signatures
2026-03-28 09:52:17,838 WARN [CRASH_COMPLEXION_p010]         MeasureFixer.java:343  | System#2 No target duration for measures local IDs [4, 5], please check time signatures
2026-03-28 09:52:17,838 WARN [CRASH_COMPLEXION_p010]         MeasureFixer.java:343  | System#3 No target duration for measures local IDs [6], please check time signatures
2026-03-28 09:52:17,841 INFO [CRASH_COMPLEXION_p010]                 Book.java:2584 | Book{CRASH_COMPLEXION_p010} storing
2026-03-28 09:52:17,929 INFO [CRASH_COMPLEXION_p010]                 Book.java:2565 | Stored /book.xml
2026-03-28 09:52:18,939 INFO [CRASH_COMPLEXION_p010]                Sheet.java:1583 | Stored /sheet#1/sheet#1.xml
2026-03-28 09:52:18,939 INFO [CRASH_COMPLEXION_p010]                 Book.java:2525 | Book stored as C:\Users\ken\RockSmithTabConvertToMidi\tmp\crash_cache_v4_repeat\page_010\omr\CRASH_COMPLEXION_p010.omr
2026-03-28 09:52:18,948 INFO [CRASH_COMPLEXION_p010]            SheetStub.java:1654 | Sheet disposed
2026-03-28 09:52:18,991 INFO [CRASH_COMPLEXION_p010]                 Book.java:2050 | End of Stub#1
2026-03-28 09:52:18,993 INFO [CRASH_COMPLEXION_p010]                 Book.java:2057 | End of Book{CRASH_COMPLEXION_p010}
2026-03-28 09:52:20,161 INFO [CRASH_COMPLEXION_p010]            SheetStub.java:1000 | Loaded /sheet#1/sheet#1.xml
2026-03-28 09:52:21,271 INFO [CRASH_COMPLEXION_p010]      PartwiseBuilder.java:2706 | Exporting sheet(s): [#1]
2026-03-28 09:52:21,449 INFO [CRASH_COMPLEXION_p010]        ScoreExporter.java:164  | Score CRASH_COMPLEXION_p010 exported to C:\Users\ken\RockSmithTabConvertToMidi\tmp\crash_cache_v4_repeat\page_010\omr\CRASH_COMPLEXION_p010.mxl
2026-03-28 09:52:21,534 INFO [CRASH_COMPLEXION_p010]                Score.java:181  | Closing {Score 1}
