2026-03-28 10:10:49,071 INFO [CRASH_COMPLEXION_p004]                 Book.java:560  | 1 sheet in C:\Users\ken\RockSmithTabConvertToMidi\tmp\crash_cache_v5_crosspage\page_004\preprocess\CRASH_COMPLEXION_p004.png
2026-03-28 10:10:49,303 INFO []                 Book.java:2565 | Stored /book.xml
2026-03-28 10:10:49,304 INFO []                 Book.java:2525 | Book stored as tmp\crash_cache_v5_crosspage\page_004\omr\CRASH_COMPLEXION_p004.omr
2026-03-28 10:10:49,314 INFO []                 Book.java:1929 | Book reaching CHORDS on sheets:[#1]
2026-03-28 10:10:49,317 INFO [CRASH_COMPLEXION_p004]       StepMonitoring.java:98   | LOAD
2026-03-28 10:10:49,494 INFO [CRASH_COMPLEXION_p004]            SheetStub.java:1278 | Loaded image #1 2324x3186 from C:\Users\ken\RockSmithTabConvertToMidi\tmp\crash_cache_v5_crosspage\page_004\preprocess\CRASH_COMPLEXION_p004.png
2026-03-28 10:10:49,504 INFO [CRASH_COMPLEXION_p004]                 Book.java:2565 | Stored /book.xml
2026-03-28 10:10:49,681 INFO [CRASH_COMPLEXION_p004]           DataHolder.java:348  | Stored /sheet#1/GRAY.png
2026-03-28 10:10:49,992 INFO [CRASH_COMPLEXION_p004]                Sheet.java:1583 | Stored /sheet#1/sheet#1.xml
2026-03-28 10:10:49,998 INFO [CRASH_COMPLEXION_p004]       StepMonitoring.java:98   | BINARY
2026-03-28 10:10:50,853 INFO [CRASH_COMPLEXION_p004]                 Book.java:2565 | Stored /book.xml
2026-03-28 10:10:50,855 INFO [CRASH_COMPLEXION_p004]           DataHolder.java:256  | Removed /sheet#1/GRAY.png
2026-03-28 10:10:50,984 INFO [CRASH_COMPLEXION_p004]           DataHolder.java:348  | Stored /sheet#1/BINARY.png
2026-03-28 10:10:50,987 INFO [CRASH_COMPLEXION_p004]                Sheet.java:1583 | Stored /sheet#1/sheet#1.xml
2026-03-28 10:10:50,993 INFO [CRASH_COMPLEXION_p004]       StepMonitoring.java:98   | SCALE
2026-03-28 10:10:51,042 INFO [CRASH_COMPLEXION_p004]         ScaleBuilder.java:241  | Beam  guessed height:  8 -- 0.50 of 16 interline
2026-03-28 10:10:51,045 INFO [CRASH_COMPLEXION_p004]         ScaleBuilder.java:264  | Beam measured height:  8 -- 0.27 of [5..16] range at 260% of needed quorum
2026-03-28 10:10:51,046 INFO [CRASH_COMPLEXION_p004]         ScaleBuilder.java:392  | Normalized black jitter: 5.88 %
2026-03-28 10:10:51,046 INFO [CRASH_COMPLEXION_p004]            ScaleStep.java:65   | Scale{ small_interline(13,13,14) interline(16,17,19) line(2,3,3) beam(8)}
2026-03-28 10:10:51,053 INFO [CRASH_COMPLEXION_p004]                 Book.java:2565 | Stored /book.xml
2026-03-28 10:10:51,059 INFO [CRASH_COMPLEXION_p004]                Sheet.java:1583 | Stored /sheet#1/sheet#1.xml
2026-03-28 10:10:51,066 INFO [CRASH_COMPLEXION_p004]       StepMonitoring.java:98   | GRID
2026-03-28 10:10:55,179 INFO [CRASH_COMPLEXION_p004]       LinesRetriever.java:1500 | Global slope: 0.00596
2026-03-28 10:10:55,290 INFO [CRASH_COMPLEXION_p004]    ClustersRetriever.java:326  | Retrieved raw line clusters: 4 of sizes [6] with interline(16,17,19)
2026-03-28 10:10:55,298 INFO [CRASH_COMPLEXION_p004]       LinesRetriever.java:1516 | Searching clusters with smallInterline: 13
2026-03-28 10:10:55,384 INFO [CRASH_COMPLEXION_p004]    ClustersRetriever.java:326  | Retrieved raw line clusters: 12 of sizes [5] with interline(13,13,14)
2026-03-28 10:10:55,987 INFO [CRASH_COMPLEXION_p004]            PeakGraph.java:310  | Systems: #1[1, 2, 3, 4, 5, 6, 7, 8] #2[9, 10, 11, 12, 13, 14, 15, 16]
2026-03-28 10:10:56,129 INFO [CRASH_COMPLEXION_p004]        BarsRetriever.java:1305 | System#1
2026-03-28 10:10:56,130 INFO [CRASH_COMPLEXION_p004]        BarsRetriever.java:1308 |    PartGroup{bracket number:1 barline:false staves:1-8}
2026-03-28 10:10:56,132 INFO [CRASH_COMPLEXION_p004]        BarsRetriever.java:1305 | System#2
2026-03-28 10:10:56,132 INFO [CRASH_COMPLEXION_p004]        BarsRetriever.java:1308 |    PartGroup{bracket number:1 barline:false staves:9-16}
2026-03-28 10:10:57,272 INFO [CRASH_COMPLEXION_p004]        SystemManager.java:779  | 8 parts along 2 systems, 2 tablatures
2026-03-28 10:10:57,274 INFO [CRASH_COMPLEXION_p004]                 Book.java:543  | Created scores: [{Score 1}]
2026-03-28 10:10:57,287 INFO [CRASH_COMPLEXION_p004]                 Book.java:2565 | Stored /book.xml
2026-03-28 10:10:58,127 INFO [CRASH_COMPLEXION_p004]                Sheet.java:1583 | Stored /sheet#1/sheet#1.xml
2026-03-28 10:10:58,135 INFO [CRASH_COMPLEXION_p004]       StepMonitoring.java:98   | HEADERS
2026-03-28 10:11:00,004 INFO [CRASH_COMPLEXION_p004]                 Book.java:2565 | Stored /book.xml
2026-03-28 10:11:00,341 INFO [CRASH_COMPLEXION_p004]                Sheet.java:1583 | Stored /sheet#1/sheet#1.xml
2026-03-28 10:11:00,350 INFO [CRASH_COMPLEXION_p004]       StepMonitoring.java:98   | STEM_SEEDS
2026-03-28 10:11:00,492 INFO [CRASH_COMPLEXION_p004]        StemSeedsStep.java:86   | stem(3 max:5)
2026-03-28 10:11:00,628 INFO [CRASH_COMPLEXION_p004]                 Book.java:2565 | Stored /book.xml
2026-03-28 10:11:00,940 INFO [CRASH_COMPLEXION_p004]                Sheet.java:1583 | Stored /sheet#1/sheet#1.xml
2026-03-28 10:11:00,951 INFO [CRASH_COMPLEXION_p004]       StepMonitoring.java:98   | BEAMS
2026-03-28 10:11:04,004 INFO [CRASH_COMPLEXION_p004]                 Book.java:2565 | Stored /book.xml
2026-03-28 10:11:04,142 INFO [CRASH_COMPLEXION_p004]           DataHolder.java:348  | Stored /sheet#1/HEAD_SPOTS.png
2026-03-28 10:11:04,921 INFO [CRASH_COMPLEXION_p004]                Sheet.java:1583 | Stored /sheet#1/sheet#1.xml
2026-03-28 10:11:04,927 INFO [CRASH_COMPLEXION_p004]       StepMonitoring.java:98   | LEDGERS
2026-03-28 10:11:05,662 INFO [CRASH_COMPLEXION_p004]                 Book.java:2565 | Stored /book.xml
2026-03-28 10:11:06,187 INFO [CRASH_COMPLEXION_p004]                Sheet.java:1583 | Stored /sheet#1/sheet#1.xml
2026-03-28 10:11:06,192 INFO [CRASH_COMPLEXION_p004]       StepMonitoring.java:98   | HEADS
2026-03-28 10:11:07,104 INFO [CRASH_COMPLEXION_p004]      TemplateFactory.java:940  | Rebuilding BREVE_SMALL template at resolution 104
2026-03-28 10:11:07,112 INFO [CRASH_COMPLEXION_p004]      TemplateFactory.java:940  | Rebuilding WHOLE_NOTE_SMALL template at resolution 104
2026-03-28 10:11:12,645 INFO [CRASH_COMPLEXION_p004]        HeadSeedTally.java:235  | Scale information: HeadSeeds{NOTEHEAD_VOID[R:-0.4] NOTEHEAD_VOID_SMALL[R:-0.4] NOTEHEAD_BLACK[L:0.7,R:0.4] NOTEHEAD_BLACK_SMALL[L:0.1,R:1.0]}
2026-03-28 10:11:12,651 INFO [CRASH_COMPLEXION_p004]                 Book.java:2565 | Stored /book.xml
2026-03-28 10:11:12,652 INFO [CRASH_COMPLEXION_p004]           DataHolder.java:256  | Removed /sheet#1/HEAD_SPOTS.png
2026-03-28 10:11:13,855 INFO [CRASH_COMPLEXION_p004]                Sheet.java:1583 | Stored /sheet#1/sheet#1.xml
2026-03-28 10:11:13,862 INFO [CRASH_COMPLEXION_p004]       StepMonitoring.java:98   | STEMS
2026-03-28 10:11:23,679 INFO [CRASH_COMPLEXION_p004]                 Book.java:2565 | Stored /book.xml
2026-03-28 10:11:25,587 INFO [CRASH_COMPLEXION_p004]                Sheet.java:1583 | Stored /sheet#1/sheet#1.xml
2026-03-28 10:11:25,593 INFO [CRASH_COMPLEXION_p004]       StepMonitoring.java:98   | REDUCTION
2026-03-28 10:11:26,456 INFO [CRASH_COMPLEXION_p004]        ReductionStep.java:105  | Stems free length median value: 43 pixels, 2.5 interlines
2026-03-28 10:11:26,476 INFO [CRASH_COMPLEXION_p004]                 Book.java:2565 | Stored /book.xml
2026-03-28 10:11:26,996 INFO [CRASH_COMPLEXION_p004]                Sheet.java:1583 | Stored /sheet#1/sheet#1.xml
2026-03-28 10:11:27,008 INFO [CRASH_COMPLEXION_p004]       StepMonitoring.java:98   | CUE_BEAMS
2026-03-28 10:11:27,044 INFO [CRASH_COMPLEXION_p004]                 Book.java:2565 | Stored /book.xml
2026-03-28 10:11:27,529 INFO [CRASH_COMPLEXION_p004]                Sheet.java:1583 | Stored /sheet#1/sheet#1.xml
2026-03-28 10:11:27,537 INFO [CRASH_COMPLEXION_p004]       StepMonitoring.java:98   | TEXTS
2026-03-28 10:11:27,895 WARN [CRASH_COMPLEXION_p004]         TesseractOCR.java:335  | The collection of supported languages is empty
2026-03-28 10:11:27,895 INFO [CRASH_COMPLEXION_p004]              OcrUtil.java:106  | Missing support for 'eng' language(s)
2026-03-28 10:11:27,912 INFO [CRASH_COMPLEXION_p004]                 Book.java:2565 | Stored /book.xml
2026-03-28 10:11:28,232 INFO [CRASH_COMPLEXION_p004]                Sheet.java:1583 | Stored /sheet#1/sheet#1.xml
2026-03-28 10:11:28,241 INFO [CRASH_COMPLEXION_p004]       StepMonitoring.java:98   | MEASURES
2026-03-28 10:11:28,257 INFO [CRASH_COMPLEXION_p004]                 Page.java:307  | 7 raw measures: [3 in system#1, 4 in system#2]
2026-03-28 10:11:28,265 INFO [CRASH_COMPLEXION_p004]                 Book.java:2565 | Stored /book.xml
2026-03-28 10:11:28,662 INFO [CRASH_COMPLEXION_p004]                Sheet.java:1583 | Stored /sheet#1/sheet#1.xml
2026-03-28 10:11:28,669 INFO [CRASH_COMPLEXION_p004]       StepMonitoring.java:98   | CHORDS
2026-03-28 10:11:28,696 INFO [CRASH_COMPLEXION_p004]                 Book.java:2565 | Stored /book.xml
2026-03-28 10:11:29,111 INFO [CRASH_COMPLEXION_p004]                Sheet.java:1583 | Stored /sheet#1/sheet#1.xml
2026-03-28 10:11:29,117 INFO [CRASH_COMPLEXION_p004]            SheetStub.java:1654 | Sheet disposed
2026-03-28 10:11:29,168 INFO [CRASH_COMPLEXION_p004]                 Book.java:2050 | End of Stub#1
2026-03-28 10:11:29,170 INFO [CRASH_COMPLEXION_p004]                 Book.java:2057 | End of Book{CRASH_COMPLEXION_p004}
2026-03-28 10:11:29,212 INFO [CRASH_COMPLEXION_p004]                Score.java:181  | Closing {Score 1}
