2026-03-28 10:17:32,755 INFO [CRASH_COMPLEXION_p009]                 Book.java:1929 | Book reaching PAGE on sheets:[#1]
2026-03-28 10:17:32,758 INFO [CRASH_COMPLEXION_p009]       StepMonitoring.java:98   | SYMBOLS
2026-03-28 10:17:35,340 INFO [CRASH_COMPLEXION_p009]            SheetStub.java:1000 | Loaded /sheet#1/sheet#1.xml
2026-03-28 10:17:35,596 INFO [CRASH_COMPLEXION_p009]      TemplateFactory.java:940  | Rebuilding WHOLE_NOTE_SMALL template at resolution 112
2026-03-28 10:17:39,985 INFO [CRASH_COMPLEXION_p009]       StepMonitoring.java:98   | LINKS
2026-03-28 10:17:40,018 INFO [CRASH_COMPLEXION_p009]             KeyInter.java:1322 | Key built KeyInter#11698{(0.675) staff:2 KEY_FLAT_1 pitch:0.5 fifths:-1}
2026-03-28 10:17:40,207 INFO [CRASH_COMPLEXION_p009]             KeyInter.java:1189 | No effective key before AlterInter#11432{(0.274) staff:16 NATURAL pitch:5.0}
2026-03-28 10:17:40,247 INFO [CRASH_COMPLEXION_p009]       StepMonitoring.java:98   | RHYTHMS
2026-03-28 10:17:40,436 INFO [CRASH_COMPLEXION_p009]       StepMonitoring.java:98   | PAGE
2026-03-28 10:17:40,443 WARN [CRASH_COMPLEXION_p009]         MeasureFixer.java:343  | System#1 No target duration for measures local IDs [1, 2, 3, 4, 5], please check time signatures
2026-03-28 10:17:40,444 WARN [CRASH_COMPLEXION_p009]         MeasureFixer.java:343  | System#2 No target duration for measures local IDs [6, 7, 8], please check time signatures
2026-03-28 10:17:40,447 INFO [CRASH_COMPLEXION_p009]                 Book.java:2584 | Book{CRASH_COMPLEXION_p009} storing
2026-03-28 10:17:40,564 INFO [CRASH_COMPLEXION_p009]                 Book.java:2565 | Stored /book.xml
2026-03-28 10:17:41,821 INFO [CRASH_COMPLEXION_p009]                Sheet.java:1583 | Stored /sheet#1/sheet#1.xml
2026-03-28 10:17:41,822 INFO [CRASH_COMPLEXION_p009]                 Book.java:2525 | Book stored as C:\Users\ken\RockSmithTabConvertToMidi\tmp\crash_cache_v5_crosspage\page_009\omr\CRASH_COMPLEXION_p009.omr
2026-03-28 10:17:41,830 INFO [CRASH_COMPLEXION_p009]            SheetStub.java:1654 | Sheet disposed
2026-03-28 10:17:41,867 INFO [CRASH_COMPLEXION_p009]                 Book.java:2050 | End of Stub#1
2026-03-28 10:17:41,868 INFO [CRASH_COMPLEXION_p009]                 Book.java:2057 | End of Book{CRASH_COMPLEXION_p009}
2026-03-28 10:17:42,753 INFO [CRASH_COMPLEXION_p009]            SheetStub.java:1000 | Loaded /sheet#1/sheet#1.xml
2026-03-28 10:17:43,548 INFO [CRASH_COMPLEXION_p009]      PartwiseBuilder.java:2706 | Exporting sheet(s): [#1]
2026-03-28 10:17:43,569 WARN [CRASH_COMPLEXION_p009]      PartwiseBuilder.java:1718 | Error visiting FermataInter#11174{(0.689/0.915) staff:3 FERMATA} in {Page#1.1}
java.lang.NullPointerException: Cannot invoke "org.audiveris.omr.sig.inter.AbstractNoteInter.getStaff()" because "this.current.note" is null
	at org.audiveris.omr.score.PartwiseBuilder.processFermata(PartwiseBuilder.java:1704)
	at org.audiveris.omr.score.PartwiseBuilder.processBarline(PartwiseBuilder.java:1293)
	at org.audiveris.omr.score.PartwiseBuilder.processMeasure(PartwiseBuilder.java:2163)
	at org.audiveris.omr.score.PartwiseBuilder.processPart(PartwiseBuilder.java:2677)
	at org.audiveris.omr.score.PartwiseBuilder.processSystem(PartwiseBuilder.java:3222)
	at org.audiveris.omr.score.PartwiseBuilder.processLogicalPart(PartwiseBuilder.java:1874)
	at org.audiveris.omr.score.PartwiseBuilder.processStub(PartwiseBuilder.java:3173)
	at org.audiveris.omr.score.PartwiseBuilder.processPartList(PartwiseBuilder.java:2709)
	at org.audiveris.omr.score.PartwiseBuilder.processScore(PartwiseBuilder.java:2984)
	at org.audiveris.omr.score.PartwiseBuilder.build(PartwiseBuilder.java:3542)
	at org.audiveris.omr.score.ScoreExporter.export(ScoreExporter.java:122)
	at org.audiveris.omr.score.ScoreExporter.export(ScoreExporter.java:163)
	at org.audiveris.omr.sheet.Book.export(Book.java:630)
	at org.audiveris.omr.CLI$ProcessingTask.processBook(CLI.java:927)
	at org.audiveris.omr.CLI$CliTask.call(CLI.java:513)
	at org.audiveris.omr.Main.runBatchTasks(Main.java:361)
	at org.audiveris.omr.Main.main(Main.java:263)
	at Audiveris.main(Audiveris.java:50)
2026-03-28 10:17:43,715 INFO [CRASH_COMPLEXION_p009]        ScoreExporter.java:164  | Score CRASH_COMPLEXION_p009 exported to C:\Users\ken\RockSmithTabConvertToMidi\tmp\crash_cache_v5_crosspage\page_009\omr\CRASH_COMPLEXION_p009.mxl
2026-03-28 10:17:43,824 INFO [CRASH_COMPLEXION_p009]                Score.java:181  | Closing {Score 1}
