2026-03-28 10:06:24,922 INFO [CRASH_COMPLEXION_p001]                 Book.java:560  | 1 sheet in C:\Users\ken\RockSmithTabConvertToMidi\tmp\crash_cache_v5_crosspage\page_001\preprocess\CRASH_COMPLEXION_p001.png
2026-03-28 10:06:25,395 INFO []                 Book.java:2565 | Stored /book.xml
2026-03-28 10:06:25,396 INFO []                 Book.java:2525 | Book stored as tmp\crash_cache_v5_crosspage\page_001\omr\CRASH_COMPLEXION_p001.omr
2026-03-28 10:06:25,419 INFO []                 Book.java:1929 | Book reaching PAGE on sheets:[#1]
2026-03-28 10:06:25,423 INFO [CRASH_COMPLEXION_p001]       StepMonitoring.java:98   | LOAD
2026-03-28 10:06:26,052 INFO [CRASH_COMPLEXION_p001]            SheetStub.java:1278 | Loaded image #1 2294x3372 from C:\Users\ken\RockSmithTabConvertToMidi\tmp\crash_cache_v5_crosspage\page_001\preprocess\CRASH_COMPLEXION_p001.png
2026-03-28 10:06:26,056 INFO [CRASH_COMPLEXION_p001]       StepMonitoring.java:98   | BINARY
2026-03-28 10:06:27,258 INFO [CRASH_COMPLEXION_p001]       StepMonitoring.java:98   | SCALE
2026-03-28 10:06:27,323 INFO [CRASH_COMPLEXION_p001]         ScaleBuilder.java:241  | Beam  guessed height:  8 -- 0.50 of 16 interline
2026-03-28 10:06:27,326 INFO [CRASH_COMPLEXION_p001]         ScaleBuilder.java:264  | Beam measured height:  8 -- 0.27 of [5..16] range at 333% of needed quorum
2026-03-28 10:06:27,327 INFO [CRASH_COMPLEXION_p001]         ScaleBuilder.java:392  | Normalized black jitter: 17.65 %
2026-03-28 10:06:27,328 INFO [CRASH_COMPLEXION_p001]            ScaleStep.java:65   | Scale{ small_interline(13,13,14) interline(16,17,19) line(1,3,4) small_beam(8) beam(11)}
2026-03-28 10:06:27,331 INFO [CRASH_COMPLEXION_p001]       StepMonitoring.java:98   | GRID
2026-03-28 10:06:33,083 INFO [CRASH_COMPLEXION_p001]       LinesRetriever.java:1500 | Global slope: 0.00022
2026-03-28 10:06:33,278 INFO [CRASH_COMPLEXION_p001]    ClustersRetriever.java:326  | Retrieved raw line clusters: 2 of sizes [6] with interline(16,17,19)
2026-03-28 10:06:33,281 INFO [CRASH_COMPLEXION_p001]       LinesRetriever.java:1516 | Searching clusters with smallInterline: 13
2026-03-28 10:06:33,365 INFO [CRASH_COMPLEXION_p001]    ClustersRetriever.java:326  | Retrieved raw line clusters: 6 of sizes [5] with interline(13,13,14)
2026-03-28 10:06:37,249 INFO [CRASH_COMPLEXION_p001]            PeakGraph.java:310  | Systems: #1[1, 2, 3, 4, 5, 6, 7, 8]
2026-03-28 10:06:38,108 INFO [CRASH_COMPLEXION_p001]        BarsRetriever.java:1305 | System#1
2026-03-28 10:06:38,109 INFO [CRASH_COMPLEXION_p001]        BarsRetriever.java:1308 |    PartGroup{bracket number:1 barline:false staves:1-8}
2026-03-28 10:06:45,056 INFO [CRASH_COMPLEXION_p001]        SystemManager.java:779  | 8 parts along 1 system, 2 tablatures
2026-03-28 10:06:45,057 INFO [CRASH_COMPLEXION_p001]                 Book.java:543  | Created scores: [{Score 1}]
2026-03-28 10:06:45,060 INFO [CRASH_COMPLEXION_p001]       StepMonitoring.java:98   | HEADERS
2026-03-28 10:06:47,430 INFO [CRASH_COMPLEXION_p001]       StepMonitoring.java:98   | STEM_SEEDS
2026-03-28 10:06:47,624 INFO [CRASH_COMPLEXION_p001]        StemSeedsStep.java:86   | stem(3 max:4)
2026-03-28 10:06:48,051 INFO [CRASH_COMPLEXION_p001]       StepMonitoring.java:98   | BEAMS
2026-03-28 10:06:52,299 INFO [CRASH_COMPLEXION_p001]       StepMonitoring.java:98   | LEDGERS
2026-03-28 10:07:09,680 INFO [CRASH_COMPLEXION_p001]       StepMonitoring.java:98   | HEADS
2026-03-28 10:07:10,793 INFO [CRASH_COMPLEXION_p001]      TemplateFactory.java:940  | Rebuilding BREVE_SMALL template at resolution 104
2026-03-28 10:07:10,802 INFO [CRASH_COMPLEXION_p001]      TemplateFactory.java:940  | Rebuilding WHOLE_NOTE_SMALL template at resolution 104
2026-03-28 10:07:14,022 INFO [CRASH_COMPLEXION_p001]        HeadSeedTally.java:235  | Scale information: HeadSeeds{NOTEHEAD_BLACK[R:0.3] NOTEHEAD_BLACK_SMALL[R:1.1]}
2026-03-28 10:07:14,023 INFO [CRASH_COMPLEXION_p001]       StepMonitoring.java:98   | STEMS
2026-03-28 10:07:23,203 INFO [CRASH_COMPLEXION_p001]       StepMonitoring.java:98   | REDUCTION
2026-03-28 10:07:23,710 INFO [CRASH_COMPLEXION_p001]       BeamGroupInter.java:1123 | Separating beams SmallBeamInter#2275{(0.555/0.765) BEAM_SMALL} and SmallBeamInter#2277{(0.535/0.754) BEAM_SMALL}
2026-03-28 10:07:23,716 INFO [CRASH_COMPLEXION_p001]       BeamGroupInter.java:1123 | Separating beams SmallBeamInter#2283{(0.650/0.842) BEAM_SMALL} and SmallBeamInter#2306{(0.627/0.832) BEAM_SMALL}
2026-03-28 10:07:23,718 INFO [CRASH_COMPLEXION_p001]        ReductionStep.java:105  | Stems free length median value: 79 pixels, 4.6 interlines
2026-03-28 10:07:23,732 INFO [CRASH_COMPLEXION_p001]       StepMonitoring.java:98   | CUE_BEAMS
2026-03-28 10:07:23,732 INFO [CRASH_COMPLEXION_p001]         CueBeamsStep.java:86   | Step CUE_BEAMS is skipped because small beams have been processed
2026-03-28 10:07:23,733 INFO [CRASH_COMPLEXION_p001]       StepMonitoring.java:98   | TEXTS
2026-03-28 10:07:24,555 WARN [CRASH_COMPLEXION_p001]         TesseractOCR.java:335  | The collection of supported languages is empty
2026-03-28 10:07:24,556 INFO [CRASH_COMPLEXION_p001]              OcrUtil.java:106  | Missing support for 'eng' language(s)
2026-03-28 10:07:24,573 INFO [CRASH_COMPLEXION_p001]       StepMonitoring.java:98   | MEASURES
2026-03-28 10:07:24,591 INFO [CRASH_COMPLEXION_p001]                 Page.java:307  | 4 raw measures: [4 in system#1]
2026-03-28 10:07:24,591 INFO [CRASH_COMPLEXION_p001]       StepMonitoring.java:98   | CHORDS
2026-03-28 10:07:24,619 INFO [CRASH_COMPLEXION_p001]       StepMonitoring.java:98   | CURVES
2026-03-28 10:07:27,450 INFO [CRASH_COMPLEXION_p001]         SlursBuilder.java:240  | Slurs: 9
2026-03-28 10:07:28,388 INFO [CRASH_COMPLEXION_p001]      SegmentsBuilder.java:155  | Segments: 11
2026-03-28 10:07:28,653 INFO [CRASH_COMPLEXION_p001]       StepMonitoring.java:98   | SYMBOLS
2026-03-28 10:07:32,873 INFO [CRASH_COMPLEXION_p001]       StepMonitoring.java:98   | LINKS
2026-03-28 10:07:32,887 INFO [CRASH_COMPLEXION_p001]        SymbolsLinker.java:258  | No chord linked to OctaveShiftInter#7785{(0.133) staff:1 QUINDICESIMA ALTA} at java.awt.Point[x=258,y=1236]
2026-03-28 10:07:32,889 INFO [CRASH_COMPLEXION_p001]        SymbolsLinker.java:258  | No chord linked to OctaveShiftInter#7957{(0.121) staff:1 QUINDICESIMA ALTA} at java.awt.Point[x=789,y=1353]
2026-03-28 10:07:32,890 INFO [CRASH_COMPLEXION_p001]        SymbolsLinker.java:258  | No chord linked to OctaveShiftInter#8037{(0.273) staff:1 OTTAVA ALTA} at java.awt.Point[x=830,y=709]
2026-03-28 10:07:32,890 INFO [CRASH_COMPLEXION_p001]        SymbolsLinker.java:258  | No chord linked to OctaveShiftInter#8049{(0.136) staff:1 QUINDICESIMA ALTA} at java.awt.Point[x=931,y=1353]
2026-03-28 10:07:32,891 INFO [CRASH_COMPLEXION_p001]        SymbolsLinker.java:258  | No chord linked to OctaveShiftInter#8285{(0.161) staff:1 QUINDICESIMA ALTA} at java.awt.Point[x=1604,y=1176]
2026-03-28 10:07:32,891 INFO [CRASH_COMPLEXION_p001]        SymbolsLinker.java:258  | No chord linked to OctaveShiftInter#8378{(0.132) staff:1 VENTIDUESIMA ALTA} at java.awt.Point[x=1623,y=998]
2026-03-28 10:07:32,993 INFO [CRASH_COMPLEXION_p001]       StepMonitoring.java:98   | RHYTHMS
2026-03-28 10:07:33,050 INFO [CRASH_COMPLEXION_p001]       StepMonitoring.java:98   | PAGE
2026-03-28 10:07:33,055 WARN [CRASH_COMPLEXION_p001]         MeasureFixer.java:343  | System#1 No target duration for measures local IDs [1, 2, 3, 4], please check time signatures
2026-03-28 10:07:33,057 INFO [CRASH_COMPLEXION_p001]                 Book.java:2584 | Book{CRASH_COMPLEXION_p001} storing
2026-03-28 10:07:33,266 INFO [CRASH_COMPLEXION_p001]                 Book.java:2565 | Stored /book.xml
2026-03-28 10:07:33,617 INFO [CRASH_COMPLEXION_p001]           DataHolder.java:348  | Stored /sheet#1/BINARY.png
2026-03-28 10:07:35,823 INFO [CRASH_COMPLEXION_p001]                Sheet.java:1583 | Stored /sheet#1/sheet#1.xml
2026-03-28 10:07:35,824 INFO [CRASH_COMPLEXION_p001]                 Book.java:2525 | Book stored as tmp\crash_cache_v5_crosspage\page_001\omr\CRASH_COMPLEXION_p001.omr
2026-03-28 10:07:35,831 INFO [CRASH_COMPLEXION_p001]            SheetStub.java:1654 | Sheet disposed
2026-03-28 10:07:35,880 INFO [CRASH_COMPLEXION_p001]                 Book.java:2050 | End of Stub#1
2026-03-28 10:07:35,881 INFO [CRASH_COMPLEXION_p001]                 Book.java:2057 | End of Book{CRASH_COMPLEXION_p001}
2026-03-28 10:07:42,021 INFO [CRASH_COMPLEXION_p001]            SheetStub.java:1000 | Loaded /sheet#1/sheet#1.xml
2026-03-28 10:07:42,818 INFO [CRASH_COMPLEXION_p001]      PartwiseBuilder.java:2706 | Exporting sheet(s): [#1]
2026-03-28 10:07:43,009 INFO [CRASH_COMPLEXION_p001]        ScoreExporter.java:164  | Score CRASH_COMPLEXION_p001 exported to tmp\crash_cache_v5_crosspage\page_001\omr\CRASH_COMPLEXION_p001.mxl
2026-03-28 10:07:43,181 INFO [CRASH_COMPLEXION_p001]                Score.java:181  | Closing {Score 1}
