2026-03-27 17:28:43,207 INFO [CRASH_COMPLEXION_p002]                 Book.java:560  | 1 sheet in C:\Users\ken\RockSmithTabConvertToMidi\tmp\crash_cache\page_002\preprocess\CRASH_COMPLEXION_p002.png
2026-03-27 17:28:43,614 INFO []                 Book.java:2565 | Stored /book.xml
2026-03-27 17:28:43,615 INFO []                 Book.java:2525 | Book stored as tmp\crash_cache\page_002\omr\CRASH_COMPLEXION_p002.omr
2026-03-27 17:28:43,635 INFO []                 Book.java:1929 | Book reaching PAGE on sheets:[#1]
2026-03-27 17:28:43,638 INFO [CRASH_COMPLEXION_p002]       StepMonitoring.java:98   | LOAD
2026-03-27 17:28:43,934 INFO [CRASH_COMPLEXION_p002]            SheetStub.java:1278 | Loaded image #1 2311x3159 from C:\Users\ken\RockSmithTabConvertToMidi\tmp\crash_cache\page_002\preprocess\CRASH_COMPLEXION_p002.png
2026-03-27 17:28:43,941 INFO [CRASH_COMPLEXION_p002]       StepMonitoring.java:98   | BINARY
2026-03-27 17:28:45,486 INFO [CRASH_COMPLEXION_p002]       StepMonitoring.java:98   | SCALE
2026-03-27 17:28:45,545 INFO [CRASH_COMPLEXION_p002]         ScaleBuilder.java:241  | Beam  guessed height:  8 -- 0.50 of 16 interline
2026-03-27 17:28:45,547 INFO [CRASH_COMPLEXION_p002]         ScaleBuilder.java:264  | Beam measured height:  8 -- 0.27 of [5..16] range at 327% of needed quorum
2026-03-27 17:28:45,548 INFO [CRASH_COMPLEXION_p002]         ScaleBuilder.java:392  | Normalized black jitter: 11.76 %
2026-03-27 17:28:45,549 INFO [CRASH_COMPLEXION_p002]            ScaleStep.java:65   | Scale{ small_interline(13,14,14) interline(16,17,19) line(2,3,4) beam(8)}
2026-03-27 17:28:45,550 INFO [CRASH_COMPLEXION_p002]       StepMonitoring.java:98   | GRID
2026-03-27 17:28:52,250 INFO [CRASH_COMPLEXION_p002]       LinesRetriever.java:1500 | Global slope: 0.00217
2026-03-27 17:28:52,396 INFO [CRASH_COMPLEXION_p002]    ClustersRetriever.java:326  | Retrieved raw line clusters: 4 of sizes [6] with interline(16,17,19)
2026-03-27 17:28:52,407 INFO [CRASH_COMPLEXION_p002]       LinesRetriever.java:1516 | Searching clusters with smallInterline: 14
2026-03-27 17:28:52,484 INFO [CRASH_COMPLEXION_p002]    ClustersRetriever.java:326  | Retrieved raw line clusters: 12 of sizes [5] with interline(13,14,14)
2026-03-27 17:28:53,778 INFO [CRASH_COMPLEXION_p002]            PeakGraph.java:310  | Systems: #1[1, 2, 3, 4, 5, 6, 7, 8] #2[9, 10, 11, 12, 13, 14, 15, 16]
2026-03-27 17:28:54,228 INFO [CRASH_COMPLEXION_p002]        BarsRetriever.java:1305 | System#1
2026-03-27 17:28:54,229 INFO [CRASH_COMPLEXION_p002]        BarsRetriever.java:1308 |    PartGroup{bracket number:1 barline:false staves:1-8}
2026-03-27 17:28:54,233 INFO [CRASH_COMPLEXION_p002]        BarsRetriever.java:1305 | System#2
2026-03-27 17:28:54,235 INFO [CRASH_COMPLEXION_p002]        BarsRetriever.java:1308 |    PartGroup{bracket number:1 barline:false staves:9-16}
2026-03-27 17:28:58,040 INFO [CRASH_COMPLEXION_p002]        SystemManager.java:779  | 8 parts along 2 systems, 2 tablatures
2026-03-27 17:28:58,042 INFO [CRASH_COMPLEXION_p002]                 Book.java:543  | Created scores: [{Score 1}]
2026-03-27 17:28:58,050 INFO [CRASH_COMPLEXION_p002]       StepMonitoring.java:98   | HEADERS
2026-03-27 17:29:01,823 INFO [CRASH_COMPLEXION_p002]       StepMonitoring.java:98   | STEM_SEEDS
2026-03-27 17:29:01,993 INFO [CRASH_COMPLEXION_p002]        StemSeedsStep.java:86   | stem(3 max:4)
2026-03-27 17:29:02,194 INFO [CRASH_COMPLEXION_p002]       StepMonitoring.java:98   | BEAMS
2026-03-27 17:29:07,925 INFO [CRASH_COMPLEXION_p002]       StepMonitoring.java:98   | LEDGERS
2026-03-27 17:29:10,178 INFO [CRASH_COMPLEXION_p002]       StepMonitoring.java:98   | HEADS
2026-03-27 17:29:12,467 INFO [CRASH_COMPLEXION_p002]      TemplateFactory.java:940  | Rebuilding BREVE_SMALL template at resolution 112
2026-03-27 17:29:12,479 INFO [CRASH_COMPLEXION_p002]      TemplateFactory.java:940  | Rebuilding WHOLE_NOTE_SMALL template at resolution 112
2026-03-27 17:29:28,975 INFO [CRASH_COMPLEXION_p002]        HeadSeedTally.java:235  | Scale information: HeadSeeds{NOTEHEAD_BLACK[L:0.9,R:0.4] NOTEHEAD_BLACK_SMALL[L:-0.5,R:0.6]}
2026-03-27 17:29:28,976 INFO [CRASH_COMPLEXION_p002]       StepMonitoring.java:98   | STEMS
2026-03-27 17:29:39,707 INFO [CRASH_COMPLEXION_p002]       StepMonitoring.java:98   | REDUCTION
2026-03-27 17:29:41,732 INFO [CRASH_COMPLEXION_p002]        ReductionStep.java:105  | Stems free length median value: 44 pixels, 2.6 interlines
2026-03-27 17:29:41,773 INFO [CRASH_COMPLEXION_p002]       StepMonitoring.java:98   | CUE_BEAMS
2026-03-27 17:29:41,835 INFO [CRASH_COMPLEXION_p002]       StepMonitoring.java:98   | TEXTS
2026-03-27 17:29:42,377 WARN [CRASH_COMPLEXION_p002]         TesseractOCR.java:335  | The collection of supported languages is empty
2026-03-27 17:29:42,377 INFO [CRASH_COMPLEXION_p002]              OcrUtil.java:106  | Missing support for 'eng' language(s)
2026-03-27 17:29:42,408 INFO [CRASH_COMPLEXION_p002]       StepMonitoring.java:98   | MEASURES
2026-03-27 17:29:42,436 INFO [CRASH_COMPLEXION_p002]                 Page.java:307  | 6 raw measures: [3 in system#1, 3 in system#2]
2026-03-27 17:29:42,437 INFO [CRASH_COMPLEXION_p002]       StepMonitoring.java:98   | CHORDS
2026-03-27 17:29:42,488 INFO [CRASH_COMPLEXION_p002]       StepMonitoring.java:98   | CURVES
2026-03-27 17:29:50,145 INFO [CRASH_COMPLEXION_p002]         SlursBuilder.java:240  | Slurs: 19
2026-03-27 17:29:56,864 INFO [CRASH_COMPLEXION_p002]      SegmentsBuilder.java:155  | Segments: 28
2026-03-27 17:29:57,138 INFO [CRASH_COMPLEXION_p002]       StepMonitoring.java:98   | SYMBOLS
2026-03-27 17:30:03,593 INFO [CRASH_COMPLEXION_p002]       StepMonitoring.java:98   | LINKS
2026-03-27 17:30:04,167 INFO [CRASH_COMPLEXION_p002]       StepMonitoring.java:98   | RHYTHMS
2026-03-27 17:30:04,455 INFO [CRASH_COMPLEXION_p002]       StepMonitoring.java:98   | PAGE
2026-03-27 17:30:04,474 WARN [CRASH_COMPLEXION_p002]         MeasureFixer.java:343  | System#1 No target duration for measures local IDs [1, 2, 3], please check time signatures
2026-03-27 17:30:04,477 WARN [CRASH_COMPLEXION_p002]         MeasureFixer.java:343  | System#2 No target duration for measures local IDs [4, 5, 6], please check time signatures
2026-03-27 17:30:04,480 INFO [CRASH_COMPLEXION_p002]                 Book.java:2584 | Book{CRASH_COMPLEXION_p002} storing
2026-03-27 17:30:04,791 INFO [CRASH_COMPLEXION_p002]                 Book.java:2565 | Stored /book.xml
2026-03-27 17:30:05,527 INFO [CRASH_COMPLEXION_p002]           DataHolder.java:348  | Stored /sheet#1/BINARY.png
2026-03-27 17:30:08,914 INFO [CRASH_COMPLEXION_p002]                Sheet.java:1583 | Stored /sheet#1/sheet#1.xml
2026-03-27 17:30:08,915 INFO [CRASH_COMPLEXION_p002]                 Book.java:2525 | Book stored as tmp\crash_cache\page_002\omr\CRASH_COMPLEXION_p002.omr
2026-03-27 17:30:08,923 INFO [CRASH_COMPLEXION_p002]            SheetStub.java:1654 | Sheet disposed
2026-03-27 17:30:09,005 INFO [CRASH_COMPLEXION_p002]                 Book.java:2050 | End of Stub#1
2026-03-27 17:30:09,007 INFO [CRASH_COMPLEXION_p002]                 Book.java:2057 | End of Book{CRASH_COMPLEXION_p002}
2026-03-27 17:30:12,158 INFO [CRASH_COMPLEXION_p002]            SheetStub.java:1000 | Loaded /sheet#1/sheet#1.xml
2026-03-27 17:30:13,799 INFO [CRASH_COMPLEXION_p002]      PartwiseBuilder.java:2706 | Exporting sheet(s): [#1]
2026-03-27 17:30:14,315 INFO [CRASH_COMPLEXION_p002]        ScoreExporter.java:164  | Score CRASH_COMPLEXION_p002 exported to tmp\crash_cache\page_002\omr\CRASH_COMPLEXION_p002.mxl
2026-03-27 17:30:14,473 INFO [CRASH_COMPLEXION_p002]                Score.java:181  | Closing {Score 1}
