2026-03-28 10:13:45,902 INFO [CRASH_COMPLEXION_p006]                 Book.java:560  | 1 sheet in C:\Users\ken\RockSmithTabConvertToMidi\tmp\crash_cache_v5_crosspage\page_006\preprocess\CRASH_COMPLEXION_p006.png
2026-03-28 10:13:46,138 INFO []                 Book.java:2565 | Stored /book.xml
2026-03-28 10:13:46,139 INFO []                 Book.java:2525 | Book stored as tmp\crash_cache_v5_crosspage\page_006\omr\CRASH_COMPLEXION_p006.omr
2026-03-28 10:13:46,148 INFO []                 Book.java:1929 | Book reaching PAGE on sheets:[#1]
2026-03-28 10:13:46,151 INFO [CRASH_COMPLEXION_p006]       StepMonitoring.java:98   | LOAD
2026-03-28 10:13:46,615 INFO [CRASH_COMPLEXION_p006]            SheetStub.java:1278 | Loaded image #1 2298x3160 from C:\Users\ken\RockSmithTabConvertToMidi\tmp\crash_cache_v5_crosspage\page_006\preprocess\CRASH_COMPLEXION_p006.png
2026-03-28 10:13:46,621 INFO [CRASH_COMPLEXION_p006]       StepMonitoring.java:98   | BINARY
2026-03-28 10:13:47,889 INFO [CRASH_COMPLEXION_p006]       StepMonitoring.java:98   | SCALE
2026-03-28 10:13:47,941 INFO [CRASH_COMPLEXION_p006]         ScaleBuilder.java:241  | Beam  guessed height:  8 -- 0.50 of 16 interline
2026-03-28 10:13:47,942 INFO [CRASH_COMPLEXION_p006]         ScaleBuilder.java:264  | Beam measured height:  8 -- 0.27 of [5..16] range at 373% of needed quorum
2026-03-28 10:13:47,943 INFO [CRASH_COMPLEXION_p006]         ScaleBuilder.java:392  | Normalized black jitter: 5.88 %
2026-03-28 10:13:47,944 INFO [CRASH_COMPLEXION_p006]            ScaleStep.java:65   | Scale{ small_interline(13,14,14) interline(16,17,19) line(2,3,3) beam(8)}
2026-03-28 10:13:47,945 INFO [CRASH_COMPLEXION_p006]       StepMonitoring.java:98   | GRID
2026-03-28 10:13:51,170 INFO [CRASH_COMPLEXION_p006]       LinesRetriever.java:1500 | Global slope: -0.00398
2026-03-28 10:13:51,277 INFO [CRASH_COMPLEXION_p006]    ClustersRetriever.java:326  | Retrieved raw line clusters: 4 of sizes [6] with interline(16,17,19)
2026-03-28 10:13:51,280 INFO [CRASH_COMPLEXION_p006]       LinesRetriever.java:1516 | Searching clusters with smallInterline: 14
2026-03-28 10:13:51,537 INFO [CRASH_COMPLEXION_p006]    ClustersRetriever.java:326  | Retrieved raw line clusters: 12 of sizes [5] with interline(13,14,14)
2026-03-28 10:13:52,747 INFO [CRASH_COMPLEXION_p006]            PeakGraph.java:310  | Systems: #1[1, 2, 3, 4, 5, 6, 7, 8] #2[9, 10, 11, 12, 13, 14, 15, 16]
2026-03-28 10:13:52,911 INFO [CRASH_COMPLEXION_p006]        BarsRetriever.java:1305 | System#1
2026-03-28 10:13:52,912 INFO [CRASH_COMPLEXION_p006]        BarsRetriever.java:1308 |    PartGroup{bracket number:1 barline:false staves:1-8}
2026-03-28 10:13:52,913 INFO [CRASH_COMPLEXION_p006]        BarsRetriever.java:1305 | System#2
2026-03-28 10:13:52,913 INFO [CRASH_COMPLEXION_p006]        BarsRetriever.java:1308 |    PartGroup{bracket number:1 barline:false staves:9-16}
2026-03-28 10:13:54,252 INFO [CRASH_COMPLEXION_p006]        SystemManager.java:779  | 8 parts along 2 systems, 2 tablatures
2026-03-28 10:13:54,253 INFO [CRASH_COMPLEXION_p006]                 Book.java:543  | Created scores: [{Score 1}]
2026-03-28 10:13:54,254 INFO [CRASH_COMPLEXION_p006]       StepMonitoring.java:98   | HEADERS
2026-03-28 10:13:56,315 INFO [CRASH_COMPLEXION_p006]       StepMonitoring.java:98   | STEM_SEEDS
2026-03-28 10:13:56,430 INFO [CRASH_COMPLEXION_p006]        StemSeedsStep.java:86   | stem(3 max:4)
2026-03-28 10:13:56,551 INFO [CRASH_COMPLEXION_p006]       StepMonitoring.java:98   | BEAMS
2026-03-28 10:14:00,345 INFO [CRASH_COMPLEXION_p006]       StepMonitoring.java:98   | LEDGERS
2026-03-28 10:14:01,046 INFO [CRASH_COMPLEXION_p006]       StepMonitoring.java:98   | HEADS
2026-03-28 10:14:02,158 INFO [CRASH_COMPLEXION_p006]      TemplateFactory.java:940  | Rebuilding BREVE_SMALL template at resolution 112
2026-03-28 10:14:02,169 INFO [CRASH_COMPLEXION_p006]      TemplateFactory.java:940  | Rebuilding WHOLE_NOTE_SMALL template at resolution 112
2026-03-28 10:14:09,447 INFO [CRASH_COMPLEXION_p006]        HeadSeedTally.java:235  | Scale information: HeadSeeds{NOTEHEAD_VOID[R:0.4] NOTEHEAD_VOID_SMALL[R:-0.6] NOTEHEAD_BLACK[L:0.4,R:0.4] NOTEHEAD_BLACK_SMALL[L:-0.3,R:0.5]}
2026-03-28 10:14:09,448 INFO [CRASH_COMPLEXION_p006]       StepMonitoring.java:98   | STEMS
2026-03-28 10:14:15,820 INFO [CRASH_COMPLEXION_p006]       StepMonitoring.java:98   | REDUCTION
2026-03-28 10:14:16,745 INFO [CRASH_COMPLEXION_p006]        ReductionStep.java:105  | Stems free length median value: 44 pixels, 2.6 interlines
2026-03-28 10:14:16,760 INFO [CRASH_COMPLEXION_p006]       StepMonitoring.java:98   | CUE_BEAMS
2026-03-28 10:14:16,775 INFO [CRASH_COMPLEXION_p006]       StepMonitoring.java:98   | TEXTS
2026-03-28 10:14:17,083 WARN [CRASH_COMPLEXION_p006]         TesseractOCR.java:335  | The collection of supported languages is empty
2026-03-28 10:14:17,084 INFO [CRASH_COMPLEXION_p006]              OcrUtil.java:106  | Missing support for 'eng' language(s)
2026-03-28 10:14:17,098 INFO [CRASH_COMPLEXION_p006]       StepMonitoring.java:98   | MEASURES
2026-03-28 10:14:17,118 INFO [CRASH_COMPLEXION_p006]                 Page.java:307  | 7 raw measures: [4 in system#1, 3 in system#2]
2026-03-28 10:14:17,118 INFO [CRASH_COMPLEXION_p006]       StepMonitoring.java:98   | CHORDS
2026-03-28 10:14:17,152 INFO [CRASH_COMPLEXION_p006]       StepMonitoring.java:98   | CURVES
2026-03-28 10:14:19,670 INFO [CRASH_COMPLEXION_p006]         SlursBuilder.java:240  | Slurs: 15
2026-03-28 10:14:21,985 INFO [CRASH_COMPLEXION_p006]      SegmentsBuilder.java:155  | Segments: 34
2026-03-28 10:14:22,097 INFO [CRASH_COMPLEXION_p006]       StepMonitoring.java:98   | SYMBOLS
2026-03-28 10:14:24,846 INFO [CRASH_COMPLEXION_p006]       StepMonitoring.java:98   | LINKS
2026-03-28 10:14:24,982 INFO [CRASH_COMPLEXION_p006]       StepMonitoring.java:98   | RHYTHMS
2026-03-28 10:14:25,044 WARN [CRASH_COMPLEXION_p006]          StackRhythm.java:227  | StackRhythm error processing MeasureStack#3 java.lang.IllegalStateException: Attempt to setVoice() on SmallChordInter#10030{(0.811/0.811) staff:4 dur:1/4}
java.lang.IllegalStateException: Attempt to setVoice() on SmallChordInter#10030{(0.811/0.811) staff:4 dur:1/4}
	at org.audiveris.omr.sig.inter.SmallChordInter.setVoice(SmallChordInter.java:240)
	at org.audiveris.omr.sig.inter.AbstractChordInter.setVoice(AbstractChordInter.java:1437)
	at org.audiveris.omr.sig.inter.BeamGroupInter.setVoice(BeamGroupInter.java:912)
	at org.audiveris.omr.sig.inter.AbstractChordInter.setVoice(AbstractChordInter.java:1428)
	at org.audiveris.omr.sig.inter.BeamGroupInter.setVoice(BeamGroupInter.java:912)
	at org.audiveris.omr.sig.inter.AbstractChordInter.setVoice(AbstractChordInter.java:1428)
	at org.audiveris.omr.sheet.rhythm.Voice.<init>(Voice.java:173)
	at org.audiveris.omr.sheet.rhythm.MeasureRhythm.processStartingChords(MeasureRhythm.java:641)
	at org.audiveris.omr.sheet.rhythm.MeasureRhythm.process(MeasureRhythm.java:569)
	at org.audiveris.omr.sheet.rhythm.StackRhythm.doProcess(StackRhythm.java:127)
	at org.audiveris.omr.sheet.rhythm.StackRhythm.process(StackRhythm.java:223)
	at org.audiveris.omr.sheet.rhythm.PageRhythm.processRanges(PageRhythm.java:274)
	at org.audiveris.omr.sheet.rhythm.PageRhythm.process(PageRhythm.java:248)
	at org.audiveris.omr.sheet.rhythm.RhythmsStep.doit(RhythmsStep.java:192)
	at org.audiveris.omr.step.OmrStep.doit(OmrStep.java:138)
	at org.audiveris.omr.sheet.SheetStub.lambda$doOneStep$0(SheetStub.java:503)
	at java.base/java.util.concurrent.FutureTask.run(FutureTask.java:328)
	at java.base/java.util.concurrent.ThreadPoolExecutor.runWorker(ThreadPoolExecutor.java:1090)
	at java.base/java.util.concurrent.ThreadPoolExecutor$Worker.run(ThreadPoolExecutor.java:614)
	at java.base/java.lang.Thread.run(Thread.java:1474)
2026-03-28 10:14:25,067 INFO [CRASH_COMPLEXION_p006]        MeasureRhythm.java:1044 | Measure{#4P8} No timeOffset for HeadChordInter#10095{(0.929/0.929) staff:8 slot#2 dur:1/8}
2026-03-28 10:14:25,070 INFO [CRASH_COMPLEXION_p006]          StackRhythm.java:224  | S1 MeasureStack#4 no correct rhythm
2026-03-28 10:14:25,113 INFO [CRASH_COMPLEXION_p006]       StepMonitoring.java:98   | PAGE
2026-03-28 10:14:25,122 WARN [CRASH_COMPLEXION_p006]         MeasureFixer.java:343  | System#1 No target duration for measures local IDs [1, 2, 3, 4], please check time signatures
2026-03-28 10:14:25,123 WARN [CRASH_COMPLEXION_p006]         MeasureFixer.java:343  | System#2 No target duration for measures local IDs [5, 6, 7], please check time signatures
2026-03-28 10:14:25,125 INFO [CRASH_COMPLEXION_p006]                 Book.java:2584 | Book{CRASH_COMPLEXION_p006} storing
2026-03-28 10:14:25,272 INFO [CRASH_COMPLEXION_p006]                 Book.java:2565 | Stored /book.xml
2026-03-28 10:14:25,485 INFO [CRASH_COMPLEXION_p006]           DataHolder.java:348  | Stored /sheet#1/BINARY.png
2026-03-28 10:14:27,090 INFO [CRASH_COMPLEXION_p006]                Sheet.java:1583 | Stored /sheet#1/sheet#1.xml
2026-03-28 10:14:27,091 INFO [CRASH_COMPLEXION_p006]                 Book.java:2525 | Book stored as tmp\crash_cache_v5_crosspage\page_006\omr\CRASH_COMPLEXION_p006.omr
2026-03-28 10:14:27,097 INFO [CRASH_COMPLEXION_p006]            SheetStub.java:1654 | Sheet disposed
2026-03-28 10:14:27,137 INFO [CRASH_COMPLEXION_p006]                 Book.java:2050 | End of Stub#1
2026-03-28 10:14:27,138 INFO [CRASH_COMPLEXION_p006]                 Book.java:2057 | End of Book{CRASH_COMPLEXION_p006}
2026-03-28 10:14:28,207 INFO [CRASH_COMPLEXION_p006]            SheetStub.java:1000 | Loaded /sheet#1/sheet#1.xml
2026-03-28 10:14:29,282 INFO [CRASH_COMPLEXION_p006]      PartwiseBuilder.java:2706 | Exporting sheet(s): [#1]
2026-03-28 10:14:29,447 INFO [CRASH_COMPLEXION_p006]        ScoreExporter.java:164  | Score CRASH_COMPLEXION_p006 exported to tmp\crash_cache_v5_crosspage\page_006\omr\CRASH_COMPLEXION_p006.mxl
2026-03-28 10:14:29,548 INFO [CRASH_COMPLEXION_p006]                Score.java:181  | Closing {Score 1}
