2026-03-28 10:17:47,715 INFO [CRASH_COMPLEXION_p010]                 Book.java:560  | 1 sheet in C:\Users\ken\RockSmithTabConvertToMidi\tmp\crash_cache_v5_crosspage\page_010\preprocess\CRASH_COMPLEXION_p010.png
2026-03-28 10:17:48,008 INFO []                 Book.java:2565 | Stored /book.xml
2026-03-28 10:17:48,009 INFO []                 Book.java:2525 | Book stored as tmp\crash_cache_v5_crosspage\page_010\omr\CRASH_COMPLEXION_p010.omr
2026-03-28 10:17:48,018 INFO []                 Book.java:1929 | Book reaching PAGE on sheets:[#1]
2026-03-28 10:17:48,023 INFO [CRASH_COMPLEXION_p010]       StepMonitoring.java:98   | LOAD
2026-03-28 10:17:48,235 INFO [CRASH_COMPLEXION_p010]            SheetStub.java:1278 | Loaded image #1 2300x3170 from C:\Users\ken\RockSmithTabConvertToMidi\tmp\crash_cache_v5_crosspage\page_010\preprocess\CRASH_COMPLEXION_p010.png
2026-03-28 10:17:48,244 INFO [CRASH_COMPLEXION_p010]       StepMonitoring.java:98   | BINARY
2026-03-28 10:17:49,062 INFO [CRASH_COMPLEXION_p010]       StepMonitoring.java:98   | SCALE
2026-03-28 10:17:49,105 INFO [CRASH_COMPLEXION_p010]         ScaleBuilder.java:241  | Beam  guessed height:  8 -- 0.50 of 16 interline
2026-03-28 10:17:49,107 INFO [CRASH_COMPLEXION_p010]         ScaleBuilder.java:264  | Beam measured height:  8 -- 0.27 of [5..16] range at 315% of needed quorum
2026-03-28 10:17:49,109 INFO [CRASH_COMPLEXION_p010]         ScaleBuilder.java:392  | Normalized black jitter: 11.76 %
2026-03-28 10:17:49,109 INFO [CRASH_COMPLEXION_p010]            ScaleStep.java:65   | Scale{ small_interline(13,14,14) interline(16,17,19) line(2,3,4) beam(8)}
2026-03-28 10:17:49,111 INFO [CRASH_COMPLEXION_p010]       StepMonitoring.java:98   | GRID
2026-03-28 10:17:52,113 INFO [CRASH_COMPLEXION_p010]       LinesRetriever.java:1500 | Global slope: -0.00627
2026-03-28 10:17:52,195 INFO [CRASH_COMPLEXION_p010]    ClustersRetriever.java:326  | Retrieved raw line clusters: 6 of sizes [6] with interline(16,17,19)
2026-03-28 10:17:52,200 INFO [CRASH_COMPLEXION_p010]       LinesRetriever.java:1516 | Searching clusters with smallInterline: 14
2026-03-28 10:17:52,257 INFO [CRASH_COMPLEXION_p010]    ClustersRetriever.java:326  | Retrieved raw line clusters: 18 of sizes [5] with interline(13,14,14)
2026-03-28 10:17:53,373 INFO [CRASH_COMPLEXION_p010]            PeakGraph.java:310  | Systems: #1[1, 2, 3, 4, 5, 6, 7, 8] #2[9, 10, 11, 12, 13, 14, 15, 16] #3[17, 18, 19, 20, 21, 22, 23, 24]
2026-03-28 10:17:53,557 INFO [CRASH_COMPLEXION_p010]        BarsRetriever.java:1305 | System#1
2026-03-28 10:17:53,557 INFO [CRASH_COMPLEXION_p010]        BarsRetriever.java:1308 |    PartGroup{bracket number:1 barline:false staves:1-8}
2026-03-28 10:17:53,558 INFO [CRASH_COMPLEXION_p010]        BarsRetriever.java:1305 | System#2
2026-03-28 10:17:53,559 INFO [CRASH_COMPLEXION_p010]        BarsRetriever.java:1308 |    PartGroup{bracket number:1 barline:false staves:9-16}
2026-03-28 10:17:53,560 INFO [CRASH_COMPLEXION_p010]        BarsRetriever.java:1305 | System#3
2026-03-28 10:17:53,560 INFO [CRASH_COMPLEXION_p010]        BarsRetriever.java:1308 |    PartGroup{bracket number:1 barline:false staves:17-24}
2026-03-28 10:17:55,362 INFO [CRASH_COMPLEXION_p010]        SystemManager.java:779  | 8 parts along 3 systems, 2 tablatures
2026-03-28 10:17:55,363 INFO [CRASH_COMPLEXION_p010]                 Book.java:543  | Created scores: [{Score 1}]
2026-03-28 10:17:55,369 INFO [CRASH_COMPLEXION_p010]       StepMonitoring.java:98   | HEADERS
2026-03-28 10:17:57,882 INFO [CRASH_COMPLEXION_p010]       StepMonitoring.java:98   | STEM_SEEDS
2026-03-28 10:17:57,994 INFO [CRASH_COMPLEXION_p010]        StemSeedsStep.java:86   | stem(3 max:5)
2026-03-28 10:17:58,107 INFO [CRASH_COMPLEXION_p010]       StepMonitoring.java:98   | BEAMS
2026-03-28 10:18:01,675 INFO [CRASH_COMPLEXION_p010]       StepMonitoring.java:98   | LEDGERS
2026-03-28 10:18:02,543 INFO [CRASH_COMPLEXION_p010]       StepMonitoring.java:98   | HEADS
2026-03-28 10:18:03,362 INFO [CRASH_COMPLEXION_p010]      TemplateFactory.java:940  | Rebuilding BREVE_SMALL template at resolution 112
2026-03-28 10:18:03,370 INFO [CRASH_COMPLEXION_p010]      TemplateFactory.java:940  | Rebuilding WHOLE_NOTE_SMALL template at resolution 112
2026-03-28 10:18:08,726 INFO [CRASH_COMPLEXION_p010]        HeadSeedTally.java:235  | Scale information: HeadSeeds{NOTEHEAD_VOID[R:-0.1] NOTEHEAD_VOID_SMALL[R:-1.1] NOTEHEAD_BLACK[L:0.3,R:0.1] NOTEHEAD_BLACK_SMALL[L:-0.6,R:0.5]}
2026-03-28 10:18:08,727 INFO [CRASH_COMPLEXION_p010]       StepMonitoring.java:98   | STEMS
2026-03-28 10:18:12,351 INFO [CRASH_COMPLEXION_p010]       StepMonitoring.java:98   | REDUCTION
2026-03-28 10:18:12,933 INFO [CRASH_COMPLEXION_p010]        ReductionStep.java:105  | Stems free length median value: 44 pixels, 2.6 interlines
2026-03-28 10:18:12,942 INFO [CRASH_COMPLEXION_p010]       StepMonitoring.java:98   | CUE_BEAMS
2026-03-28 10:18:12,951 INFO [CRASH_COMPLEXION_p010]       StepMonitoring.java:98   | TEXTS
2026-03-28 10:18:13,200 WARN [CRASH_COMPLEXION_p010]         TesseractOCR.java:335  | The collection of supported languages is empty
2026-03-28 10:18:13,201 INFO [CRASH_COMPLEXION_p010]              OcrUtil.java:106  | Missing support for 'eng' language(s)
2026-03-28 10:18:13,216 INFO [CRASH_COMPLEXION_p010]       StepMonitoring.java:98   | MEASURES
2026-03-28 10:18:13,236 INFO [CRASH_COMPLEXION_p010]                 Page.java:307  | 6 raw measures: [3 in system#1, 2 in system#2, 1 in system#3]
2026-03-28 10:18:13,237 INFO [CRASH_COMPLEXION_p010]       StepMonitoring.java:98   | CHORDS
2026-03-28 10:18:13,337 INFO [CRASH_COMPLEXION_p010]       StepMonitoring.java:98   | CURVES
2026-03-28 10:18:15,190 INFO [CRASH_COMPLEXION_p010]         SlursBuilder.java:240  | Slurs: 10
2026-03-28 10:18:16,761 INFO [CRASH_COMPLEXION_p010]      SegmentsBuilder.java:155  | Segments: 20
2026-03-28 10:18:16,891 WARN [CRASH_COMPLEXION_p010]                 Book.java:2044 | Error processing stub
2026-03-28 10:18:16,891 INFO [CRASH_COMPLEXION_p010]                 Book.java:2584 | Book{CRASH_COMPLEXION_p010} storing
2026-03-28 10:18:17,009 INFO [CRASH_COMPLEXION_p010]                 Book.java:2565 | Stored /book.xml
2026-03-28 10:18:17,222 INFO [CRASH_COMPLEXION_p010]           DataHolder.java:348  | Stored /sheet#1/BINARY.png
2026-03-28 10:18:18,429 INFO [CRASH_COMPLEXION_p010]                Sheet.java:1583 | Stored /sheet#1/sheet#1.xml
2026-03-28 10:18:18,430 INFO [CRASH_COMPLEXION_p010]                 Book.java:2525 | Book stored as tmp\crash_cache_v5_crosspage\page_010\omr\CRASH_COMPLEXION_p010.omr
2026-03-28 10:18:18,436 INFO [CRASH_COMPLEXION_p010]            SheetStub.java:1654 | Sheet disposed
2026-03-28 10:18:18,479 INFO [CRASH_COMPLEXION_p010]                 Book.java:2050 | End of Stub#1
2026-03-28 10:18:18,480 INFO [CRASH_COMPLEXION_p010]                 Book.java:2057 | End of Book{CRASH_COMPLEXION_p010}
2026-03-28 10:18:18,481 WARN [CRASH_COMPLEXION_p010]                  CLI.java:956  | Exception occurred java.lang.Exception: Error in reaching step PAGE
java.lang.Exception: Error in reaching step PAGE
	at org.audiveris.omr.CLI$ProcessingTask.processBook(CLI.java:893)
	at org.audiveris.omr.CLI$CliTask.call(CLI.java:513)
	at org.audiveris.omr.Main.runBatchTasks(Main.java:361)
	at org.audiveris.omr.Main.main(Main.java:263)
	at Audiveris.main(Audiveris.java:50)
2026-03-28 10:18:18,524 INFO [CRASH_COMPLEXION_p010]                Score.java:181  | Closing {Score 1}
