2026-03-28 00:41:18,078 INFO [CRASH_COMPLEXION_p009]                 Book.java:1929 | Book reaching PAGE on sheets:[#1]
2026-03-28 00:41:18,080 INFO [CRASH_COMPLEXION_p009]       StepMonitoring.java:98   | SYMBOLS
2026-03-28 00:41:21,620 INFO [CRASH_COMPLEXION_p009]            SheetStub.java:1000 | Loaded /sheet#1/sheet#1.xml
2026-03-28 00:41:21,920 INFO [CRASH_COMPLEXION_p009]      TemplateFactory.java:940  | Rebuilding WHOLE_NOTE_SMALL template at resolution 112
2026-03-28 00:41:26,267 INFO [CRASH_COMPLEXION_p009]       StepMonitoring.java:98   | LINKS
2026-03-28 00:41:26,305 INFO [CRASH_COMPLEXION_p009]             KeyInter.java:1322 | Key built KeyInter#11695{(0.675) staff:2 KEY_FLAT_1 pitch:0.5 fifths:-1}
2026-03-28 00:41:26,668 INFO [CRASH_COMPLEXION_p009]             KeyInter.java:1189 | No effective key before AlterInter#11430{(0.274) staff:16 NATURAL pitch:5.0}
2026-03-28 00:41:26,707 INFO [CRASH_COMPLEXION_p009]       StepMonitoring.java:98   | RHYTHMS
2026-03-28 00:41:26,921 INFO [CRASH_COMPLEXION_p009]       StepMonitoring.java:98   | PAGE
2026-03-28 00:41:26,932 WARN [CRASH_COMPLEXION_p009]         MeasureFixer.java:343  | System#1 No target duration for measures local IDs [1, 2, 3, 4, 5], please check time signatures
2026-03-28 00:41:26,934 WARN [CRASH_COMPLEXION_p009]         MeasureFixer.java:343  | System#2 No target duration for measures local IDs [6, 7, 8], please check time signatures
2026-03-28 00:41:26,937 INFO [CRASH_COMPLEXION_p009]                 Book.java:2584 | Book{CRASH_COMPLEXION_p009} storing
2026-03-28 00:41:27,059 INFO [CRASH_COMPLEXION_p009]                 Book.java:2565 | Stored /book.xml
2026-03-28 00:41:28,423 INFO [CRASH_COMPLEXION_p009]                Sheet.java:1583 | Stored /sheet#1/sheet#1.xml
2026-03-28 00:41:28,424 INFO [CRASH_COMPLEXION_p009]                 Book.java:2525 | Book stored as C:\Users\ken\RockSmithTabConvertToMidi\tmp\crash_cache_v3\page_009\omr\CRASH_COMPLEXION_p009.omr
2026-03-28 00:41:28,433 INFO [CRASH_COMPLEXION_p009]            SheetStub.java:1654 | Sheet disposed
2026-03-28 00:41:28,481 INFO [CRASH_COMPLEXION_p009]                 Book.java:2050 | End of Stub#1
2026-03-28 00:41:28,483 INFO [CRASH_COMPLEXION_p009]                 Book.java:2057 | End of Book{CRASH_COMPLEXION_p009}
2026-03-28 00:41:29,676 INFO [CRASH_COMPLEXION_p009]            SheetStub.java:1000 | Loaded /sheet#1/sheet#1.xml
2026-03-28 00:41:31,046 INFO [CRASH_COMPLEXION_p009]      PartwiseBuilder.java:2706 | Exporting sheet(s): [#1]
2026-03-28 00:41:31,071 WARN [CRASH_COMPLEXION_p009]      PartwiseBuilder.java:1718 | Error visiting FermataInter#11179{(0.689/0.915) staff:3 FERMATA} in {Page#1.1}
java.lang.NullPointerException: Cannot invoke "org.audiveris.omr.sig.inter.AbstractNoteInter.getStaff()" because "this.current.note" is null
	at org.audiveris.omr.score.PartwiseBuilder.processFermata(PartwiseBuilder.java:1704)
	at org.audiveris.omr.score.PartwiseBuilder.processBarline(PartwiseBuilder.java:1293)
	at org.audiveris.omr.score.PartwiseBuilder.processMeasure(PartwiseBuilder.java:2163)
	at org.audiveris.omr.score.PartwiseBuilder.processPart(PartwiseBuilder.java:2677)
	at org.audiveris.omr.score.PartwiseBuilder.processSystem(PartwiseBuilder.java:3222)
	at org.audiveris.omr.score.PartwiseBuilder.processLogicalPart(PartwiseBuilder.java:1874)
	at org.audiveris.omr.score.PartwiseBuilder.processStub(PartwiseBuilder.java:3173)
	at org.audiveris.omr.score.PartwiseBuilder.processPartList(PartwiseBuilder.java:2709)
	at org.audiveris.omr.score.PartwiseBuilder.processScore(PartwiseBuilder.java:2984)
	at org.audiveris.omr.score.PartwiseBuilder.build(PartwiseBuilder.java:3542)
	at org.audiveris.omr.score.ScoreExporter.export(ScoreExporter.java:122)
	at org.audiveris.omr.score.ScoreExporter.export(ScoreExporter.java:163)
	at org.audiveris.omr.sheet.Book.export(Book.java:630)
	at org.audiveris.omr.CLI$ProcessingTask.processBook(CLI.java:927)
	at org.audiveris.omr.CLI$CliTask.call(CLI.java:513)
	at org.audiveris.omr.Main.runBatchTasks(Main.java:361)
	at org.audiveris.omr.Main.main(Main.java:263)
	at Audiveris.main(Audiveris.java:50)
2026-03-28 00:41:31,275 INFO [CRASH_COMPLEXION_p009]        ScoreExporter.java:164  | Score CRASH_COMPLEXION_p009 exported to C:\Users\ken\RockSmithTabConvertToMidi\tmp\crash_cache_v3\page_009\omr\CRASH_COMPLEXION_p009.mxl
2026-03-28 00:41:31,367 INFO [CRASH_COMPLEXION_p009]                Score.java:181  | Closing {Score 1}
