2026-03-28 00:39:32,420 INFO [CRASH_COMPLEXION_p009]                 Book.java:560  | 1 sheet in C:\Users\ken\RockSmithTabConvertToMidi\tmp\crash_cache_v3\page_009\preprocess\CRASH_COMPLEXION_p009.png
2026-03-28 00:39:32,740 INFO []                 Book.java:2565 | Stored /book.xml
2026-03-28 00:39:32,741 INFO []                 Book.java:2525 | Book stored as tmp\crash_cache_v3\page_009\omr\CRASH_COMPLEXION_p009.omr
2026-03-28 00:39:32,756 INFO []                 Book.java:1929 | Book reaching PAGE on sheets:[#1]
2026-03-28 00:39:32,760 INFO [CRASH_COMPLEXION_p009]       StepMonitoring.java:98   | LOAD
2026-03-28 00:39:33,055 INFO [CRASH_COMPLEXION_p009]            SheetStub.java:1278 | Loaded image #1 2300x3005 from C:\Users\ken\RockSmithTabConvertToMidi\tmp\crash_cache_v3\page_009\preprocess\CRASH_COMPLEXION_p009.png
2026-03-28 00:39:33,082 INFO [CRASH_COMPLEXION_p009]       StepMonitoring.java:98   | BINARY
2026-03-28 00:39:34,155 INFO [CRASH_COMPLEXION_p009]       StepMonitoring.java:98   | SCALE
2026-03-28 00:39:34,209 INFO [CRASH_COMPLEXION_p009]         ScaleBuilder.java:241  | Beam  guessed height:  8 -- 0.50 of 16 interline
2026-03-28 00:39:34,212 INFO [CRASH_COMPLEXION_p009]         ScaleBuilder.java:264  | Beam measured height:  8 -- 0.27 of [5..16] range at 350% of needed quorum
2026-03-28 00:39:34,213 INFO [CRASH_COMPLEXION_p009]         ScaleBuilder.java:392  | Normalized black jitter: 5.88 %
2026-03-28 00:39:34,214 INFO [CRASH_COMPLEXION_p009]            ScaleStep.java:65   | Scale{ small_interline(13,14,14) interline(16,17,19) line(2,3,3) beam(8)}
2026-03-28 00:39:34,216 INFO [CRASH_COMPLEXION_p009]       StepMonitoring.java:98   | GRID
2026-03-28 00:39:39,107 INFO [CRASH_COMPLEXION_p009]       LinesRetriever.java:1500 | Global slope: -0.01205
2026-03-28 00:39:39,217 INFO [CRASH_COMPLEXION_p009]    ClustersRetriever.java:326  | Retrieved raw line clusters: 4 of sizes [6] with interline(16,17,19)
2026-03-28 00:39:39,230 INFO [CRASH_COMPLEXION_p009]       LinesRetriever.java:1516 | Searching clusters with smallInterline: 14
2026-03-28 00:39:39,301 INFO [CRASH_COMPLEXION_p009]    ClustersRetriever.java:326  | Retrieved raw line clusters: 12 of sizes [5] with interline(13,14,14)
2026-03-28 00:39:40,123 INFO [CRASH_COMPLEXION_p009]            PeakGraph.java:310  | Systems: #1[1, 2, 3, 4, 5, 6, 7, 8] #2[9, 10, 11, 12, 13, 14, 15, 16]
2026-03-28 00:39:40,527 INFO [CRASH_COMPLEXION_p009]        BarsRetriever.java:1305 | System#1
2026-03-28 00:39:40,528 INFO [CRASH_COMPLEXION_p009]        BarsRetriever.java:1308 |    PartGroup{bracket number:1 barline:false staves:1-8}
2026-03-28 00:39:40,528 INFO [CRASH_COMPLEXION_p009]        BarsRetriever.java:1305 | System#2
2026-03-28 00:39:40,529 INFO [CRASH_COMPLEXION_p009]        BarsRetriever.java:1308 |    PartGroup{bracket number:1 barline:false staves:9-16}
2026-03-28 00:39:42,556 INFO [CRASH_COMPLEXION_p009]        SystemManager.java:779  | 8 parts along 2 systems, 2 tablatures
2026-03-28 00:39:42,558 INFO [CRASH_COMPLEXION_p009]                 Book.java:543  | Created scores: [{Score 1}]
2026-03-28 00:39:42,558 INFO [CRASH_COMPLEXION_p009]       StepMonitoring.java:98   | HEADERS
2026-03-28 00:39:44,954 INFO [CRASH_COMPLEXION_p009]       StepMonitoring.java:98   | STEM_SEEDS
2026-03-28 00:39:45,153 INFO [CRASH_COMPLEXION_p009]        StemSeedsStep.java:86   | stem(3 max:4)
2026-03-28 00:39:45,327 INFO [CRASH_COMPLEXION_p009]       StepMonitoring.java:98   | BEAMS
2026-03-28 00:39:49,624 INFO [CRASH_COMPLEXION_p009]       StepMonitoring.java:98   | LEDGERS
2026-03-28 00:39:50,582 INFO [CRASH_COMPLEXION_p009]       StepMonitoring.java:98   | HEADS
2026-03-28 00:39:51,607 INFO [CRASH_COMPLEXION_p009]      TemplateFactory.java:940  | Rebuilding BREVE_SMALL template at resolution 112
2026-03-28 00:39:51,615 INFO [CRASH_COMPLEXION_p009]      TemplateFactory.java:940  | Rebuilding WHOLE_NOTE_SMALL template at resolution 112
2026-03-28 00:40:00,680 INFO [CRASH_COMPLEXION_p009]        HeadSeedTally.java:235  | Scale information: HeadSeeds{NOTEHEAD_BLACK[L:0.1,R:-0.0] NOTEHEAD_BLACK_SMALL[L:-0.7,R:0.5]}
2026-03-28 00:40:00,681 INFO [CRASH_COMPLEXION_p009]       StepMonitoring.java:98   | STEMS
2026-03-28 00:40:07,806 INFO [CRASH_COMPLEXION_p009]       StepMonitoring.java:98   | REDUCTION
2026-03-28 00:40:08,831 INFO [CRASH_COMPLEXION_p009]        ReductionStep.java:105  | Stems free length median value: 46 pixels, 2.7 interlines
2026-03-28 00:40:08,843 INFO [CRASH_COMPLEXION_p009]       StepMonitoring.java:98   | CUE_BEAMS
2026-03-28 00:40:08,858 INFO [CRASH_COMPLEXION_p009]         BeamsBuilder.java:2051 | Mixed or unknown direction in cue area S1A3 java.awt.Rectangle[x=2080,y=216,width=19,height=47]
2026-03-28 00:40:08,868 INFO [CRASH_COMPLEXION_p009]       StepMonitoring.java:98   | TEXTS
2026-03-28 00:40:09,170 WARN [CRASH_COMPLEXION_p009]         TesseractOCR.java:335  | The collection of supported languages is empty
2026-03-28 00:40:09,172 INFO [CRASH_COMPLEXION_p009]              OcrUtil.java:106  | Missing support for 'eng' language(s)
2026-03-28 00:40:09,185 INFO [CRASH_COMPLEXION_p009]       StepMonitoring.java:98   | MEASURES
2026-03-28 00:40:09,206 INFO [CRASH_COMPLEXION_p009]                 Page.java:307  | 8 raw measures: [5 in system#1, 3 in system#2]
2026-03-28 00:40:09,207 INFO [CRASH_COMPLEXION_p009]       StepMonitoring.java:98   | CHORDS
2026-03-28 00:40:09,244 INFO [CRASH_COMPLEXION_p009]       StepMonitoring.java:98   | CURVES
2026-03-28 00:40:13,430 INFO [CRASH_COMPLEXION_p009]         SlursBuilder.java:240  | Slurs: 12
2026-03-28 00:40:16,036 INFO [CRASH_COMPLEXION_p009]      SegmentsBuilder.java:155  | Segments: 41
2026-03-28 00:40:16,078 WARN [CRASH_COMPLEXION_p009]                 Book.java:2044 | Error processing stub
2026-03-28 00:40:16,079 INFO [CRASH_COMPLEXION_p009]                 Book.java:2584 | Book{CRASH_COMPLEXION_p009} storing
2026-03-28 00:40:16,241 INFO [CRASH_COMPLEXION_p009]                 Book.java:2565 | Stored /book.xml
2026-03-28 00:40:16,442 INFO [CRASH_COMPLEXION_p009]           DataHolder.java:348  | Stored /sheet#1/BINARY.png
2026-03-28 00:40:17,809 INFO [CRASH_COMPLEXION_p009]                Sheet.java:1583 | Stored /sheet#1/sheet#1.xml
2026-03-28 00:40:17,809 INFO [CRASH_COMPLEXION_p009]                 Book.java:2525 | Book stored as tmp\crash_cache_v3\page_009\omr\CRASH_COMPLEXION_p009.omr
2026-03-28 00:40:17,818 INFO [CRASH_COMPLEXION_p009]            SheetStub.java:1654 | Sheet disposed
2026-03-28 00:40:17,860 INFO [CRASH_COMPLEXION_p009]                 Book.java:2050 | End of Stub#1
2026-03-28 00:40:17,862 INFO [CRASH_COMPLEXION_p009]                 Book.java:2057 | End of Book{CRASH_COMPLEXION_p009}
2026-03-28 00:40:17,862 WARN [CRASH_COMPLEXION_p009]                  CLI.java:956  | Exception occurred java.lang.Exception: Error in reaching step PAGE
java.lang.Exception: Error in reaching step PAGE
	at org.audiveris.omr.CLI$ProcessingTask.processBook(CLI.java:893)
	at org.audiveris.omr.CLI$CliTask.call(CLI.java:513)
	at org.audiveris.omr.Main.runBatchTasks(Main.java:361)
	at org.audiveris.omr.Main.main(Main.java:263)
	at Audiveris.main(Audiveris.java:50)
2026-03-28 00:40:17,911 INFO [CRASH_COMPLEXION_p009]                Score.java:181  | Closing {Score 1}
