2026-03-28 00:40:21,888 INFO [CRASH_COMPLEXION_p009]                 Book.java:560  | 1 sheet in C:\Users\ken\RockSmithTabConvertToMidi\tmp\crash_cache_v3\page_009\preprocess\CRASH_COMPLEXION_p009.png
2026-03-28 00:40:22,134 INFO []                 Book.java:2565 | Stored /book.xml
2026-03-28 00:40:22,135 INFO []                 Book.java:2525 | Book stored as tmp\crash_cache_v3\page_009\omr\CRASH_COMPLEXION_p009.omr
2026-03-28 00:40:22,144 INFO []                 Book.java:1929 | Book reaching CHORDS on sheets:[#1]
2026-03-28 00:40:22,147 INFO [CRASH_COMPLEXION_p009]       StepMonitoring.java:98   | LOAD
2026-03-28 00:40:22,312 INFO [CRASH_COMPLEXION_p009]            SheetStub.java:1278 | Loaded image #1 2300x3005 from C:\Users\ken\RockSmithTabConvertToMidi\tmp\crash_cache_v3\page_009\preprocess\CRASH_COMPLEXION_p009.png
2026-03-28 00:40:22,324 INFO [CRASH_COMPLEXION_p009]                 Book.java:2565 | Stored /book.xml
2026-03-28 00:40:22,557 INFO [CRASH_COMPLEXION_p009]           DataHolder.java:348  | Stored /sheet#1/GRAY.png
2026-03-28 00:40:23,197 INFO [CRASH_COMPLEXION_p009]                Sheet.java:1583 | Stored /sheet#1/sheet#1.xml
2026-03-28 00:40:23,204 INFO [CRASH_COMPLEXION_p009]       StepMonitoring.java:98   | BINARY
2026-03-28 00:40:24,312 INFO [CRASH_COMPLEXION_p009]                 Book.java:2565 | Stored /book.xml
2026-03-28 00:40:24,316 INFO [CRASH_COMPLEXION_p009]           DataHolder.java:256  | Removed /sheet#1/GRAY.png
2026-03-28 00:40:24,507 INFO [CRASH_COMPLEXION_p009]           DataHolder.java:348  | Stored /sheet#1/BINARY.png
2026-03-28 00:40:24,509 INFO [CRASH_COMPLEXION_p009]                Sheet.java:1583 | Stored /sheet#1/sheet#1.xml
2026-03-28 00:40:24,515 INFO [CRASH_COMPLEXION_p009]       StepMonitoring.java:98   | SCALE
2026-03-28 00:40:24,562 INFO [CRASH_COMPLEXION_p009]         ScaleBuilder.java:241  | Beam  guessed height:  8 -- 0.50 of 16 interline
2026-03-28 00:40:24,567 INFO [CRASH_COMPLEXION_p009]         ScaleBuilder.java:264  | Beam measured height:  8 -- 0.27 of [5..16] range at 350% of needed quorum
2026-03-28 00:40:24,568 INFO [CRASH_COMPLEXION_p009]         ScaleBuilder.java:392  | Normalized black jitter: 5.88 %
2026-03-28 00:40:24,569 INFO [CRASH_COMPLEXION_p009]            ScaleStep.java:65   | Scale{ small_interline(13,14,14) interline(16,17,19) line(2,3,3) beam(8)}
2026-03-28 00:40:24,577 INFO [CRASH_COMPLEXION_p009]                 Book.java:2565 | Stored /book.xml
2026-03-28 00:40:24,581 INFO [CRASH_COMPLEXION_p009]                Sheet.java:1583 | Stored /sheet#1/sheet#1.xml
2026-03-28 00:40:24,588 INFO [CRASH_COMPLEXION_p009]       StepMonitoring.java:98   | GRID
2026-03-28 00:40:28,805 INFO [CRASH_COMPLEXION_p009]       LinesRetriever.java:1500 | Global slope: -0.01205
2026-03-28 00:40:28,921 INFO [CRASH_COMPLEXION_p009]    ClustersRetriever.java:326  | Retrieved raw line clusters: 4 of sizes [6] with interline(16,17,19)
2026-03-28 00:40:28,925 INFO [CRASH_COMPLEXION_p009]       LinesRetriever.java:1516 | Searching clusters with smallInterline: 14
2026-03-28 00:40:28,997 INFO [CRASH_COMPLEXION_p009]    ClustersRetriever.java:326  | Retrieved raw line clusters: 12 of sizes [5] with interline(13,14,14)
2026-03-28 00:40:29,984 INFO [CRASH_COMPLEXION_p009]            PeakGraph.java:310  | Systems: #1[1, 2, 3, 4, 5, 6, 7, 8] #2[9, 10, 11, 12, 13, 14, 15, 16]
2026-03-28 00:40:30,166 INFO [CRASH_COMPLEXION_p009]        BarsRetriever.java:1305 | System#1
2026-03-28 00:40:30,167 INFO [CRASH_COMPLEXION_p009]        BarsRetriever.java:1308 |    PartGroup{bracket number:1 barline:false staves:1-8}
2026-03-28 00:40:30,167 INFO [CRASH_COMPLEXION_p009]        BarsRetriever.java:1305 | System#2
2026-03-28 00:40:30,168 INFO [CRASH_COMPLEXION_p009]        BarsRetriever.java:1308 |    PartGroup{bracket number:1 barline:false staves:9-16}
2026-03-28 00:40:31,995 INFO [CRASH_COMPLEXION_p009]        SystemManager.java:779  | 8 parts along 2 systems, 2 tablatures
2026-03-28 00:40:31,996 INFO [CRASH_COMPLEXION_p009]                 Book.java:543  | Created scores: [{Score 1}]
2026-03-28 00:40:32,014 INFO [CRASH_COMPLEXION_p009]                 Book.java:2565 | Stored /book.xml
2026-03-28 00:40:32,827 INFO [CRASH_COMPLEXION_p009]                Sheet.java:1583 | Stored /sheet#1/sheet#1.xml
2026-03-28 00:40:32,834 INFO [CRASH_COMPLEXION_p009]       StepMonitoring.java:98   | HEADERS
2026-03-28 00:40:35,337 INFO [CRASH_COMPLEXION_p009]                 Book.java:2565 | Stored /book.xml
2026-03-28 00:40:35,699 INFO [CRASH_COMPLEXION_p009]                Sheet.java:1583 | Stored /sheet#1/sheet#1.xml
2026-03-28 00:40:35,707 INFO [CRASH_COMPLEXION_p009]       StepMonitoring.java:98   | STEM_SEEDS
2026-03-28 00:40:35,858 INFO [CRASH_COMPLEXION_p009]        StemSeedsStep.java:86   | stem(3 max:4)
2026-03-28 00:40:36,038 INFO [CRASH_COMPLEXION_p009]                 Book.java:2565 | Stored /book.xml
2026-03-28 00:40:36,591 INFO [CRASH_COMPLEXION_p009]                Sheet.java:1583 | Stored /sheet#1/sheet#1.xml
2026-03-28 00:40:36,604 INFO [CRASH_COMPLEXION_p009]       StepMonitoring.java:98   | BEAMS
2026-03-28 00:40:41,304 INFO [CRASH_COMPLEXION_p009]                 Book.java:2565 | Stored /book.xml
2026-03-28 00:40:41,419 INFO [CRASH_COMPLEXION_p009]           DataHolder.java:348  | Stored /sheet#1/HEAD_SPOTS.png
2026-03-28 00:40:42,225 INFO [CRASH_COMPLEXION_p009]                Sheet.java:1583 | Stored /sheet#1/sheet#1.xml
2026-03-28 00:40:42,232 INFO [CRASH_COMPLEXION_p009]       StepMonitoring.java:98   | LEDGERS
2026-03-28 00:40:43,380 INFO [CRASH_COMPLEXION_p009]                 Book.java:2565 | Stored /book.xml
2026-03-28 00:40:44,045 INFO [CRASH_COMPLEXION_p009]                Sheet.java:1583 | Stored /sheet#1/sheet#1.xml
2026-03-28 00:40:44,054 INFO [CRASH_COMPLEXION_p009]       StepMonitoring.java:98   | HEADS
2026-03-28 00:40:45,325 INFO [CRASH_COMPLEXION_p009]      TemplateFactory.java:940  | Rebuilding BREVE_SMALL template at resolution 112
2026-03-28 00:40:45,333 INFO [CRASH_COMPLEXION_p009]      TemplateFactory.java:940  | Rebuilding WHOLE_NOTE_SMALL template at resolution 112
2026-03-28 00:40:56,151 INFO [CRASH_COMPLEXION_p009]        HeadSeedTally.java:235  | Scale information: HeadSeeds{NOTEHEAD_BLACK[L:0.1,R:-0.0] NOTEHEAD_BLACK_SMALL[L:-0.7,R:0.5]}
2026-03-28 00:40:56,160 INFO [CRASH_COMPLEXION_p009]                 Book.java:2565 | Stored /book.xml
2026-03-28 00:40:56,161 INFO [CRASH_COMPLEXION_p009]           DataHolder.java:256  | Removed /sheet#1/HEAD_SPOTS.png
2026-03-28 00:40:57,871 INFO [CRASH_COMPLEXION_p009]                Sheet.java:1583 | Stored /sheet#1/sheet#1.xml
2026-03-28 00:40:57,881 INFO [CRASH_COMPLEXION_p009]       StepMonitoring.java:98   | STEMS
2026-03-28 00:41:08,779 INFO [CRASH_COMPLEXION_p009]                 Book.java:2565 | Stored /book.xml
2026-03-28 00:41:10,973 INFO [CRASH_COMPLEXION_p009]                Sheet.java:1583 | Stored /sheet#1/sheet#1.xml
2026-03-28 00:41:10,979 INFO [CRASH_COMPLEXION_p009]       StepMonitoring.java:98   | REDUCTION
2026-03-28 00:41:11,686 INFO [CRASH_COMPLEXION_p009]        ReductionStep.java:105  | Stems free length median value: 46 pixels, 2.7 interlines
2026-03-28 00:41:11,716 INFO [CRASH_COMPLEXION_p009]                 Book.java:2565 | Stored /book.xml
2026-03-28 00:41:12,074 INFO [CRASH_COMPLEXION_p009]                Sheet.java:1583 | Stored /sheet#1/sheet#1.xml
2026-03-28 00:41:12,084 INFO [CRASH_COMPLEXION_p009]       StepMonitoring.java:98   | CUE_BEAMS
2026-03-28 00:41:12,186 INFO [CRASH_COMPLEXION_p009]         BeamsBuilder.java:2051 | Mixed or unknown direction in cue area S1A3 java.awt.Rectangle[x=2080,y=216,width=19,height=47]
2026-03-28 00:41:12,224 INFO [CRASH_COMPLEXION_p009]                 Book.java:2565 | Stored /book.xml
2026-03-28 00:41:12,690 INFO [CRASH_COMPLEXION_p009]                Sheet.java:1583 | Stored /sheet#1/sheet#1.xml
2026-03-28 00:41:12,697 INFO [CRASH_COMPLEXION_p009]       StepMonitoring.java:98   | TEXTS
2026-03-28 00:41:12,927 WARN [CRASH_COMPLEXION_p009]         TesseractOCR.java:335  | The collection of supported languages is empty
2026-03-28 00:41:12,928 INFO [CRASH_COMPLEXION_p009]              OcrUtil.java:106  | Missing support for 'eng' language(s)
2026-03-28 00:41:12,954 INFO [CRASH_COMPLEXION_p009]                 Book.java:2565 | Stored /book.xml
2026-03-28 00:41:13,318 INFO [CRASH_COMPLEXION_p009]                Sheet.java:1583 | Stored /sheet#1/sheet#1.xml
2026-03-28 00:41:13,324 INFO [CRASH_COMPLEXION_p009]       StepMonitoring.java:98   | MEASURES
2026-03-28 00:41:13,335 INFO [CRASH_COMPLEXION_p009]                 Page.java:307  | 8 raw measures: [5 in system#1, 3 in system#2]
2026-03-28 00:41:13,340 INFO [CRASH_COMPLEXION_p009]                 Book.java:2565 | Stored /book.xml
2026-03-28 00:41:13,778 INFO [CRASH_COMPLEXION_p009]                Sheet.java:1583 | Stored /sheet#1/sheet#1.xml
2026-03-28 00:41:13,787 INFO [CRASH_COMPLEXION_p009]       StepMonitoring.java:98   | CHORDS
2026-03-28 00:41:13,822 INFO [CRASH_COMPLEXION_p009]                 Book.java:2565 | Stored /book.xml
2026-03-28 00:41:14,369 INFO [CRASH_COMPLEXION_p009]                Sheet.java:1583 | Stored /sheet#1/sheet#1.xml
2026-03-28 00:41:14,379 INFO [CRASH_COMPLEXION_p009]            SheetStub.java:1654 | Sheet disposed
2026-03-28 00:41:14,432 INFO [CRASH_COMPLEXION_p009]                 Book.java:2050 | End of Stub#1
2026-03-28 00:41:14,433 INFO [CRASH_COMPLEXION_p009]                 Book.java:2057 | End of Book{CRASH_COMPLEXION_p009}
2026-03-28 00:41:14,485 INFO [CRASH_COMPLEXION_p009]                Score.java:181  | Closing {Score 1}
