2026-03-28 10:15:21,507 INFO [CRASH_COMPLEXION_p008]                 Book.java:560  | 1 sheet in C:\Users\ken\RockSmithTabConvertToMidi\tmp\crash_cache_v5_crosspage\page_008\preprocess\CRASH_COMPLEXION_p008.png
2026-03-28 10:15:21,950 INFO []                 Book.java:2565 | Stored /book.xml
2026-03-28 10:15:21,951 INFO []                 Book.java:2525 | Book stored as tmp\crash_cache_v5_crosspage\page_008\omr\CRASH_COMPLEXION_p008.omr
2026-03-28 10:15:21,972 INFO []                 Book.java:1929 | Book reaching PAGE on sheets:[#1]
2026-03-28 10:15:21,975 INFO [CRASH_COMPLEXION_p008]       StepMonitoring.java:98   | LOAD
2026-03-28 10:15:22,483 INFO [CRASH_COMPLEXION_p008]            SheetStub.java:1278 | Loaded image #1 2302x3129 from C:\Users\ken\RockSmithTabConvertToMidi\tmp\crash_cache_v5_crosspage\page_008\preprocess\CRASH_COMPLEXION_p008.png
2026-03-28 10:15:22,491 INFO [CRASH_COMPLEXION_p008]       StepMonitoring.java:98   | BINARY
2026-03-28 10:15:23,462 INFO [CRASH_COMPLEXION_p008]       StepMonitoring.java:98   | SCALE
2026-03-28 10:15:23,517 INFO [CRASH_COMPLEXION_p008]         ScaleBuilder.java:241  | Beam  guessed height:  8 -- 0.50 of 16 interline
2026-03-28 10:15:23,519 INFO [CRASH_COMPLEXION_p008]         ScaleBuilder.java:264  | Beam measured height:  8 -- 0.27 of [5..16] range at 336% of needed quorum
2026-03-28 10:15:23,520 INFO [CRASH_COMPLEXION_p008]         ScaleBuilder.java:392  | Normalized black jitter: 11.76 %
2026-03-28 10:15:23,520 INFO [CRASH_COMPLEXION_p008]            ScaleStep.java:65   | Scale{ small_interline(13,14,14) interline(16,17,19) line(2,3,4) beam(8)}
2026-03-28 10:15:23,522 INFO [CRASH_COMPLEXION_p008]       StepMonitoring.java:98   | GRID
2026-03-28 10:15:26,040 INFO [CRASH_COMPLEXION_p008]       LinesRetriever.java:1500 | Global slope: -0.00721
2026-03-28 10:15:26,169 INFO [CRASH_COMPLEXION_p008]    ClustersRetriever.java:326  | Retrieved raw line clusters: 4 of sizes [6] with interline(16,17,19)
2026-03-28 10:15:26,171 INFO [CRASH_COMPLEXION_p008]       LinesRetriever.java:1516 | Searching clusters with smallInterline: 14
2026-03-28 10:15:26,343 INFO [CRASH_COMPLEXION_p008]    ClustersRetriever.java:326  | Retrieved raw line clusters: 12 of sizes [5] with interline(13,14,14)
2026-03-28 10:15:27,765 INFO [CRASH_COMPLEXION_p008]            PeakGraph.java:310  | Systems: #1[1, 2, 3, 4, 5, 6, 7, 8] #2[9, 10, 11, 12, 13, 14, 15, 16]
2026-03-28 10:15:28,018 INFO [CRASH_COMPLEXION_p008]        BarsRetriever.java:1305 | System#1
2026-03-28 10:15:28,022 INFO [CRASH_COMPLEXION_p008]        BarsRetriever.java:1308 |    PartGroup{bracket number:1 barline:false staves:1-8}
2026-03-28 10:15:28,023 INFO [CRASH_COMPLEXION_p008]        BarsRetriever.java:1305 | System#2
2026-03-28 10:15:28,023 INFO [CRASH_COMPLEXION_p008]        BarsRetriever.java:1308 |    PartGroup{bracket number:1 barline:false staves:9-16}
2026-03-28 10:15:29,545 INFO [CRASH_COMPLEXION_p008]        SystemManager.java:779  | 8 parts along 2 systems, 2 tablatures
2026-03-28 10:15:29,547 INFO [CRASH_COMPLEXION_p008]                 Book.java:543  | Created scores: [{Score 1}]
2026-03-28 10:15:29,548 INFO [CRASH_COMPLEXION_p008]       StepMonitoring.java:98   | HEADERS
2026-03-28 10:15:31,990 INFO [CRASH_COMPLEXION_p008]       StepMonitoring.java:98   | STEM_SEEDS
2026-03-28 10:15:32,103 INFO [CRASH_COMPLEXION_p008]        StemSeedsStep.java:86   | stem(3 max:4)
2026-03-28 10:15:32,224 INFO [CRASH_COMPLEXION_p008]       StepMonitoring.java:98   | BEAMS
2026-03-28 10:15:35,181 INFO [CRASH_COMPLEXION_p008]       StepMonitoring.java:98   | LEDGERS
2026-03-28 10:15:36,209 INFO [CRASH_COMPLEXION_p008]       StepMonitoring.java:98   | HEADS
2026-03-28 10:15:37,324 INFO [CRASH_COMPLEXION_p008]      TemplateFactory.java:940  | Rebuilding BREVE_SMALL template at resolution 112
2026-03-28 10:15:37,334 INFO [CRASH_COMPLEXION_p008]      TemplateFactory.java:940  | Rebuilding WHOLE_NOTE_SMALL template at resolution 112
2026-03-28 10:15:44,538 INFO [CRASH_COMPLEXION_p008]        HeadSeedTally.java:235  | Scale information: HeadSeeds{NOTEHEAD_BLACK[L:-0.0,R:-0.2] NOTEHEAD_BLACK_SMALL[L:-0.4,R:0.3]}
2026-03-28 10:15:44,540 INFO [CRASH_COMPLEXION_p008]       StepMonitoring.java:98   | STEMS
2026-03-28 10:15:52,293 INFO [CRASH_COMPLEXION_p008]       StepMonitoring.java:98   | REDUCTION
2026-03-28 10:15:53,328 INFO [CRASH_COMPLEXION_p008]        ReductionStep.java:105  | Stems free length median value: 43 pixels, 2.5 interlines
2026-03-28 10:15:53,342 INFO [CRASH_COMPLEXION_p008]       StepMonitoring.java:98   | CUE_BEAMS
2026-03-28 10:15:53,346 INFO [CRASH_COMPLEXION_p008]       StepMonitoring.java:98   | TEXTS
2026-03-28 10:15:53,573 WARN [CRASH_COMPLEXION_p008]         TesseractOCR.java:335  | The collection of supported languages is empty
2026-03-28 10:15:53,574 INFO [CRASH_COMPLEXION_p008]              OcrUtil.java:106  | Missing support for 'eng' language(s)
2026-03-28 10:15:53,587 INFO [CRASH_COMPLEXION_p008]       StepMonitoring.java:98   | MEASURES
2026-03-28 10:15:53,604 INFO [CRASH_COMPLEXION_p008]                 Page.java:307  | 6 raw measures: [2 in system#1, 4 in system#2]
2026-03-28 10:15:53,605 INFO [CRASH_COMPLEXION_p008]       StepMonitoring.java:98   | CHORDS
2026-03-28 10:15:53,640 INFO [CRASH_COMPLEXION_p008]       StepMonitoring.java:98   | CURVES
2026-03-28 10:15:56,645 INFO [CRASH_COMPLEXION_p008]         SlursBuilder.java:240  | Slurs: 31
2026-03-28 10:15:57,372 INFO [CRASH_COMPLEXION_p008]      SegmentsBuilder.java:155  | Segments: 35
2026-03-28 10:15:57,629 INFO [CRASH_COMPLEXION_p008]       StepMonitoring.java:98   | SYMBOLS
2026-03-28 10:16:00,783 INFO [CRASH_COMPLEXION_p008]       StepMonitoring.java:98   | LINKS
2026-03-28 10:16:00,796 INFO [CRASH_COMPLEXION_p008]        SymbolsLinker.java:258  | No chord linked to OctaveShiftInter#11917{(0.622) staff:1 OTTAVA BASSA} at java.awt.Point[x=1413,y=111]
2026-03-28 10:16:00,806 INFO [CRASH_COMPLEXION_p008]             KeyInter.java:1189 | No effective key before AlterInter#11877{(0.774) staff:2 NATURAL pitch:-5.0}
2026-03-28 10:16:00,942 INFO [CRASH_COMPLEXION_p008]             KeyInter.java:1189 | No effective key before AlterInter#12225{(0.533) staff:10 NATURAL pitch:2.0}
2026-03-28 10:16:00,943 INFO [CRASH_COMPLEXION_p008]             KeyInter.java:1189 | No effective key before AlterInter#12394{(0.168) staff:10 NATURAL pitch:1.0}
2026-03-28 10:16:00,944 INFO [CRASH_COMPLEXION_p008]             KeyInter.java:1189 | No effective key before AlterInter#13127{(0.199) staff:16 NATURAL pitch:5.0}
2026-03-28 10:16:01,080 INFO [CRASH_COMPLEXION_p008]       StepMonitoring.java:98   | RHYTHMS
2026-03-28 10:16:01,199 INFO [CRASH_COMPLEXION_p008]        MeasureRhythm.java:1044 | Measure{#3P2} No timeOffset for HeadChordInter#9687{(0.925/0.925) staff:10 slot#13 dur:1/8}
2026-03-28 10:16:01,206 INFO [CRASH_COMPLEXION_p008]          StackRhythm.java:224  | S2 MeasureStack#3 no correct rhythm
2026-03-28 10:16:01,231 INFO [CRASH_COMPLEXION_p008]       StepMonitoring.java:98   | PAGE
2026-03-28 10:16:01,239 WARN [CRASH_COMPLEXION_p008]         MeasureFixer.java:343  | System#1 No target duration for measures local IDs [1, 2], please check time signatures
2026-03-28 10:16:01,239 WARN [CRASH_COMPLEXION_p008]         MeasureFixer.java:343  | System#2 No target duration for measures local IDs [3, 4, 5, 6], please check time signatures
2026-03-28 10:16:01,240 INFO [CRASH_COMPLEXION_p008]                 Book.java:2584 | Book{CRASH_COMPLEXION_p008} storing
2026-03-28 10:16:01,389 INFO [CRASH_COMPLEXION_p008]                 Book.java:2565 | Stored /book.xml
2026-03-28 10:16:01,669 INFO [CRASH_COMPLEXION_p008]           DataHolder.java:348  | Stored /sheet#1/BINARY.png
2026-03-28 10:16:03,326 INFO [CRASH_COMPLEXION_p008]                Sheet.java:1583 | Stored /sheet#1/sheet#1.xml
2026-03-28 10:16:03,327 INFO [CRASH_COMPLEXION_p008]                 Book.java:2525 | Book stored as tmp\crash_cache_v5_crosspage\page_008\omr\CRASH_COMPLEXION_p008.omr
2026-03-28 10:16:03,331 INFO [CRASH_COMPLEXION_p008]            SheetStub.java:1654 | Sheet disposed
2026-03-28 10:16:03,374 INFO [CRASH_COMPLEXION_p008]                 Book.java:2050 | End of Stub#1
2026-03-28 10:16:03,375 INFO [CRASH_COMPLEXION_p008]                 Book.java:2057 | End of Book{CRASH_COMPLEXION_p008}
2026-03-28 10:16:04,374 INFO [CRASH_COMPLEXION_p008]            SheetStub.java:1000 | Loaded /sheet#1/sheet#1.xml
2026-03-28 10:16:05,003 INFO [CRASH_COMPLEXION_p008]      PartwiseBuilder.java:2706 | Exporting sheet(s): [#1]
2026-03-28 10:16:05,182 INFO [CRASH_COMPLEXION_p008]        ScoreExporter.java:164  | Score CRASH_COMPLEXION_p008 exported to tmp\crash_cache_v5_crosspage\page_008\omr\CRASH_COMPLEXION_p008.mxl
2026-03-28 10:16:05,270 INFO [CRASH_COMPLEXION_p008]                Score.java:181  | Closing {Score 1}
