2026-03-28 09:49:47,195 INFO [CRASH_COMPLEXION_p009]                 Book.java:560  | 1 sheet in C:\Users\ken\RockSmithTabConvertToMidi\tmp\crash_cache_v4_repeat\page_009\preprocess\CRASH_COMPLEXION_p009.png
2026-03-28 09:49:47,516 INFO []                 Book.java:2565 | Stored /book.xml
2026-03-28 09:49:47,517 INFO []                 Book.java:2525 | Book stored as tmp\crash_cache_v4_repeat\page_009\omr\CRASH_COMPLEXION_p009.omr
2026-03-28 09:49:47,528 INFO []                 Book.java:1929 | Book reaching CHORDS on sheets:[#1]
2026-03-28 09:49:47,530 INFO [CRASH_COMPLEXION_p009]       StepMonitoring.java:98   | LOAD
2026-03-28 09:49:47,699 INFO [CRASH_COMPLEXION_p009]            SheetStub.java:1278 | Loaded image #1 2300x3005 from C:\Users\ken\RockSmithTabConvertToMidi\tmp\crash_cache_v4_repeat\page_009\preprocess\CRASH_COMPLEXION_p009.png
2026-03-28 09:49:47,717 INFO [CRASH_COMPLEXION_p009]                 Book.java:2565 | Stored /book.xml
2026-03-28 09:49:47,870 INFO [CRASH_COMPLEXION_p009]           DataHolder.java:348  | Stored /sheet#1/GRAY.png
2026-03-28 09:49:48,209 INFO [CRASH_COMPLEXION_p009]                Sheet.java:1583 | Stored /sheet#1/sheet#1.xml
2026-03-28 09:49:48,215 INFO [CRASH_COMPLEXION_p009]       StepMonitoring.java:98   | BINARY
2026-03-28 09:49:49,036 INFO [CRASH_COMPLEXION_p009]                 Book.java:2565 | Stored /book.xml
2026-03-28 09:49:49,037 INFO [CRASH_COMPLEXION_p009]           DataHolder.java:256  | Removed /sheet#1/GRAY.png
2026-03-28 09:49:49,162 INFO [CRASH_COMPLEXION_p009]           DataHolder.java:348  | Stored /sheet#1/BINARY.png
2026-03-28 09:49:49,165 INFO [CRASH_COMPLEXION_p009]                Sheet.java:1583 | Stored /sheet#1/sheet#1.xml
2026-03-28 09:49:49,170 INFO [CRASH_COMPLEXION_p009]       StepMonitoring.java:98   | SCALE
2026-03-28 09:49:49,217 INFO [CRASH_COMPLEXION_p009]         ScaleBuilder.java:241  | Beam  guessed height:  8 -- 0.50 of 16 interline
2026-03-28 09:49:49,219 INFO [CRASH_COMPLEXION_p009]         ScaleBuilder.java:264  | Beam measured height:  8 -- 0.27 of [5..16] range at 350% of needed quorum
2026-03-28 09:49:49,219 INFO [CRASH_COMPLEXION_p009]         ScaleBuilder.java:392  | Normalized black jitter: 5.88 %
2026-03-28 09:49:49,220 INFO [CRASH_COMPLEXION_p009]            ScaleStep.java:65   | Scale{ small_interline(13,14,14) interline(16,17,19) line(2,3,3) beam(8)}
2026-03-28 09:49:49,228 INFO [CRASH_COMPLEXION_p009]                 Book.java:2565 | Stored /book.xml
2026-03-28 09:49:49,231 INFO [CRASH_COMPLEXION_p009]                Sheet.java:1583 | Stored /sheet#1/sheet#1.xml
2026-03-28 09:49:49,236 INFO [CRASH_COMPLEXION_p009]       StepMonitoring.java:98   | GRID
2026-03-28 09:49:52,504 INFO [CRASH_COMPLEXION_p009]       LinesRetriever.java:1500 | Global slope: -0.01205
2026-03-28 09:49:52,587 INFO [CRASH_COMPLEXION_p009]    ClustersRetriever.java:326  | Retrieved raw line clusters: 4 of sizes [6] with interline(16,17,19)
2026-03-28 09:49:52,592 INFO [CRASH_COMPLEXION_p009]       LinesRetriever.java:1516 | Searching clusters with smallInterline: 14
2026-03-28 09:49:52,643 INFO [CRASH_COMPLEXION_p009]    ClustersRetriever.java:326  | Retrieved raw line clusters: 12 of sizes [5] with interline(13,14,14)
2026-03-28 09:49:53,565 INFO [CRASH_COMPLEXION_p009]            PeakGraph.java:310  | Systems: #1[1, 2, 3, 4, 5, 6, 7, 8] #2[9, 10, 11, 12, 13, 14, 15, 16]
2026-03-28 09:49:53,721 INFO [CRASH_COMPLEXION_p009]        BarsRetriever.java:1305 | System#1
2026-03-28 09:49:53,722 INFO [CRASH_COMPLEXION_p009]        BarsRetriever.java:1308 |    PartGroup{bracket number:1 barline:false staves:1-8}
2026-03-28 09:49:53,722 INFO [CRASH_COMPLEXION_p009]        BarsRetriever.java:1305 | System#2
2026-03-28 09:49:53,723 INFO [CRASH_COMPLEXION_p009]        BarsRetriever.java:1308 |    PartGroup{bracket number:1 barline:false staves:9-16}
2026-03-28 09:49:55,420 INFO [CRASH_COMPLEXION_p009]        SystemManager.java:779  | 8 parts along 2 systems, 2 tablatures
2026-03-28 09:49:55,421 INFO [CRASH_COMPLEXION_p009]                 Book.java:543  | Created scores: [{Score 1}]
2026-03-28 09:49:55,432 INFO [CRASH_COMPLEXION_p009]                 Book.java:2565 | Stored /book.xml
2026-03-28 09:49:56,110 INFO [CRASH_COMPLEXION_p009]                Sheet.java:1583 | Stored /sheet#1/sheet#1.xml
2026-03-28 09:49:56,118 INFO [CRASH_COMPLEXION_p009]       StepMonitoring.java:98   | HEADERS
2026-03-28 09:49:58,195 INFO [CRASH_COMPLEXION_p009]                 Book.java:2565 | Stored /book.xml
2026-03-28 09:49:58,464 INFO [CRASH_COMPLEXION_p009]                Sheet.java:1583 | Stored /sheet#1/sheet#1.xml
2026-03-28 09:49:58,476 INFO [CRASH_COMPLEXION_p009]       StepMonitoring.java:98   | STEM_SEEDS
2026-03-28 09:49:58,632 INFO [CRASH_COMPLEXION_p009]        StemSeedsStep.java:86   | stem(3 max:4)
2026-03-28 09:49:58,797 INFO [CRASH_COMPLEXION_p009]                 Book.java:2565 | Stored /book.xml
2026-03-28 09:49:59,160 INFO [CRASH_COMPLEXION_p009]                Sheet.java:1583 | Stored /sheet#1/sheet#1.xml
2026-03-28 09:49:59,168 INFO [CRASH_COMPLEXION_p009]       StepMonitoring.java:98   | BEAMS
2026-03-28 09:50:02,499 INFO [CRASH_COMPLEXION_p009]                 Book.java:2565 | Stored /book.xml
2026-03-28 09:50:02,601 INFO [CRASH_COMPLEXION_p009]           DataHolder.java:348  | Stored /sheet#1/HEAD_SPOTS.png
2026-03-28 09:50:03,537 INFO [CRASH_COMPLEXION_p009]                Sheet.java:1583 | Stored /sheet#1/sheet#1.xml
2026-03-28 09:50:03,544 INFO [CRASH_COMPLEXION_p009]       StepMonitoring.java:98   | LEDGERS
2026-03-28 09:50:04,658 INFO [CRASH_COMPLEXION_p009]                 Book.java:2565 | Stored /book.xml
2026-03-28 09:50:05,497 INFO [CRASH_COMPLEXION_p009]                Sheet.java:1583 | Stored /sheet#1/sheet#1.xml
2026-03-28 09:50:05,505 INFO [CRASH_COMPLEXION_p009]       StepMonitoring.java:98   | HEADS
2026-03-28 09:50:06,395 INFO [CRASH_COMPLEXION_p009]      TemplateFactory.java:940  | Rebuilding BREVE_SMALL template at resolution 112
2026-03-28 09:50:06,403 INFO [CRASH_COMPLEXION_p009]      TemplateFactory.java:940  | Rebuilding WHOLE_NOTE_SMALL template at resolution 112
2026-03-28 09:50:15,910 INFO [CRASH_COMPLEXION_p009]        HeadSeedTally.java:235  | Scale information: HeadSeeds{NOTEHEAD_BLACK[L:0.1,R:-0.0] NOTEHEAD_BLACK_SMALL[L:-0.7,R:0.5]}
2026-03-28 09:50:15,920 INFO [CRASH_COMPLEXION_p009]                 Book.java:2565 | Stored /book.xml
2026-03-28 09:50:15,921 INFO [CRASH_COMPLEXION_p009]           DataHolder.java:256  | Removed /sheet#1/HEAD_SPOTS.png
2026-03-28 09:50:17,998 INFO [CRASH_COMPLEXION_p009]                Sheet.java:1583 | Stored /sheet#1/sheet#1.xml
2026-03-28 09:50:18,005 INFO [CRASH_COMPLEXION_p009]       StepMonitoring.java:98   | STEMS
2026-03-28 09:50:27,612 INFO [CRASH_COMPLEXION_p009]                 Book.java:2565 | Stored /book.xml
2026-03-28 09:50:29,886 INFO [CRASH_COMPLEXION_p009]                Sheet.java:1583 | Stored /sheet#1/sheet#1.xml
2026-03-28 09:50:29,894 INFO [CRASH_COMPLEXION_p009]       StepMonitoring.java:98   | REDUCTION
2026-03-28 09:50:30,428 INFO [CRASH_COMPLEXION_p009]        ReductionStep.java:105  | Stems free length median value: 46 pixels, 2.7 interlines
2026-03-28 09:50:30,448 INFO [CRASH_COMPLEXION_p009]                 Book.java:2565 | Stored /book.xml
2026-03-28 09:50:31,060 INFO [CRASH_COMPLEXION_p009]                Sheet.java:1583 | Stored /sheet#1/sheet#1.xml
2026-03-28 09:50:31,080 INFO [CRASH_COMPLEXION_p009]       StepMonitoring.java:98   | CUE_BEAMS
2026-03-28 09:50:31,107 INFO [CRASH_COMPLEXION_p009]         BeamsBuilder.java:2051 | Mixed or unknown direction in cue area S1A3 java.awt.Rectangle[x=2080,y=216,width=19,height=47]
2026-03-28 09:50:31,130 INFO [CRASH_COMPLEXION_p009]                 Book.java:2565 | Stored /book.xml
2026-03-28 09:50:31,693 INFO [CRASH_COMPLEXION_p009]                Sheet.java:1583 | Stored /sheet#1/sheet#1.xml
2026-03-28 09:50:31,701 INFO [CRASH_COMPLEXION_p009]       StepMonitoring.java:98   | TEXTS
2026-03-28 09:50:31,904 WARN [CRASH_COMPLEXION_p009]         TesseractOCR.java:335  | The collection of supported languages is empty
2026-03-28 09:50:31,905 INFO [CRASH_COMPLEXION_p009]              OcrUtil.java:106  | Missing support for 'eng' language(s)
2026-03-28 09:50:31,923 INFO [CRASH_COMPLEXION_p009]                 Book.java:2565 | Stored /book.xml
2026-03-28 09:50:32,349 INFO [CRASH_COMPLEXION_p009]                Sheet.java:1583 | Stored /sheet#1/sheet#1.xml
2026-03-28 09:50:32,355 INFO [CRASH_COMPLEXION_p009]       StepMonitoring.java:98   | MEASURES
2026-03-28 09:50:32,365 INFO [CRASH_COMPLEXION_p009]                 Page.java:307  | 8 raw measures: [5 in system#1, 3 in system#2]
2026-03-28 09:50:32,370 INFO [CRASH_COMPLEXION_p009]                 Book.java:2565 | Stored /book.xml
2026-03-28 09:50:32,829 INFO [CRASH_COMPLEXION_p009]                Sheet.java:1583 | Stored /sheet#1/sheet#1.xml
2026-03-28 09:50:32,837 INFO [CRASH_COMPLEXION_p009]       StepMonitoring.java:98   | CHORDS
2026-03-28 09:50:32,901 INFO [CRASH_COMPLEXION_p009]                 Book.java:2565 | Stored /book.xml
2026-03-28 09:50:33,380 INFO [CRASH_COMPLEXION_p009]                Sheet.java:1583 | Stored /sheet#1/sheet#1.xml
2026-03-28 09:50:33,388 INFO [CRASH_COMPLEXION_p009]            SheetStub.java:1654 | Sheet disposed
2026-03-28 09:50:33,436 INFO [CRASH_COMPLEXION_p009]                 Book.java:2050 | End of Stub#1
2026-03-28 09:50:33,437 INFO [CRASH_COMPLEXION_p009]                 Book.java:2057 | End of Book{CRASH_COMPLEXION_p009}
2026-03-28 09:50:33,477 INFO [CRASH_COMPLEXION_p009]                Score.java:181  | Closing {Score 1}
