2026-03-27 17:27:03,322 INFO [CRASH_COMPLEXION_p001]                 Book.java:560  | 1 sheet in C:\Users\ken\RockSmithTabConvertToMidi\tmp\crash_cache\page_001\preprocess\CRASH_COMPLEXION_p001.png
2026-03-27 17:27:03,689 INFO []                 Book.java:2565 | Stored /book.xml
2026-03-27 17:27:03,690 INFO []                 Book.java:2525 | Book stored as tmp\crash_cache\page_001\omr\CRASH_COMPLEXION_p001.omr
2026-03-27 17:27:03,699 INFO []                 Book.java:1929 | Book reaching PAGE on sheets:[#1]
2026-03-27 17:27:03,704 INFO [CRASH_COMPLEXION_p001]       StepMonitoring.java:98   | LOAD
2026-03-27 17:27:03,952 INFO [CRASH_COMPLEXION_p001]            SheetStub.java:1278 | Loaded image #1 2294x3372 from C:\Users\ken\RockSmithTabConvertToMidi\tmp\crash_cache\page_001\preprocess\CRASH_COMPLEXION_p001.png
2026-03-27 17:27:03,957 INFO [CRASH_COMPLEXION_p001]       StepMonitoring.java:98   | BINARY
2026-03-27 17:27:05,308 INFO [CRASH_COMPLEXION_p001]       StepMonitoring.java:98   | SCALE
2026-03-27 17:27:05,357 INFO [CRASH_COMPLEXION_p001]         ScaleBuilder.java:241  | Beam  guessed height:  8 -- 0.50 of 16 interline
2026-03-27 17:27:05,359 INFO [CRASH_COMPLEXION_p001]         ScaleBuilder.java:264  | Beam measured height:  8 -- 0.27 of [5..16] range at 333% of needed quorum
2026-03-27 17:27:05,360 INFO [CRASH_COMPLEXION_p001]         ScaleBuilder.java:392  | Normalized black jitter: 17.65 %
2026-03-27 17:27:05,361 INFO [CRASH_COMPLEXION_p001]            ScaleStep.java:65   | Scale{ small_interline(13,13,14) interline(16,17,19) line(1,3,4) small_beam(8) beam(11)}
2026-03-27 17:27:05,363 INFO [CRASH_COMPLEXION_p001]       StepMonitoring.java:98   | GRID
2026-03-27 17:27:10,761 INFO [CRASH_COMPLEXION_p001]       LinesRetriever.java:1500 | Global slope: 0.00022
2026-03-27 17:27:11,262 INFO [CRASH_COMPLEXION_p001]    ClustersRetriever.java:326  | Retrieved raw line clusters: 2 of sizes [6] with interline(16,17,19)
2026-03-27 17:27:11,271 INFO [CRASH_COMPLEXION_p001]       LinesRetriever.java:1516 | Searching clusters with smallInterline: 13
2026-03-27 17:27:11,393 INFO [CRASH_COMPLEXION_p001]    ClustersRetriever.java:326  | Retrieved raw line clusters: 6 of sizes [5] with interline(13,13,14)
2026-03-27 17:27:14,667 INFO [CRASH_COMPLEXION_p001]            PeakGraph.java:310  | Systems: #1[1, 2, 3, 4, 5, 6, 7, 8]
2026-03-27 17:27:14,921 INFO [CRASH_COMPLEXION_p001]        BarsRetriever.java:1305 | System#1
2026-03-27 17:27:14,922 INFO [CRASH_COMPLEXION_p001]        BarsRetriever.java:1308 |    PartGroup{bracket number:1 barline:false staves:1-8}
2026-03-27 17:27:22,728 INFO [CRASH_COMPLEXION_p001]        SystemManager.java:779  | 8 parts along 1 system, 2 tablatures
2026-03-27 17:27:22,730 INFO [CRASH_COMPLEXION_p001]                 Book.java:543  | Created scores: [{Score 1}]
2026-03-27 17:27:22,730 INFO [CRASH_COMPLEXION_p001]       StepMonitoring.java:98   | HEADERS
2026-03-27 17:27:24,987 INFO [CRASH_COMPLEXION_p001]       StepMonitoring.java:98   | STEM_SEEDS
2026-03-27 17:27:25,132 INFO [CRASH_COMPLEXION_p001]        StemSeedsStep.java:86   | stem(3 max:4)
2026-03-27 17:27:25,583 INFO [CRASH_COMPLEXION_p001]       StepMonitoring.java:98   | BEAMS
2026-03-27 17:27:29,911 INFO [CRASH_COMPLEXION_p001]       StepMonitoring.java:98   | LEDGERS
2026-03-27 17:27:46,517 INFO [CRASH_COMPLEXION_p001]       StepMonitoring.java:98   | HEADS
2026-03-27 17:27:47,727 INFO [CRASH_COMPLEXION_p001]      TemplateFactory.java:940  | Rebuilding BREVE_SMALL template at resolution 104
2026-03-27 17:27:47,736 INFO [CRASH_COMPLEXION_p001]      TemplateFactory.java:940  | Rebuilding WHOLE_NOTE_SMALL template at resolution 104
2026-03-27 17:27:52,066 INFO [CRASH_COMPLEXION_p001]        HeadSeedTally.java:235  | Scale information: HeadSeeds{NOTEHEAD_BLACK[R:0.3] NOTEHEAD_BLACK_SMALL[R:1.1]}
2026-03-27 17:27:52,067 INFO [CRASH_COMPLEXION_p001]       StepMonitoring.java:98   | STEMS
2026-03-27 17:28:02,848 INFO [CRASH_COMPLEXION_p001]       StepMonitoring.java:98   | REDUCTION
2026-03-27 17:28:03,757 INFO [CRASH_COMPLEXION_p001]       BeamGroupInter.java:1123 | Separating beams SmallBeamInter#2275{(0.555/0.765) BEAM_SMALL} and SmallBeamInter#2277{(0.535/0.754) BEAM_SMALL}
2026-03-27 17:28:04,198 INFO [CRASH_COMPLEXION_p001]       BeamGroupInter.java:1123 | Separating beams SmallBeamInter#2283{(0.650/0.842) BEAM_SMALL} and SmallBeamInter#2306{(0.627/0.832) BEAM_SMALL}
2026-03-27 17:28:04,227 INFO [CRASH_COMPLEXION_p001]        ReductionStep.java:105  | Stems free length median value: 79 pixels, 4.6 interlines
2026-03-27 17:28:04,239 INFO [CRASH_COMPLEXION_p001]       StepMonitoring.java:98   | CUE_BEAMS
2026-03-27 17:28:04,240 INFO [CRASH_COMPLEXION_p001]         CueBeamsStep.java:86   | Step CUE_BEAMS is skipped because small beams have been processed
2026-03-27 17:28:04,241 INFO [CRASH_COMPLEXION_p001]       StepMonitoring.java:98   | TEXTS
2026-03-27 17:28:04,545 WARN [CRASH_COMPLEXION_p001]         TesseractOCR.java:335  | The collection of supported languages is empty
2026-03-27 17:28:04,546 INFO [CRASH_COMPLEXION_p001]              OcrUtil.java:106  | Missing support for 'eng' language(s)
2026-03-27 17:28:04,566 INFO [CRASH_COMPLEXION_p001]       StepMonitoring.java:98   | MEASURES
2026-03-27 17:28:04,584 INFO [CRASH_COMPLEXION_p001]                 Page.java:307  | 4 raw measures: [4 in system#1]
2026-03-27 17:28:04,585 INFO [CRASH_COMPLEXION_p001]       StepMonitoring.java:98   | CHORDS
2026-03-27 17:28:04,613 INFO [CRASH_COMPLEXION_p001]       StepMonitoring.java:98   | CURVES
2026-03-27 17:28:08,416 INFO [CRASH_COMPLEXION_p001]         SlursBuilder.java:240  | Slurs: 9
2026-03-27 17:28:08,796 INFO [CRASH_COMPLEXION_p001]      SegmentsBuilder.java:155  | Segments: 11
2026-03-27 17:28:09,362 INFO [CRASH_COMPLEXION_p001]       StepMonitoring.java:98   | SYMBOLS
2026-03-27 17:28:14,457 INFO [CRASH_COMPLEXION_p001]       StepMonitoring.java:98   | LINKS
2026-03-27 17:28:14,481 INFO [CRASH_COMPLEXION_p001]        SymbolsLinker.java:258  | No chord linked to OctaveShiftInter#7605{(0.133) staff:1 QUINDICESIMA ALTA} at java.awt.Point[x=258,y=1236]
2026-03-27 17:28:14,484 INFO [CRASH_COMPLEXION_p001]        SymbolsLinker.java:258  | No chord linked to OctaveShiftInter#7776{(0.121) staff:1 QUINDICESIMA ALTA} at java.awt.Point[x=789,y=1353]
2026-03-27 17:28:14,485 INFO [CRASH_COMPLEXION_p001]        SymbolsLinker.java:258  | No chord linked to OctaveShiftInter#7856{(0.273) staff:1 OTTAVA ALTA} at java.awt.Point[x=830,y=709]
2026-03-27 17:28:14,486 INFO [CRASH_COMPLEXION_p001]        SymbolsLinker.java:258  | No chord linked to OctaveShiftInter#7868{(0.136) staff:1 QUINDICESIMA ALTA} at java.awt.Point[x=931,y=1353]
2026-03-27 17:28:14,487 INFO [CRASH_COMPLEXION_p001]        SymbolsLinker.java:258  | No chord linked to OctaveShiftInter#8104{(0.161) staff:1 QUINDICESIMA ALTA} at java.awt.Point[x=1604,y=1176]
2026-03-27 17:28:14,488 INFO [CRASH_COMPLEXION_p001]        SymbolsLinker.java:258  | No chord linked to OctaveShiftInter#8197{(0.132) staff:1 VENTIDUESIMA ALTA} at java.awt.Point[x=1623,y=998]
2026-03-27 17:28:14,635 INFO [CRASH_COMPLEXION_p001]       StepMonitoring.java:98   | RHYTHMS
2026-03-27 17:28:14,701 INFO [CRASH_COMPLEXION_p001]       StepMonitoring.java:98   | PAGE
2026-03-27 17:28:14,708 WARN [CRASH_COMPLEXION_p001]         MeasureFixer.java:343  | System#1 No target duration for measures local IDs [1, 2, 3, 4], please check time signatures
2026-03-27 17:28:14,710 INFO [CRASH_COMPLEXION_p001]                 Book.java:2584 | Book{CRASH_COMPLEXION_p001} storing
2026-03-27 17:28:14,951 INFO [CRASH_COMPLEXION_p001]                 Book.java:2565 | Stored /book.xml
2026-03-27 17:28:15,500 INFO [CRASH_COMPLEXION_p001]           DataHolder.java:348  | Stored /sheet#1/BINARY.png
2026-03-27 17:28:18,116 INFO [CRASH_COMPLEXION_p001]                Sheet.java:1583 | Stored /sheet#1/sheet#1.xml
2026-03-27 17:28:18,116 INFO [CRASH_COMPLEXION_p001]                 Book.java:2525 | Book stored as tmp\crash_cache\page_001\omr\CRASH_COMPLEXION_p001.omr
2026-03-27 17:28:18,125 INFO [CRASH_COMPLEXION_p001]            SheetStub.java:1654 | Sheet disposed
2026-03-27 17:28:18,173 INFO [CRASH_COMPLEXION_p001]                 Book.java:2050 | End of Stub#1
2026-03-27 17:28:18,174 INFO [CRASH_COMPLEXION_p001]                 Book.java:2057 | End of Book{CRASH_COMPLEXION_p001}
2026-03-27 17:28:26,216 INFO [CRASH_COMPLEXION_p001]            SheetStub.java:1000 | Loaded /sheet#1/sheet#1.xml
2026-03-27 17:28:28,018 INFO [CRASH_COMPLEXION_p001]      PartwiseBuilder.java:2706 | Exporting sheet(s): [#1]
2026-03-27 17:28:28,164 INFO [CRASH_COMPLEXION_p001]        ScoreExporter.java:164  | Score CRASH_COMPLEXION_p001 exported to tmp\crash_cache\page_001\omr\CRASH_COMPLEXION_p001.mxl
2026-03-27 17:28:28,331 INFO [CRASH_COMPLEXION_p001]                Score.java:181  | Closing {Score 1}
