2026-03-13 23:12:46,043 INFO [CRASH COMPLEXION_p004]                 Book.java:560  | 1 sheet in C:\Users\ken\RockSmithTabConvertToMidi\.cache\page_004\preprocess\CRASH COMPLEXION_p004.png
2026-03-13 23:12:46,243 INFO []                 Book.java:2565 | Stored /book.xml
2026-03-13 23:12:46,244 INFO []                 Book.java:2525 | Book stored as .cache\page_004\omr\CRASH COMPLEXION_p004.omr
2026-03-13 23:12:46,253 INFO []                 Book.java:1929 | Book reaching PAGE on sheets:[#1]
2026-03-13 23:12:46,256 INFO [CRASH COMPLEXION_p004]       StepMonitoring.java:98   | LOAD
2026-03-13 23:12:46,414 INFO [CRASH COMPLEXION_p004]            SheetStub.java:1278 | Loaded image #1 2324x3186 from C:\Users\ken\RockSmithTabConvertToMidi\.cache\page_004\preprocess\CRASH COMPLEXION_p004.png
2026-03-13 23:12:46,417 INFO [CRASH COMPLEXION_p004]       StepMonitoring.java:98   | BINARY
2026-03-13 23:12:47,230 INFO [CRASH COMPLEXION_p004]       StepMonitoring.java:98   | SCALE
2026-03-13 23:12:47,279 INFO [CRASH COMPLEXION_p004]         ScaleBuilder.java:241  | Beam  guessed height:  8 -- 0.50 of 16 interline
2026-03-13 23:12:47,282 INFO [CRASH COMPLEXION_p004]         ScaleBuilder.java:264  | Beam measured height:  8 -- 0.27 of [5..16] range at 260% of needed quorum
2026-03-13 23:12:47,283 INFO [CRASH COMPLEXION_p004]         ScaleBuilder.java:392  | Normalized black jitter: 5.88 %
2026-03-13 23:12:47,284 INFO [CRASH COMPLEXION_p004]            ScaleStep.java:65   | Scale{ small_interline(13,13,14) interline(16,17,19) line(2,3,3) beam(8)}
2026-03-13 23:12:47,286 INFO [CRASH COMPLEXION_p004]       StepMonitoring.java:98   | GRID
2026-03-13 23:12:49,886 INFO [CRASH COMPLEXION_p004]       LinesRetriever.java:1500 | Global slope: 0.00596
2026-03-13 23:12:50,011 INFO [CRASH COMPLEXION_p004]    ClustersRetriever.java:326  | Retrieved raw line clusters: 4 of sizes [6] with interline(16,17,19)
2026-03-13 23:12:50,014 INFO [CRASH COMPLEXION_p004]       LinesRetriever.java:1516 | Searching clusters with smallInterline: 13
2026-03-13 23:12:50,113 INFO [CRASH COMPLEXION_p004]    ClustersRetriever.java:326  | Retrieved raw line clusters: 12 of sizes [5] with interline(13,13,14)
2026-03-13 23:12:50,739 INFO [CRASH COMPLEXION_p004]            PeakGraph.java:310  | Systems: #1[1, 2, 3, 4, 5, 6, 7, 8] #2[9, 10, 11, 12, 13, 14, 15, 16]
2026-03-13 23:12:50,882 INFO [CRASH COMPLEXION_p004]        BarsRetriever.java:1305 | System#1
2026-03-13 23:12:50,882 INFO [CRASH COMPLEXION_p004]        BarsRetriever.java:1308 |    PartGroup{bracket number:1 barline:false staves:1-8}
2026-03-13 23:12:50,883 INFO [CRASH COMPLEXION_p004]        BarsRetriever.java:1305 | System#2
2026-03-13 23:12:50,883 INFO [CRASH COMPLEXION_p004]        BarsRetriever.java:1308 |    PartGroup{bracket number:1 barline:false staves:9-16}
2026-03-13 23:12:52,234 INFO [CRASH COMPLEXION_p004]        SystemManager.java:779  | 8 parts along 2 systems, 2 tablatures
2026-03-13 23:12:52,236 INFO [CRASH COMPLEXION_p004]                 Book.java:543  | Created scores: [{Score 1}]
2026-03-13 23:12:52,237 INFO [CRASH COMPLEXION_p004]       StepMonitoring.java:98   | HEADERS
2026-03-13 23:12:55,759 INFO [CRASH COMPLEXION_p004]       StepMonitoring.java:98   | STEM_SEEDS
2026-03-13 23:12:55,878 INFO [CRASH COMPLEXION_p004]        StemSeedsStep.java:86   | stem(3 max:5)
2026-03-13 23:12:55,998 INFO [CRASH COMPLEXION_p004]       StepMonitoring.java:98   | BEAMS
2026-03-13 23:12:59,044 INFO [CRASH COMPLEXION_p004]       StepMonitoring.java:98   | LEDGERS
2026-03-13 23:12:59,711 INFO [CRASH COMPLEXION_p004]       StepMonitoring.java:98   | HEADS
2026-03-13 23:13:00,774 INFO [CRASH COMPLEXION_p004]      TemplateFactory.java:940  | Rebuilding BREVE_SMALL template at resolution 104
2026-03-13 23:13:00,787 INFO [CRASH COMPLEXION_p004]      TemplateFactory.java:940  | Rebuilding WHOLE_NOTE_SMALL template at resolution 104
2026-03-13 23:13:06,355 INFO [CRASH COMPLEXION_p004]        HeadSeedTally.java:235  | Scale information: HeadSeeds{NOTEHEAD_VOID[R:-0.4] NOTEHEAD_VOID_SMALL[R:-0.4] NOTEHEAD_BLACK[L:0.7,R:0.4] NOTEHEAD_BLACK_SMALL[L:0.1,R:1.0]}
2026-03-13 23:13:06,356 INFO [CRASH COMPLEXION_p004]       StepMonitoring.java:98   | STEMS
2026-03-13 23:13:14,573 INFO [CRASH COMPLEXION_p004]       StepMonitoring.java:98   | REDUCTION
2026-03-13 23:13:16,153 INFO [CRASH COMPLEXION_p004]        ReductionStep.java:105  | Stems free length median value: 43 pixels, 2.5 interlines
2026-03-13 23:13:16,173 INFO [CRASH COMPLEXION_p004]       StepMonitoring.java:98   | CUE_BEAMS
2026-03-13 23:13:16,202 INFO [CRASH COMPLEXION_p004]       StepMonitoring.java:98   | TEXTS
2026-03-13 23:13:16,493 WARN [CRASH COMPLEXION_p004]         TesseractOCR.java:335  | The collection of supported languages is empty
2026-03-13 23:13:16,494 INFO [CRASH COMPLEXION_p004]              OcrUtil.java:106  | Missing support for 'eng' language(s)
2026-03-13 23:13:16,512 INFO [CRASH COMPLEXION_p004]       StepMonitoring.java:98   | MEASURES
2026-03-13 23:13:16,539 INFO [CRASH COMPLEXION_p004]                 Page.java:307  | 7 raw measures: [3 in system#1, 4 in system#2]
2026-03-13 23:13:16,540 INFO [CRASH COMPLEXION_p004]       StepMonitoring.java:98   | CHORDS
2026-03-13 23:13:16,578 INFO [CRASH COMPLEXION_p004]       StepMonitoring.java:98   | CURVES
2026-03-13 23:13:19,739 INFO [CRASH COMPLEXION_p004]         SlursBuilder.java:240  | Slurs: 23
2026-03-13 23:13:22,883 INFO [CRASH COMPLEXION_p004]      SegmentsBuilder.java:155  | Segments: 23
2026-03-13 23:13:22,982 WARN [CRASH COMPLEXION_p004]                 Book.java:2044 | Error processing stub
2026-03-13 23:13:22,982 INFO [CRASH COMPLEXION_p004]                 Book.java:2584 | Book{CRASH COMPLEXION_p004} storing
2026-03-13 23:13:23,123 INFO [CRASH COMPLEXION_p004]                 Book.java:2565 | Stored /book.xml
2026-03-13 23:13:23,318 INFO [CRASH COMPLEXION_p004]           DataHolder.java:348  | Stored /sheet#1/BINARY.png
2026-03-13 23:13:24,775 INFO [CRASH COMPLEXION_p004]                Sheet.java:1583 | Stored /sheet#1/sheet#1.xml
2026-03-13 23:13:24,776 INFO [CRASH COMPLEXION_p004]                 Book.java:2525 | Book stored as .cache\page_004\omr\CRASH COMPLEXION_p004.omr
2026-03-13 23:13:24,785 INFO [CRASH COMPLEXION_p004]            SheetStub.java:1654 | Sheet disposed
2026-03-13 23:13:24,832 INFO [CRASH COMPLEXION_p004]                 Book.java:2050 | End of Stub#1
2026-03-13 23:13:24,832 INFO [CRASH COMPLEXION_p004]                 Book.java:2057 | End of Book{CRASH COMPLEXION_p004}
2026-03-13 23:13:24,833 WARN [CRASH COMPLEXION_p004]                  CLI.java:956  | Exception occurred java.lang.Exception: Error in reaching step PAGE
java.lang.Exception: Error in reaching step PAGE
	at org.audiveris.omr.CLI$ProcessingTask.processBook(CLI.java:893)
	at org.audiveris.omr.CLI$CliTask.call(CLI.java:513)
	at org.audiveris.omr.Main.runBatchTasks(Main.java:361)
	at org.audiveris.omr.Main.main(Main.java:263)
	at Audiveris.main(Audiveris.java:50)
2026-03-13 23:13:24,882 INFO [CRASH COMPLEXION_p004]                Score.java:181  | Closing {Score 1}
