2026-03-13 23:51:35,788 INFO [CRASH COMPLEXION_p010]                 Book.java:1929 | Book reaching PAGE on sheets:[#1]
2026-03-13 23:51:35,791 INFO [CRASH COMPLEXION_p010]       StepMonitoring.java:98   | BINARY
2026-03-13 23:51:36,434 INFO [CRASH COMPLEXION_p010]            SheetStub.java:1000 | Loaded /sheet#1/sheet#1.xml
2026-03-13 23:51:36,961 INFO [CRASH COMPLEXION_p010]            SheetStub.java:1278 | Loaded image #1 2300x3170 from C:\Users\ken\RockSmithTabConvertToMidi\.cache\page_010\preprocess\CRASH COMPLEXION_p010.png
2026-03-13 23:51:38,820 INFO [CRASH COMPLEXION_p010]       StepMonitoring.java:98   | SCALE
2026-03-13 23:51:38,950 INFO [CRASH COMPLEXION_p010]         ScaleBuilder.java:241  | Beam  guessed height:  8 -- 0.50 of 16 interline
2026-03-13 23:51:38,955 INFO [CRASH COMPLEXION_p010]         ScaleBuilder.java:264  | Beam measured height:  8 -- 0.27 of [5..16] range at 315% of needed quorum
2026-03-13 23:51:38,956 INFO [CRASH COMPLEXION_p010]         ScaleBuilder.java:392  | Normalized black jitter: 11.76 %
2026-03-13 23:51:38,956 INFO [CRASH COMPLEXION_p010]            ScaleStep.java:65   | Scale{ small_interline(13,14,14) interline(16,17,19) line(2,3,4) beam(8)}
2026-03-13 23:51:38,964 INFO [CRASH COMPLEXION_p010]       StepMonitoring.java:98   | GRID
2026-03-13 23:51:43,727 INFO [CRASH COMPLEXION_p010]       LinesRetriever.java:1500 | Global slope: -0.00627
2026-03-13 23:51:43,860 INFO [CRASH COMPLEXION_p010]    ClustersRetriever.java:326  | Retrieved raw line clusters: 6 of sizes [6] with interline(16,17,19)
2026-03-13 23:51:43,863 INFO [CRASH COMPLEXION_p010]       LinesRetriever.java:1516 | Searching clusters with smallInterline: 14
2026-03-13 23:51:43,941 INFO [CRASH COMPLEXION_p010]    ClustersRetriever.java:326  | Retrieved raw line clusters: 18 of sizes [5] with interline(13,14,14)
2026-03-13 23:51:46,264 INFO [CRASH COMPLEXION_p010]            PeakGraph.java:310  | Systems: #1[1, 2, 3, 4, 5, 6, 7, 8] #2[9, 10, 11, 12, 13, 14, 15, 16] #3[17, 18, 19, 20, 21, 22, 23, 24]
2026-03-13 23:51:46,926 INFO [CRASH COMPLEXION_p010]        BarsRetriever.java:1305 | System#1
2026-03-13 23:51:46,927 INFO [CRASH COMPLEXION_p010]        BarsRetriever.java:1308 |    PartGroup{bracket number:1 barline:false staves:1-8}
2026-03-13 23:51:46,928 INFO [CRASH COMPLEXION_p010]        BarsRetriever.java:1305 | System#2
2026-03-13 23:51:46,928 INFO [CRASH COMPLEXION_p010]        BarsRetriever.java:1308 |    PartGroup{bracket number:1 barline:false staves:9-16}
2026-03-13 23:51:46,929 INFO [CRASH COMPLEXION_p010]        BarsRetriever.java:1305 | System#3
2026-03-13 23:51:46,929 INFO [CRASH COMPLEXION_p010]        BarsRetriever.java:1308 |    PartGroup{bracket number:1 barline:false staves:17-24}
2026-03-13 23:51:49,317 INFO [CRASH COMPLEXION_p010]        SystemManager.java:779  | 8 parts along 3 systems, 2 tablatures
2026-03-13 23:51:49,321 INFO [CRASH COMPLEXION_p010]                 Book.java:543  | Created scores: [{Score 1}]
2026-03-13 23:51:49,328 INFO [CRASH COMPLEXION_p010]       StepMonitoring.java:98   | HEADERS
2026-03-13 23:51:53,596 INFO [CRASH COMPLEXION_p010]       StepMonitoring.java:98   | STEM_SEEDS
2026-03-13 23:51:53,745 INFO [CRASH COMPLEXION_p010]        StemSeedsStep.java:86   | stem(3 max:5)
2026-03-13 23:51:53,903 INFO [CRASH COMPLEXION_p010]       StepMonitoring.java:98   | BEAMS
2026-03-13 23:52:00,622 INFO [CRASH COMPLEXION_p010]       StepMonitoring.java:98   | LEDGERS
2026-03-13 23:52:01,928 INFO [CRASH COMPLEXION_p010]       StepMonitoring.java:98   | HEADS
2026-03-13 23:52:10,783 INFO [CRASH COMPLEXION_p010]        HeadSeedTally.java:235  | Scale information: HeadSeeds{NOTEHEAD_VOID[R:-0.1] NOTEHEAD_BLACK[L:0.3,R:0.1]}
2026-03-13 23:52:10,784 INFO [CRASH COMPLEXION_p010]       StepMonitoring.java:98   | STEMS
2026-03-13 23:52:15,730 INFO [CRASH COMPLEXION_p010]       StepMonitoring.java:98   | REDUCTION
2026-03-13 23:52:16,475 INFO [CRASH COMPLEXION_p010]        ReductionStep.java:105  | Stems free length median value: 49 pixels, 2.9 interlines
2026-03-13 23:52:16,512 INFO [CRASH COMPLEXION_p010]       StepMonitoring.java:98   | CUE_BEAMS
2026-03-13 23:52:16,513 INFO [CRASH COMPLEXION_p010]         CueBeamsStep.java:81   | Step CUE_BEAMS is skipped because small heads switch is off
2026-03-13 23:52:16,513 INFO [CRASH COMPLEXION_p010]       StepMonitoring.java:98   | TEXTS
2026-03-13 23:52:17,160 WARN [CRASH COMPLEXION_p010]         TesseractOCR.java:335  | The collection of supported languages is empty
2026-03-13 23:52:17,161 INFO [CRASH COMPLEXION_p010]              OcrUtil.java:106  | Missing support for 'eng' language(s)
2026-03-13 23:52:17,175 INFO [CRASH COMPLEXION_p010]       StepMonitoring.java:98   | MEASURES
2026-03-13 23:52:17,191 INFO [CRASH COMPLEXION_p010]                 Page.java:307  | 6 raw measures: [3 in system#1, 2 in system#2, 1 in system#3]
2026-03-13 23:52:17,191 INFO [CRASH COMPLEXION_p010]       StepMonitoring.java:98   | CHORDS
2026-03-13 23:52:17,212 INFO [CRASH COMPLEXION_p010]       StepMonitoring.java:98   | CURVES
2026-03-13 23:52:21,466 INFO [CRASH COMPLEXION_p010]         SlursBuilder.java:240  | Slurs: 9
2026-03-13 23:52:25,986 INFO [CRASH COMPLEXION_p010]      SegmentsBuilder.java:155  | Segments: 19
2026-03-13 23:52:26,418 WARN [CRASH COMPLEXION_p010]                 Book.java:2044 | Error processing stub
2026-03-13 23:52:26,419 INFO [CRASH COMPLEXION_p010]                 Book.java:2584 | Book{CRASH COMPLEXION_p010} storing
2026-03-13 23:52:26,685 INFO [CRASH COMPLEXION_p010]                 Book.java:2565 | Stored /book.xml
2026-03-13 23:52:27,158 INFO [CRASH COMPLEXION_p010]           DataHolder.java:348  | Stored /sheet#1/BINARY.png
2026-03-13 23:52:29,650 INFO [CRASH COMPLEXION_p010]                Sheet.java:1583 | Stored /sheet#1/sheet#1.xml
2026-03-13 23:52:29,651 INFO [CRASH COMPLEXION_p010]                 Book.java:2525 | Book stored as C:\Users\ken\RockSmithTabConvertToMidi\.cache\page_010\omr_chords\CRASH COMPLEXION_p010.omr
2026-03-13 23:52:29,660 INFO [CRASH COMPLEXION_p010]            SheetStub.java:1654 | Sheet disposed
2026-03-13 23:52:29,714 INFO [CRASH COMPLEXION_p010]                 Book.java:2050 | End of Stub#1
2026-03-13 23:52:29,715 INFO [CRASH COMPLEXION_p010]                 Book.java:2057 | End of Book{CRASH COMPLEXION_p010}
2026-03-13 23:52:29,716 WARN [CRASH COMPLEXION_p010]                  CLI.java:956  | Exception occurred java.lang.Exception: Error in reaching step PAGE
java.lang.Exception: Error in reaching step PAGE
	at org.audiveris.omr.CLI$ProcessingTask.processBook(CLI.java:893)
	at org.audiveris.omr.CLI$CliTask.call(CLI.java:513)
	at org.audiveris.omr.Main.runBatchTasks(Main.java:361)
	at org.audiveris.omr.Main.main(Main.java:263)
	at Audiveris.main(Audiveris.java:50)
2026-03-13 23:52:29,771 INFO [CRASH COMPLEXION_p010]                Score.java:181  | Closing {Score 1}
t.java:1583 | Stored /sheet#1/sheet#1.xml
2026-03-13 23:52:19,142 INFO [CRASH COMPLEXION_p010]       StepMonitoring.java:98   | REDUCTION
2026-03-13 23:52:20,142 INFO [CRASH COMPLEXION_p010]        ReductionStep.java:105  | Stems free length median value: 49 pixels, 2.9 interlines
2026-03-13 23:52:20,219 INFO [CRASH COMPLEXION_p010]                 Book.java:2565 | Stored /book.xml
2026-03-13 23:52:20,851 INFO [CRASH COMPLEXION_p010]                Sheet.java:1583 | Stored /sheet#1/sheet#1.xml
2026-03-13 23:52:20,858 INFO [CRASH COMPLEXION_p010]       StepMonitoring.java:98   | CUE_BEAMS
2026-03-13 23:52:20,861 INFO [CRASH COMPLEXION_p010]         CueBeamsStep.java:81   | Step CUE_BEAMS is skipped because small heads switch is off
2026-03-13 23:52:20,869 INFO [CRASH COMPLEXION_p010]                 Book.java:2565 | Stored /book.xml
2026-03-13 23:52:21,383 INFO [CRASH COMPLEXION_p010]                Sheet.java:1583 | Stored /sheet#1/sheet#1.xml
2026-03-13 23:52:21,390 INFO [CRASH COMPLEXION_p010]       StepMonitoring.java:98   | TEXTS
2026-03-13 23:52:21,953 WARN [CRASH COMPLEXION_p010]         TesseractOCR.java:335  | The collection of supported languages is empty
2026-03-13 23:52:21,954 INFO [CRASH COMPLEXION_p010]              OcrUtil.java:106  | Missing support for 'eng' language(s)
2026-03-13 23:52:21,974 INFO [CRASH COMPLEXION_p010]                 Book.java:2565 | Stored /book.xml
2026-03-13 23:52:22,525 INFO [CRASH COMPLEXION_p010]                Sheet.java:1583 | Stored /sheet#1/sheet#1.xml
2026-03-13 23:52:22,532 INFO [CRASH COMPLEXION_p010]       StepMonitoring.java:98   | MEASURES
2026-03-13 23:52:22,550 INFO [CRASH COMPLEXION_p010]                 Page.java:307  | 6 raw measures: [3 in system#1, 2 in system#2, 1 in system#3]
2026-03-13 23:52:22,558 INFO [CRASH COMPLEXION_p010]                 Book.java:2565 | Stored /book.xml
2026-03-13 23:52:23,323 INFO [CRASH COMPLEXION_p010]                Sheet.java:1583 | Stored /sheet#1/sheet#1.xml
2026-03-13 23:52:23,330 INFO [CRASH COMPLEXION_p010]       StepMonitoring.java:98   | CHORDS
2026-03-13 23:52:23,387 INFO [CRASH COMPLEXION_p010]                 Book.java:2565 | Stored /book.xml
2026-03-13 23:52:24,096 INFO [CRASH COMPLEXION_p010]                Sheet.java:1583 | Stored /sheet#1/sheet#1.xml
2026-03-13 23:52:24,112 INFO [CRASH COMPLEXION_p010]            SheetStub.java:1654 | Sheet disposed
2026-03-13 23:52:24,205 INFO [CRASH COMPLEXION_p010]                 Book.java:2050 | End of Stub#1
2026-03-13 23:52:24,215 INFO [CRASH COMPLEXION_p010]                 Book.java:2057 | End of Book{CRASH COMPLEXION_p010}
2026-03-13 23:52:24,278 INFO [CRASH COMPLEXION_p010]                Score.java:181  | Closing {Score 1}
