2026-03-28 09:39:11,531 INFO [CRASH_COMPLEXION_p001]                 Book.java:560  | 1 sheet in C:\Users\ken\RockSmithTabConvertToMidi\tmp\crash_cache_v4_repeat\page_001\preprocess\CRASH_COMPLEXION_p001.png
2026-03-28 09:39:11,767 INFO []                 Book.java:2565 | Stored /book.xml
2026-03-28 09:39:11,768 INFO []                 Book.java:2525 | Book stored as tmp\crash_cache_v4_repeat\page_001\omr\CRASH_COMPLEXION_p001.omr
2026-03-28 09:39:11,781 INFO []                 Book.java:1929 | Book reaching PAGE on sheets:[#1]
2026-03-28 09:39:11,784 INFO [CRASH_COMPLEXION_p001]       StepMonitoring.java:98   | LOAD
2026-03-28 09:39:11,995 INFO [CRASH_COMPLEXION_p001]            SheetStub.java:1278 | Loaded image #1 2294x3372 from C:\Users\ken\RockSmithTabConvertToMidi\tmp\crash_cache_v4_repeat\page_001\preprocess\CRASH_COMPLEXION_p001.png
2026-03-28 09:39:12,002 INFO [CRASH_COMPLEXION_p001]       StepMonitoring.java:98   | BINARY
2026-03-28 09:39:13,382 INFO [CRASH_COMPLEXION_p001]       StepMonitoring.java:98   | SCALE
2026-03-28 09:39:13,445 INFO [CRASH_COMPLEXION_p001]         ScaleBuilder.java:241  | Beam  guessed height:  8 -- 0.50 of 16 interline
2026-03-28 09:39:13,447 INFO [CRASH_COMPLEXION_p001]         ScaleBuilder.java:264  | Beam measured height:  8 -- 0.27 of [5..16] range at 333% of needed quorum
2026-03-28 09:39:13,449 INFO [CRASH_COMPLEXION_p001]         ScaleBuilder.java:392  | Normalized black jitter: 17.65 %
2026-03-28 09:39:13,449 INFO [CRASH_COMPLEXION_p001]            ScaleStep.java:65   | Scale{ small_interline(13,13,14) interline(16,17,19) line(1,3,4) small_beam(8) beam(11)}
2026-03-28 09:39:13,452 INFO [CRASH_COMPLEXION_p001]       StepMonitoring.java:98   | GRID
2026-03-28 09:39:17,974 INFO [CRASH_COMPLEXION_p001]       LinesRetriever.java:1500 | Global slope: 0.00022
2026-03-28 09:39:18,131 INFO [CRASH_COMPLEXION_p001]    ClustersRetriever.java:326  | Retrieved raw line clusters: 2 of sizes [6] with interline(16,17,19)
2026-03-28 09:39:18,135 INFO [CRASH_COMPLEXION_p001]       LinesRetriever.java:1516 | Searching clusters with smallInterline: 13
2026-03-28 09:39:18,227 INFO [CRASH_COMPLEXION_p001]    ClustersRetriever.java:326  | Retrieved raw line clusters: 6 of sizes [5] with interline(13,13,14)
2026-03-28 09:39:21,763 INFO [CRASH_COMPLEXION_p001]            PeakGraph.java:310  | Systems: #1[1, 2, 3, 4, 5, 6, 7, 8]
2026-03-28 09:39:21,949 INFO [CRASH_COMPLEXION_p001]        BarsRetriever.java:1305 | System#1
2026-03-28 09:39:21,950 INFO [CRASH_COMPLEXION_p001]        BarsRetriever.java:1308 |    PartGroup{bracket number:1 barline:false staves:1-8}
2026-03-28 09:39:30,309 INFO [CRASH_COMPLEXION_p001]        SystemManager.java:779  | 8 parts along 1 system, 2 tablatures
2026-03-28 09:39:30,310 INFO [CRASH_COMPLEXION_p001]                 Book.java:543  | Created scores: [{Score 1}]
2026-03-28 09:39:30,311 INFO [CRASH_COMPLEXION_p001]       StepMonitoring.java:98   | HEADERS
2026-03-28 09:39:32,280 INFO [CRASH_COMPLEXION_p001]       StepMonitoring.java:98   | STEM_SEEDS
2026-03-28 09:39:32,401 INFO [CRASH_COMPLEXION_p001]        StemSeedsStep.java:86   | stem(3 max:4)
2026-03-28 09:39:32,760 INFO [CRASH_COMPLEXION_p001]       StepMonitoring.java:98   | BEAMS
2026-03-28 09:39:37,075 INFO [CRASH_COMPLEXION_p001]       StepMonitoring.java:98   | LEDGERS
2026-03-28 09:39:52,379 INFO [CRASH_COMPLEXION_p001]       StepMonitoring.java:98   | HEADS
2026-03-28 09:39:53,286 INFO [CRASH_COMPLEXION_p001]      TemplateFactory.java:940  | Rebuilding BREVE_SMALL template at resolution 104
2026-03-28 09:39:53,296 INFO [CRASH_COMPLEXION_p001]      TemplateFactory.java:940  | Rebuilding WHOLE_NOTE_SMALL template at resolution 104
2026-03-28 09:39:56,625 INFO [CRASH_COMPLEXION_p001]        HeadSeedTally.java:235  | Scale information: HeadSeeds{NOTEHEAD_BLACK[R:0.3] NOTEHEAD_BLACK_SMALL[R:1.1]}
2026-03-28 09:39:56,626 INFO [CRASH_COMPLEXION_p001]       StepMonitoring.java:98   | STEMS
2026-03-28 09:40:06,040 INFO [CRASH_COMPLEXION_p001]       StepMonitoring.java:98   | REDUCTION
2026-03-28 09:40:06,546 INFO [CRASH_COMPLEXION_p001]       BeamGroupInter.java:1123 | Separating beams SmallBeamInter#2275{(0.555/0.765) BEAM_SMALL} and SmallBeamInter#2277{(0.535/0.754) BEAM_SMALL}
2026-03-28 09:40:06,566 INFO [CRASH_COMPLEXION_p001]       BeamGroupInter.java:1123 | Separating beams SmallBeamInter#2283{(0.650/0.842) BEAM_SMALL} and SmallBeamInter#2306{(0.627/0.832) BEAM_SMALL}
2026-03-28 09:40:06,568 INFO [CRASH_COMPLEXION_p001]        ReductionStep.java:105  | Stems free length median value: 79 pixels, 4.6 interlines
2026-03-28 09:40:06,595 INFO [CRASH_COMPLEXION_p001]       StepMonitoring.java:98   | CUE_BEAMS
2026-03-28 09:40:06,596 INFO [CRASH_COMPLEXION_p001]         CueBeamsStep.java:86   | Step CUE_BEAMS is skipped because small beams have been processed
2026-03-28 09:40:06,597 INFO [CRASH_COMPLEXION_p001]       StepMonitoring.java:98   | TEXTS
2026-03-28 09:40:07,042 WARN [CRASH_COMPLEXION_p001]         TesseractOCR.java:335  | The collection of supported languages is empty
2026-03-28 09:40:07,044 INFO [CRASH_COMPLEXION_p001]              OcrUtil.java:106  | Missing support for 'eng' language(s)
2026-03-28 09:40:07,071 INFO [CRASH_COMPLEXION_p001]       StepMonitoring.java:98   | MEASURES
2026-03-28 09:40:07,098 INFO [CRASH_COMPLEXION_p001]                 Page.java:307  | 4 raw measures: [4 in system#1]
2026-03-28 09:40:07,099 INFO [CRASH_COMPLEXION_p001]       StepMonitoring.java:98   | CHORDS
2026-03-28 09:40:07,199 INFO [CRASH_COMPLEXION_p001]       StepMonitoring.java:98   | CURVES
2026-03-28 09:40:11,110 INFO [CRASH_COMPLEXION_p001]         SlursBuilder.java:240  | Slurs: 9
2026-03-28 09:40:11,362 INFO [CRASH_COMPLEXION_p001]      SegmentsBuilder.java:155  | Segments: 11
2026-03-28 09:40:12,200 INFO [CRASH_COMPLEXION_p001]       StepMonitoring.java:98   | SYMBOLS
2026-03-28 09:40:17,181 INFO [CRASH_COMPLEXION_p001]       StepMonitoring.java:98   | LINKS
2026-03-28 09:40:17,194 INFO [CRASH_COMPLEXION_p001]        SymbolsLinker.java:258  | No chord linked to OctaveShiftInter#7643{(0.133) staff:1 QUINDICESIMA ALTA} at java.awt.Point[x=258,y=1236]
2026-03-28 09:40:17,196 INFO [CRASH_COMPLEXION_p001]        SymbolsLinker.java:258  | No chord linked to OctaveShiftInter#7814{(0.121) staff:1 QUINDICESIMA ALTA} at java.awt.Point[x=789,y=1353]
2026-03-28 09:40:17,197 INFO [CRASH_COMPLEXION_p001]        SymbolsLinker.java:258  | No chord linked to OctaveShiftInter#7894{(0.273) staff:1 OTTAVA ALTA} at java.awt.Point[x=830,y=709]
2026-03-28 09:40:17,198 INFO [CRASH_COMPLEXION_p001]        SymbolsLinker.java:258  | No chord linked to OctaveShiftInter#7906{(0.136) staff:1 QUINDICESIMA ALTA} at java.awt.Point[x=931,y=1353]
2026-03-28 09:40:17,199 INFO [CRASH_COMPLEXION_p001]        SymbolsLinker.java:258  | No chord linked to OctaveShiftInter#8142{(0.161) staff:1 QUINDICESIMA ALTA} at java.awt.Point[x=1604,y=1176]
2026-03-28 09:40:17,200 INFO [CRASH_COMPLEXION_p001]        SymbolsLinker.java:258  | No chord linked to OctaveShiftInter#8235{(0.132) staff:1 VENTIDUESIMA ALTA} at java.awt.Point[x=1623,y=998]
2026-03-28 09:40:17,306 INFO [CRASH_COMPLEXION_p001]       StepMonitoring.java:98   | RHYTHMS
2026-03-28 09:40:17,356 INFO [CRASH_COMPLEXION_p001]       StepMonitoring.java:98   | PAGE
2026-03-28 09:40:17,361 WARN [CRASH_COMPLEXION_p001]         MeasureFixer.java:343  | System#1 No target duration for measures local IDs [1, 2, 3, 4], please check time signatures
2026-03-28 09:40:17,362 INFO [CRASH_COMPLEXION_p001]                 Book.java:2584 | Book{CRASH_COMPLEXION_p001} storing
2026-03-28 09:40:17,591 INFO [CRASH_COMPLEXION_p001]                 Book.java:2565 | Stored /book.xml
2026-03-28 09:40:17,889 INFO [CRASH_COMPLEXION_p001]           DataHolder.java:348  | Stored /sheet#1/BINARY.png
2026-03-28 09:40:20,004 INFO [CRASH_COMPLEXION_p001]                Sheet.java:1583 | Stored /sheet#1/sheet#1.xml
2026-03-28 09:40:20,005 INFO [CRASH_COMPLEXION_p001]                 Book.java:2525 | Book stored as tmp\crash_cache_v4_repeat\page_001\omr\CRASH_COMPLEXION_p001.omr
2026-03-28 09:40:20,010 INFO [CRASH_COMPLEXION_p001]            SheetStub.java:1654 | Sheet disposed
2026-03-28 09:40:20,066 INFO [CRASH_COMPLEXION_p001]                 Book.java:2050 | End of Stub#1
2026-03-28 09:40:20,067 INFO [CRASH_COMPLEXION_p001]                 Book.java:2057 | End of Book{CRASH_COMPLEXION_p001}
2026-03-28 09:40:26,979 INFO [CRASH_COMPLEXION_p001]            SheetStub.java:1000 | Loaded /sheet#1/sheet#1.xml
2026-03-28 09:40:27,799 INFO [CRASH_COMPLEXION_p001]      PartwiseBuilder.java:2706 | Exporting sheet(s): [#1]
2026-03-28 09:40:27,904 INFO [CRASH_COMPLEXION_p001]        ScoreExporter.java:164  | Score CRASH_COMPLEXION_p001 exported to tmp\crash_cache_v4_repeat\page_001\omr\CRASH_COMPLEXION_p001.mxl
2026-03-28 09:40:28,049 INFO [CRASH_COMPLEXION_p001]                Score.java:181  | Closing {Score 1}
