2026-03-28 09:46:08,959 INFO [CRASH_COMPLEXION_p005]                 Book.java:1929 | Book reaching PAGE on sheets:[#1]
2026-03-28 09:46:08,966 INFO [CRASH_COMPLEXION_p005]       StepMonitoring.java:98   | SYMBOLS
2026-03-28 09:46:12,014 INFO [CRASH_COMPLEXION_p005]            SheetStub.java:1000 | Loaded /sheet#1/sheet#1.xml
2026-03-28 09:46:16,848 INFO [CRASH_COMPLEXION_p005]       StepMonitoring.java:98   | LINKS
2026-03-28 09:46:16,884 INFO [CRASH_COMPLEXION_p005]             KeyInter.java:1322 | Key built KeyInter#13762{(0.154) staff:4 KEY_FLAT_1 pitch:0.2 fifths:-1}
2026-03-28 09:46:16,886 INFO [CRASH_COMPLEXION_p005]             KeyInter.java:1322 | Key built KeyInter#13764{(0.503) staff:4 KEY_FLAT_1 pitch:0.1 fifths:-1}
2026-03-28 09:46:17,138 INFO [CRASH_COMPLEXION_p005]       StepMonitoring.java:98   | RHYTHMS
2026-03-28 09:46:17,328 INFO [CRASH_COMPLEXION_p005]       StepMonitoring.java:98   | PAGE
2026-03-28 09:46:17,339 WARN [CRASH_COMPLEXION_p005]         MeasureFixer.java:343  | System#1 No target duration for measures local IDs [1, 2, 3, 4, 5], please check time signatures
2026-03-28 09:46:17,340 WARN [CRASH_COMPLEXION_p005]         MeasureFixer.java:343  | System#2 No target duration for measures local IDs [6, 7, 8, 9], please check time signatures
2026-03-28 09:46:17,344 INFO [CRASH_COMPLEXION_p005]                 Book.java:2584 | Book{CRASH_COMPLEXION_p005} storing
2026-03-28 09:46:17,449 INFO [CRASH_COMPLEXION_p005]                 Book.java:2565 | Stored /book.xml
2026-03-28 09:46:18,933 INFO [CRASH_COMPLEXION_p005]                Sheet.java:1583 | Stored /sheet#1/sheet#1.xml
2026-03-28 09:46:18,934 INFO [CRASH_COMPLEXION_p005]                 Book.java:2525 | Book stored as C:\Users\ken\RockSmithTabConvertToMidi\tmp\crash_cache_v4_repeat\page_005\omr\CRASH_COMPLEXION_p005.omr
2026-03-28 09:46:18,942 INFO [CRASH_COMPLEXION_p005]            SheetStub.java:1654 | Sheet disposed
2026-03-28 09:46:18,981 INFO [CRASH_COMPLEXION_p005]                 Book.java:2050 | End of Stub#1
2026-03-28 09:46:18,982 INFO [CRASH_COMPLEXION_p005]                 Book.java:2057 | End of Book{CRASH_COMPLEXION_p005}
2026-03-28 09:46:20,079 INFO [CRASH_COMPLEXION_p005]            SheetStub.java:1000 | Loaded /sheet#1/sheet#1.xml
2026-03-28 09:46:21,422 INFO [CRASH_COMPLEXION_p005]      PartwiseBuilder.java:2706 | Exporting sheet(s): [#1]
2026-03-28 09:46:21,634 INFO [CRASH_COMPLEXION_p005]        ScoreExporter.java:164  | Score CRASH_COMPLEXION_p005 exported to C:\Users\ken\RockSmithTabConvertToMidi\tmp\crash_cache_v4_repeat\page_005\omr\CRASH_COMPLEXION_p005.mxl
2026-03-28 09:46:21,725 INFO [CRASH_COMPLEXION_p005]                Score.java:181  | Closing {Score 1}
