2026-03-13 23:16:33,808 INFO [CRASH COMPLEXION_p008]                 Book.java:560  | 1 sheet in C:\Users\ken\RockSmithTabConvertToMidi\.cache\page_008\preprocess\CRASH COMPLEXION_p008.png
2026-03-13 23:16:34,020 INFO []                 Book.java:2565 | Stored /book.xml
2026-03-13 23:16:34,020 INFO []                 Book.java:2525 | Book stored as .cache\page_008\omr\CRASH COMPLEXION_p008.omr
2026-03-13 23:16:34,028 INFO []                 Book.java:1929 | Book reaching PAGE on sheets:[#1]
2026-03-13 23:16:34,030 INFO [CRASH COMPLEXION_p008]       StepMonitoring.java:98   | LOAD
2026-03-13 23:16:34,211 INFO [CRASH COMPLEXION_p008]            SheetStub.java:1278 | Loaded image #1 2302x3129 from C:\Users\ken\RockSmithTabConvertToMidi\.cache\page_008\preprocess\CRASH COMPLEXION_p008.png
2026-03-13 23:16:34,214 INFO [CRASH COMPLEXION_p008]       StepMonitoring.java:98   | BINARY
2026-03-13 23:16:35,043 INFO [CRASH COMPLEXION_p008]       StepMonitoring.java:98   | SCALE
2026-03-13 23:16:35,101 INFO [CRASH COMPLEXION_p008]         ScaleBuilder.java:241  | Beam  guessed height:  8 -- 0.50 of 16 interline
2026-03-13 23:16:35,103 INFO [CRASH COMPLEXION_p008]         ScaleBuilder.java:264  | Beam measured height:  8 -- 0.27 of [5..16] range at 336% of needed quorum
2026-03-13 23:16:35,104 INFO [CRASH COMPLEXION_p008]         ScaleBuilder.java:392  | Normalized black jitter: 11.76 %
2026-03-13 23:16:35,104 INFO [CRASH COMPLEXION_p008]            ScaleStep.java:65   | Scale{ small_interline(13,14,14) interline(16,17,19) line(2,3,4) beam(8)}
2026-03-13 23:16:35,106 INFO [CRASH COMPLEXION_p008]       StepMonitoring.java:98   | GRID
2026-03-13 23:16:38,009 INFO [CRASH COMPLEXION_p008]       LinesRetriever.java:1500 | Global slope: -0.00721
2026-03-13 23:16:38,171 INFO [CRASH COMPLEXION_p008]    ClustersRetriever.java:326  | Retrieved raw line clusters: 4 of sizes [6] with interline(16,17,19)
2026-03-13 23:16:38,174 INFO [CRASH COMPLEXION_p008]       LinesRetriever.java:1516 | Searching clusters with smallInterline: 14
2026-03-13 23:16:38,240 INFO [CRASH COMPLEXION_p008]    ClustersRetriever.java:326  | Retrieved raw line clusters: 12 of sizes [5] with interline(13,14,14)
2026-03-13 23:16:39,159 INFO [CRASH COMPLEXION_p008]            PeakGraph.java:310  | Systems: #1[1, 2, 3, 4, 5, 6, 7, 8] #2[9, 10, 11, 12, 13, 14, 15, 16]
2026-03-13 23:16:39,330 INFO [CRASH COMPLEXION_p008]        BarsRetriever.java:1305 | System#1
2026-03-13 23:16:39,331 INFO [CRASH COMPLEXION_p008]        BarsRetriever.java:1308 |    PartGroup{bracket number:1 barline:false staves:1-8}
2026-03-13 23:16:39,332 INFO [CRASH COMPLEXION_p008]        BarsRetriever.java:1305 | System#2
2026-03-13 23:16:39,332 INFO [CRASH COMPLEXION_p008]        BarsRetriever.java:1308 |    PartGroup{bracket number:1 barline:false staves:9-16}
2026-03-13 23:16:40,618 INFO [CRASH COMPLEXION_p008]        SystemManager.java:779  | 8 parts along 2 systems, 2 tablatures
2026-03-13 23:16:40,619 INFO [CRASH COMPLEXION_p008]                 Book.java:543  | Created scores: [{Score 1}]
2026-03-13 23:16:40,620 INFO [CRASH COMPLEXION_p008]       StepMonitoring.java:98   | HEADERS
2026-03-13 23:16:43,171 INFO [CRASH COMPLEXION_p008]       StepMonitoring.java:98   | STEM_SEEDS
2026-03-13 23:16:43,337 INFO [CRASH COMPLEXION_p008]        StemSeedsStep.java:86   | stem(3 max:4)
2026-03-13 23:16:43,492 INFO [CRASH COMPLEXION_p008]       StepMonitoring.java:98   | BEAMS
2026-03-13 23:16:47,106 INFO [CRASH COMPLEXION_p008]       StepMonitoring.java:98   | LEDGERS
2026-03-13 23:16:47,867 INFO [CRASH COMPLEXION_p008]       StepMonitoring.java:98   | HEADS
2026-03-13 23:16:48,756 INFO [CRASH COMPLEXION_p008]      TemplateFactory.java:940  | Rebuilding BREVE_SMALL template at resolution 112
2026-03-13 23:16:48,763 INFO [CRASH COMPLEXION_p008]      TemplateFactory.java:940  | Rebuilding WHOLE_NOTE_SMALL template at resolution 112
2026-03-13 23:16:57,384 INFO [CRASH COMPLEXION_p008]        HeadSeedTally.java:235  | Scale information: HeadSeeds{NOTEHEAD_BLACK[L:-0.0,R:-0.2] NOTEHEAD_BLACK_SMALL[L:-0.4,R:0.3]}
2026-03-13 23:16:57,385 INFO [CRASH COMPLEXION_p008]       StepMonitoring.java:98   | STEMS
2026-03-13 23:17:04,584 INFO [CRASH COMPLEXION_p008]       StepMonitoring.java:98   | REDUCTION
2026-03-13 23:17:05,333 INFO [CRASH COMPLEXION_p008]        ReductionStep.java:105  | Stems free length median value: 43 pixels, 2.5 interlines
2026-03-13 23:17:05,345 INFO [CRASH COMPLEXION_p008]       StepMonitoring.java:98   | CUE_BEAMS
2026-03-13 23:17:05,353 INFO [CRASH COMPLEXION_p008]       StepMonitoring.java:98   | TEXTS
2026-03-13 23:17:05,672 WARN [CRASH COMPLEXION_p008]         TesseractOCR.java:335  | The collection of supported languages is empty
2026-03-13 23:17:05,673 INFO [CRASH COMPLEXION_p008]              OcrUtil.java:106  | Missing support for 'eng' language(s)
2026-03-13 23:17:05,687 INFO [CRASH COMPLEXION_p008]       StepMonitoring.java:98   | MEASURES
2026-03-13 23:17:05,712 INFO [CRASH COMPLEXION_p008]                 Page.java:307  | 6 raw measures: [2 in system#1, 4 in system#2]
2026-03-13 23:17:05,712 INFO [CRASH COMPLEXION_p008]       StepMonitoring.java:98   | CHORDS
2026-03-13 23:17:05,751 INFO [CRASH COMPLEXION_p008]       StepMonitoring.java:98   | CURVES
2026-03-13 23:17:09,228 INFO [CRASH COMPLEXION_p008]         SlursBuilder.java:240  | Slurs: 31
2026-03-13 23:17:10,048 INFO [CRASH COMPLEXION_p008]      SegmentsBuilder.java:155  | Segments: 35
2026-03-13 23:17:10,204 INFO [CRASH COMPLEXION_p008]       StepMonitoring.java:98   | SYMBOLS
2026-03-13 23:17:14,345 INFO [CRASH COMPLEXION_p008]       StepMonitoring.java:98   | LINKS
2026-03-13 23:17:14,361 INFO [CRASH COMPLEXION_p008]        SymbolsLinker.java:258  | No chord linked to OctaveShiftInter#11914{(0.622) staff:1 OTTAVA BASSA} at java.awt.Point[x=1413,y=111]
2026-03-13 23:17:14,367 INFO [CRASH COMPLEXION_p008]             KeyInter.java:1189 | No effective key before AlterInter#11871{(0.774) staff:2 NATURAL pitch:-5.0}
2026-03-13 23:17:14,488 INFO [CRASH COMPLEXION_p008]             KeyInter.java:1189 | No effective key before AlterInter#12219{(0.533) staff:10 NATURAL pitch:2.0}
2026-03-13 23:17:14,489 INFO [CRASH COMPLEXION_p008]             KeyInter.java:1189 | No effective key before AlterInter#12393{(0.168) staff:10 NATURAL pitch:1.0}
2026-03-13 23:17:14,489 INFO [CRASH COMPLEXION_p008]             KeyInter.java:1189 | No effective key before AlterInter#13110{(0.199) staff:16 NATURAL pitch:5.0}
2026-03-13 23:17:14,636 INFO [CRASH COMPLEXION_p008]       StepMonitoring.java:98   | RHYTHMS
2026-03-13 23:17:14,777 INFO [CRASH COMPLEXION_p008]        MeasureRhythm.java:1044 | Measure{#3P2} No timeOffset for HeadChordInter#9681{(0.925/0.925) staff:10 slot#13 dur:1/8}
2026-03-13 23:17:14,787 INFO [CRASH COMPLEXION_p008]          StackRhythm.java:224  | S2 MeasureStack#3 no correct rhythm
2026-03-13 23:17:14,821 INFO [CRASH COMPLEXION_p008]       StepMonitoring.java:98   | PAGE
2026-03-13 23:17:14,829 WARN [CRASH COMPLEXION_p008]         MeasureFixer.java:343  | System#1 No target duration for measures local IDs [1, 2], please check time signatures
2026-03-13 23:17:14,830 WARN [CRASH COMPLEXION_p008]         MeasureFixer.java:343  | System#2 No target duration for measures local IDs [3, 4, 5, 6], please check time signatures
2026-03-13 23:17:14,831 INFO [CRASH COMPLEXION_p008]                 Book.java:2584 | Book{CRASH COMPLEXION_p008} storing
2026-03-13 23:17:14,991 INFO [CRASH COMPLEXION_p008]                 Book.java:2565 | Stored /book.xml
2026-03-13 23:17:15,322 INFO [CRASH COMPLEXION_p008]           DataHolder.java:348  | Stored /sheet#1/BINARY.png
2026-03-13 23:17:17,043 INFO [CRASH COMPLEXION_p008]                Sheet.java:1583 | Stored /sheet#1/sheet#1.xml
2026-03-13 23:17:17,043 INFO [CRASH COMPLEXION_p008]                 Book.java:2525 | Book stored as .cache\page_008\omr\CRASH COMPLEXION_p008.omr
2026-03-13 23:17:17,048 INFO [CRASH COMPLEXION_p008]            SheetStub.java:1654 | Sheet disposed
2026-03-13 23:17:17,097 INFO [CRASH COMPLEXION_p008]                 Book.java:2050 | End of Stub#1
2026-03-13 23:17:17,099 INFO [CRASH COMPLEXION_p008]                 Book.java:2057 | End of Book{CRASH COMPLEXION_p008}
2026-03-13 23:17:18,249 INFO [CRASH COMPLEXION_p008]            SheetStub.java:1000 | Loaded /sheet#1/sheet#1.xml
2026-03-13 23:17:19,047 INFO [CRASH COMPLEXION_p008]      PartwiseBuilder.java:2706 | Exporting sheet(s): [#1]
2026-03-13 23:17:19,259 INFO [CRASH COMPLEXION_p008]        ScoreExporter.java:164  | Score CRASH COMPLEXION_p008 exported to .cache\page_008\omr\CRASH COMPLEXION_p008.mxl
2026-03-13 23:17:19,357 INFO [CRASH COMPLEXION_p008]                Score.java:181  | Closing {Score 1}
