2026-03-28 10:37:21,166 INFO [CRASH_COMPLEXION_p003]                 Book.java:560  | 1 sheet in C:\Users\ken\RockSmithTabConvertToMidi\tmp\repeat_coda_bench_TAB_on_020\page_003\preprocess\CRASH_COMPLEXION_p003.png
2026-03-28 10:37:21,475 INFO []                 Book.java:2565 | Stored /book.xml
2026-03-28 10:37:21,476 INFO []                 Book.java:2525 | Book stored as C:\Users\ken\RockSmithTabConvertToMidi\tmp\repeat_coda_bench_TAB_on_020\page_003\omr\CRASH_COMPLEXION_p003.omr
2026-03-28 10:37:21,490 INFO []                 Book.java:1929 | Book reaching PAGE on sheets:[#1]
2026-03-28 10:37:21,495 INFO [CRASH_COMPLEXION_p003]       StepMonitoring.java:98   | LOAD
2026-03-28 10:37:21,715 INFO [CRASH_COMPLEXION_p003]            SheetStub.java:1278 | Loaded image #1 2295x3099 from C:\Users\ken\RockSmithTabConvertToMidi\tmp\repeat_coda_bench_TAB_on_020\page_003\preprocess\CRASH_COMPLEXION_p003.png
2026-03-28 10:37:21,723 INFO [CRASH_COMPLEXION_p003]       StepMonitoring.java:98   | BINARY
2026-03-28 10:37:22,808 INFO [CRASH_COMPLEXION_p003]       StepMonitoring.java:98   | SCALE
2026-03-28 10:37:22,855 INFO [CRASH_COMPLEXION_p003]         ScaleBuilder.java:241  | Beam  guessed height:  8 -- 0.50 of 16 interline
2026-03-28 10:37:22,857 INFO [CRASH_COMPLEXION_p003]         ScaleBuilder.java:264  | Beam measured height:  8 -- 0.27 of [5..16] range at 245% of needed quorum
2026-03-28 10:37:22,858 INFO [CRASH_COMPLEXION_p003]         ScaleBuilder.java:392  | Normalized black jitter: 11.76 %
2026-03-28 10:37:22,862 INFO [CRASH_COMPLEXION_p003]            ScaleStep.java:65   | Scale{ small_interline(13,13,14) interline(16,17,19) line(2,3,4) beam(8)}
2026-03-28 10:37:22,864 INFO [CRASH_COMPLEXION_p003]       StepMonitoring.java:98   | GRID
2026-03-28 10:37:27,462 INFO [CRASH_COMPLEXION_p003]       LinesRetriever.java:1500 | Global slope: -0.00786
2026-03-28 10:37:27,591 INFO [CRASH_COMPLEXION_p003]    ClustersRetriever.java:326  | Retrieved raw line clusters: 4 of sizes [6] with interline(16,17,19)
2026-03-28 10:37:27,595 INFO [CRASH_COMPLEXION_p003]       LinesRetriever.java:1516 | Searching clusters with smallInterline: 13
2026-03-28 10:37:27,698 INFO [CRASH_COMPLEXION_p003]    ClustersRetriever.java:326  | Retrieved raw line clusters: 12 of sizes [5] with interline(13,13,14)
2026-03-28 10:37:28,465 INFO [CRASH_COMPLEXION_p003]            PeakGraph.java:310  | Systems: #1[1, 2, 3, 4, 5, 6, 7, 8] #2[9, 10, 11, 12, 13, 14, 15, 16]
2026-03-28 10:37:28,648 INFO [CRASH_COMPLEXION_p003]        BarsRetriever.java:1305 | System#1
2026-03-28 10:37:28,649 INFO [CRASH_COMPLEXION_p003]        BarsRetriever.java:1308 |    PartGroup{bracket number:1 barline:false staves:1-8}
2026-03-28 10:37:28,649 INFO [CRASH_COMPLEXION_p003]        BarsRetriever.java:1305 | System#2
2026-03-28 10:37:28,650 INFO [CRASH_COMPLEXION_p003]        BarsRetriever.java:1308 |    PartGroup{bracket number:1 barline:false staves:9-16}
2026-03-28 10:37:30,583 INFO [CRASH_COMPLEXION_p003]        SystemManager.java:779  | 8 parts along 2 systems, 2 tablatures
2026-03-28 10:37:30,584 INFO [CRASH_COMPLEXION_p003]                 Book.java:543  | Created scores: [{Score 1}]
2026-03-28 10:37:30,585 INFO [CRASH_COMPLEXION_p003]       StepMonitoring.java:98   | HEADERS
2026-03-28 10:37:33,943 INFO [CRASH_COMPLEXION_p003]       StepMonitoring.java:98   | STEM_SEEDS
2026-03-28 10:37:34,222 INFO [CRASH_COMPLEXION_p003]        StemSeedsStep.java:86   | stem(3 max:5)
2026-03-28 10:37:34,499 INFO [CRASH_COMPLEXION_p003]       StepMonitoring.java:98   | BEAMS
2026-03-28 10:37:38,723 INFO [CRASH_COMPLEXION_p003]       StepMonitoring.java:98   | LEDGERS
2026-03-28 10:37:40,285 INFO [CRASH_COMPLEXION_p003]       StepMonitoring.java:98   | HEADS
2026-03-28 10:37:41,325 INFO [CRASH_COMPLEXION_p003]      TemplateFactory.java:940  | Rebuilding BREVE_SMALL template at resolution 104
2026-03-28 10:37:41,338 INFO [CRASH_COMPLEXION_p003]      TemplateFactory.java:940  | Rebuilding WHOLE_NOTE_SMALL template at resolution 104
2026-03-28 10:37:48,201 INFO [CRASH_COMPLEXION_p003]        HeadSeedTally.java:235  | Scale information: HeadSeeds{NOTEHEAD_VOID_SMALL[R:-0.5] NOTEHEAD_BLACK[L:0.1,R:0.8] NOTEHEAD_BLACK_SMALL[L:0.0,R:1.2]}
2026-03-28 10:37:48,206 INFO [CRASH_COMPLEXION_p003]       StepMonitoring.java:98   | STEMS
2026-03-28 10:37:57,522 INFO [CRASH_COMPLEXION_p003]       StepMonitoring.java:98   | REDUCTION
2026-03-28 10:37:59,084 INFO [CRASH_COMPLEXION_p003]        ReductionStep.java:105  | Stems free length median value: 49 pixels, 2.9 interlines
2026-03-28 10:37:59,096 INFO [CRASH_COMPLEXION_p003]       StepMonitoring.java:98   | CUE_BEAMS
2026-03-28 10:37:59,101 INFO [CRASH_COMPLEXION_p003]         BeamsBuilder.java:2051 | Mixed or unknown direction in cue area S1A1 java.awt.Rectangle[x=787,y=611,width=27,height=52]
2026-03-28 10:37:59,107 INFO [CRASH_COMPLEXION_p003]       StepMonitoring.java:98   | TEXTS
2026-03-28 10:37:59,401 WARN [CRASH_COMPLEXION_p003]         TesseractOCR.java:335  | The collection of supported languages is empty
2026-03-28 10:37:59,402 INFO [CRASH_COMPLEXION_p003]              OcrUtil.java:106  | Missing support for 'eng' language(s)
2026-03-28 10:37:59,418 INFO [CRASH_COMPLEXION_p003]       StepMonitoring.java:98   | MEASURES
2026-03-28 10:37:59,441 INFO [CRASH_COMPLEXION_p003]                 Page.java:307  | 8 raw measures: [5 in system#1, 3 in system#2]
2026-03-28 10:37:59,442 INFO [CRASH_COMPLEXION_p003]       StepMonitoring.java:98   | CHORDS
2026-03-28 10:37:59,478 INFO [CRASH_COMPLEXION_p003]       StepMonitoring.java:98   | CURVES
2026-03-28 10:38:02,231 INFO [CRASH_COMPLEXION_p003]         SlursBuilder.java:240  | Slurs: 12
2026-03-28 10:38:05,027 INFO [CRASH_COMPLEXION_p003]      SegmentsBuilder.java:155  | Segments: 17
2026-03-28 10:38:05,242 WARN [CRASH_COMPLEXION_p003]         TesseractOCR.java:335  | The collection of supported languages is empty
2026-03-28 10:38:05,242 INFO [CRASH_COMPLEXION_p003]              OcrUtil.java:106  | Missing support for 'eng' language(s)
2026-03-28 10:38:05,243 INFO [CRASH_COMPLEXION_p003]    RehearsalsBuilder.java:199  | No text found in rehearsal enclosure java.awt.Rectangle[x=281,y=34,width=41,height=40]
2026-03-28 10:38:05,244 INFO [CRASH_COMPLEXION_p003]       StepMonitoring.java:98   | SYMBOLS
2026-03-28 10:38:09,011 INFO [CRASH_COMPLEXION_p003]       StepMonitoring.java:98   | LINKS
2026-03-28 10:38:09,211 INFO [CRASH_COMPLEXION_p003]       StepMonitoring.java:98   | RHYTHMS
2026-03-28 10:38:09,384 INFO [CRASH_COMPLEXION_p003]       StepMonitoring.java:98   | PAGE
2026-03-28 10:38:09,401 WARN [CRASH_COMPLEXION_p003]         MeasureFixer.java:343  | System#1 No target duration for measures local IDs [1, 2, 3, 4, 5], please check time signatures
2026-03-28 10:38:09,402 WARN [CRASH_COMPLEXION_p003]         MeasureFixer.java:343  | System#2 No target duration for measures local IDs [6, 7, 8], please check time signatures
2026-03-28 10:38:09,403 INFO [CRASH_COMPLEXION_p003]                 Book.java:2584 | Book{CRASH_COMPLEXION_p003} storing
2026-03-28 10:38:09,603 INFO [CRASH_COMPLEXION_p003]                 Book.java:2565 | Stored /book.xml
2026-03-28 10:38:09,769 INFO [CRASH_COMPLEXION_p003]           DataHolder.java:348  | Stored /sheet#1/BINARY.png
2026-03-28 10:38:11,627 INFO [CRASH_COMPLEXION_p003]                Sheet.java:1583 | Stored /sheet#1/sheet#1.xml
2026-03-28 10:38:11,628 INFO [CRASH_COMPLEXION_p003]                 Book.java:2525 | Book stored as C:\Users\ken\RockSmithTabConvertToMidi\tmp\repeat_coda_bench_TAB_on_020\page_003\omr\CRASH_COMPLEXION_p003.omr
2026-03-28 10:38:11,633 INFO [CRASH_COMPLEXION_p003]            SheetStub.java:1654 | Sheet disposed
2026-03-28 10:38:11,682 INFO [CRASH_COMPLEXION_p003]                 Book.java:2050 | End of Stub#1
2026-03-28 10:38:11,683 INFO [CRASH_COMPLEXION_p003]                 Book.java:2057 | End of Book{CRASH_COMPLEXION_p003}
2026-03-28 10:38:14,071 INFO [CRASH_COMPLEXION_p003]            SheetStub.java:1000 | Loaded /sheet#1/sheet#1.xml
2026-03-28 10:38:14,844 INFO [CRASH_COMPLEXION_p003]      PartwiseBuilder.java:2706 | Exporting sheet(s): [#1]
2026-03-28 10:38:15,035 INFO [CRASH_COMPLEXION_p003]        ScoreExporter.java:164  | Score CRASH_COMPLEXION_p003 exported to C:\Users\ken\RockSmithTabConvertToMidi\tmp\repeat_coda_bench_TAB_on_020\page_003\omr\CRASH_COMPLEXION_p003.mxl
2026-03-28 10:38:15,144 INFO [CRASH_COMPLEXION_p003]                Score.java:181  | Closing {Score 1}
