2026-03-28 00:27:57,885 INFO [CRASH_COMPLEXION_p001]                 Book.java:560  | 1 sheet in C:\Users\ken\RockSmithTabConvertToMidi\tmp\crash_cache_v3\page_001\preprocess\CRASH_COMPLEXION_p001.png
2026-03-28 00:27:58,130 INFO []                 Book.java:2565 | Stored /book.xml
2026-03-28 00:27:58,130 INFO []                 Book.java:2525 | Book stored as tmp\crash_cache_v3\page_001\omr\CRASH_COMPLEXION_p001.omr
2026-03-28 00:27:58,139 INFO []                 Book.java:1929 | Book reaching PAGE on sheets:[#1]
2026-03-28 00:27:58,142 INFO [CRASH_COMPLEXION_p001]       StepMonitoring.java:98   | LOAD
2026-03-28 00:27:58,366 INFO [CRASH_COMPLEXION_p001]            SheetStub.java:1278 | Loaded image #1 2294x3372 from C:\Users\ken\RockSmithTabConvertToMidi\tmp\crash_cache_v3\page_001\preprocess\CRASH_COMPLEXION_p001.png
2026-03-28 00:27:58,372 INFO [CRASH_COMPLEXION_p001]       StepMonitoring.java:98   | BINARY
2026-03-28 00:27:59,292 INFO [CRASH_COMPLEXION_p001]       StepMonitoring.java:98   | SCALE
2026-03-28 00:27:59,341 INFO [CRASH_COMPLEXION_p001]         ScaleBuilder.java:241  | Beam  guessed height:  8 -- 0.50 of 16 interline
2026-03-28 00:27:59,343 INFO [CRASH_COMPLEXION_p001]         ScaleBuilder.java:264  | Beam measured height:  8 -- 0.27 of [5..16] range at 333% of needed quorum
2026-03-28 00:27:59,344 INFO [CRASH_COMPLEXION_p001]         ScaleBuilder.java:392  | Normalized black jitter: 17.65 %
2026-03-28 00:27:59,345 INFO [CRASH_COMPLEXION_p001]            ScaleStep.java:65   | Scale{ small_interline(13,13,14) interline(16,17,19) line(1,3,4) small_beam(8) beam(11)}
2026-03-28 00:27:59,346 INFO [CRASH_COMPLEXION_p001]       StepMonitoring.java:98   | GRID
2026-03-28 00:28:04,035 INFO [CRASH_COMPLEXION_p001]       LinesRetriever.java:1500 | Global slope: 0.00022
2026-03-28 00:28:04,198 INFO [CRASH_COMPLEXION_p001]    ClustersRetriever.java:326  | Retrieved raw line clusters: 2 of sizes [6] with interline(16,17,19)
2026-03-28 00:28:04,201 INFO [CRASH_COMPLEXION_p001]       LinesRetriever.java:1516 | Searching clusters with smallInterline: 13
2026-03-28 00:28:04,264 INFO [CRASH_COMPLEXION_p001]    ClustersRetriever.java:326  | Retrieved raw line clusters: 6 of sizes [5] with interline(13,13,14)
2026-03-28 00:28:07,095 INFO [CRASH_COMPLEXION_p001]            PeakGraph.java:310  | Systems: #1[1, 2, 3, 4, 5, 6, 7, 8]
2026-03-28 00:28:07,298 INFO [CRASH_COMPLEXION_p001]        BarsRetriever.java:1305 | System#1
2026-03-28 00:28:07,299 INFO [CRASH_COMPLEXION_p001]        BarsRetriever.java:1308 |    PartGroup{bracket number:1 barline:false staves:1-8}
2026-03-28 00:28:14,194 INFO [CRASH_COMPLEXION_p001]        SystemManager.java:779  | 8 parts along 1 system, 2 tablatures
2026-03-28 00:28:14,195 INFO [CRASH_COMPLEXION_p001]                 Book.java:543  | Created scores: [{Score 1}]
2026-03-28 00:28:14,196 INFO [CRASH_COMPLEXION_p001]       StepMonitoring.java:98   | HEADERS
2026-03-28 00:28:16,299 INFO [CRASH_COMPLEXION_p001]       StepMonitoring.java:98   | STEM_SEEDS
2026-03-28 00:28:16,453 INFO [CRASH_COMPLEXION_p001]        StemSeedsStep.java:86   | stem(3 max:4)
2026-03-28 00:28:17,189 INFO [CRASH_COMPLEXION_p001]       StepMonitoring.java:98   | BEAMS
2026-03-28 00:28:21,549 INFO [CRASH_COMPLEXION_p001]       StepMonitoring.java:98   | LEDGERS
2026-03-28 00:28:38,520 INFO [CRASH_COMPLEXION_p001]       StepMonitoring.java:98   | HEADS
2026-03-28 00:28:39,440 INFO [CRASH_COMPLEXION_p001]      TemplateFactory.java:940  | Rebuilding BREVE_SMALL template at resolution 104
2026-03-28 00:28:39,448 INFO [CRASH_COMPLEXION_p001]      TemplateFactory.java:940  | Rebuilding WHOLE_NOTE_SMALL template at resolution 104
2026-03-28 00:28:42,972 INFO [CRASH_COMPLEXION_p001]        HeadSeedTally.java:235  | Scale information: HeadSeeds{NOTEHEAD_BLACK[R:0.3] NOTEHEAD_BLACK_SMALL[R:1.1]}
2026-03-28 00:28:42,974 INFO [CRASH_COMPLEXION_p001]       StepMonitoring.java:98   | STEMS
2026-03-28 00:28:51,334 INFO [CRASH_COMPLEXION_p001]       StepMonitoring.java:98   | REDUCTION
2026-03-28 00:28:51,672 INFO [CRASH_COMPLEXION_p001]       BeamGroupInter.java:1123 | Separating beams SmallBeamInter#2275{(0.555/0.765) BEAM_SMALL} and SmallBeamInter#2277{(0.535/0.754) BEAM_SMALL}
2026-03-28 00:28:51,968 INFO [CRASH_COMPLEXION_p001]       BeamGroupInter.java:1123 | Separating beams SmallBeamInter#2283{(0.650/0.842) BEAM_SMALL} and SmallBeamInter#2306{(0.627/0.832) BEAM_SMALL}
2026-03-28 00:28:51,970 INFO [CRASH_COMPLEXION_p001]        ReductionStep.java:105  | Stems free length median value: 79 pixels, 4.6 interlines
2026-03-28 00:28:51,978 INFO [CRASH_COMPLEXION_p001]       StepMonitoring.java:98   | CUE_BEAMS
2026-03-28 00:28:51,979 INFO [CRASH_COMPLEXION_p001]         CueBeamsStep.java:86   | Step CUE_BEAMS is skipped because small beams have been processed
2026-03-28 00:28:51,980 INFO [CRASH_COMPLEXION_p001]       StepMonitoring.java:98   | TEXTS
2026-03-28 00:28:52,270 WARN [CRASH_COMPLEXION_p001]         TesseractOCR.java:335  | The collection of supported languages is empty
2026-03-28 00:28:52,271 INFO [CRASH_COMPLEXION_p001]              OcrUtil.java:106  | Missing support for 'eng' language(s)
2026-03-28 00:28:52,293 INFO [CRASH_COMPLEXION_p001]       StepMonitoring.java:98   | MEASURES
2026-03-28 00:28:52,311 INFO [CRASH_COMPLEXION_p001]                 Page.java:307  | 4 raw measures: [4 in system#1]
2026-03-28 00:28:52,312 INFO [CRASH_COMPLEXION_p001]       StepMonitoring.java:98   | CHORDS
2026-03-28 00:28:52,329 INFO [CRASH_COMPLEXION_p001]       StepMonitoring.java:98   | CURVES
2026-03-28 00:28:54,950 INFO [CRASH_COMPLEXION_p001]         SlursBuilder.java:240  | Slurs: 9
2026-03-28 00:28:55,286 INFO [CRASH_COMPLEXION_p001]      SegmentsBuilder.java:155  | Segments: 11
2026-03-28 00:28:55,666 INFO [CRASH_COMPLEXION_p001]       StepMonitoring.java:98   | SYMBOLS
2026-03-28 00:28:59,237 INFO [CRASH_COMPLEXION_p001]       StepMonitoring.java:98   | LINKS
2026-03-28 00:28:59,252 INFO [CRASH_COMPLEXION_p001]        SymbolsLinker.java:258  | No chord linked to OctaveShiftInter#7706{(0.133) staff:1 QUINDICESIMA ALTA} at java.awt.Point[x=258,y=1236]
2026-03-28 00:28:59,254 INFO [CRASH_COMPLEXION_p001]        SymbolsLinker.java:258  | No chord linked to OctaveShiftInter#7877{(0.121) staff:1 QUINDICESIMA ALTA} at java.awt.Point[x=789,y=1353]
2026-03-28 00:28:59,255 INFO [CRASH_COMPLEXION_p001]        SymbolsLinker.java:258  | No chord linked to OctaveShiftInter#7957{(0.273) staff:1 OTTAVA ALTA} at java.awt.Point[x=830,y=709]
2026-03-28 00:28:59,255 INFO [CRASH_COMPLEXION_p001]        SymbolsLinker.java:258  | No chord linked to OctaveShiftInter#7969{(0.136) staff:1 QUINDICESIMA ALTA} at java.awt.Point[x=931,y=1353]
2026-03-28 00:28:59,256 INFO [CRASH_COMPLEXION_p001]        SymbolsLinker.java:258  | No chord linked to OctaveShiftInter#8205{(0.161) staff:1 QUINDICESIMA ALTA} at java.awt.Point[x=1604,y=1176]
2026-03-28 00:28:59,256 INFO [CRASH_COMPLEXION_p001]        SymbolsLinker.java:258  | No chord linked to OctaveShiftInter#8298{(0.132) staff:1 VENTIDUESIMA ALTA} at java.awt.Point[x=1623,y=998]
2026-03-28 00:28:59,367 INFO [CRASH_COMPLEXION_p001]       StepMonitoring.java:98   | RHYTHMS
2026-03-28 00:28:59,440 INFO [CRASH_COMPLEXION_p001]       StepMonitoring.java:98   | PAGE
2026-03-28 00:28:59,446 WARN [CRASH_COMPLEXION_p001]         MeasureFixer.java:343  | System#1 No target duration for measures local IDs [1, 2, 3, 4], please check time signatures
2026-03-28 00:28:59,447 INFO [CRASH_COMPLEXION_p001]                 Book.java:2584 | Book{CRASH_COMPLEXION_p001} storing
2026-03-28 00:28:59,659 INFO [CRASH_COMPLEXION_p001]                 Book.java:2565 | Stored /book.xml
2026-03-28 00:28:59,938 INFO [CRASH_COMPLEXION_p001]           DataHolder.java:348  | Stored /sheet#1/BINARY.png
2026-03-28 00:29:01,919 INFO [CRASH_COMPLEXION_p001]                Sheet.java:1583 | Stored /sheet#1/sheet#1.xml
2026-03-28 00:29:01,919 INFO [CRASH_COMPLEXION_p001]                 Book.java:2525 | Book stored as tmp\crash_cache_v3\page_001\omr\CRASH_COMPLEXION_p001.omr
2026-03-28 00:29:01,924 INFO [CRASH_COMPLEXION_p001]            SheetStub.java:1654 | Sheet disposed
2026-03-28 00:29:01,970 INFO [CRASH_COMPLEXION_p001]                 Book.java:2050 | End of Stub#1
2026-03-28 00:29:01,971 INFO [CRASH_COMPLEXION_p001]                 Book.java:2057 | End of Book{CRASH_COMPLEXION_p001}
2026-03-28 00:29:07,898 INFO [CRASH_COMPLEXION_p001]            SheetStub.java:1000 | Loaded /sheet#1/sheet#1.xml
2026-03-28 00:29:08,691 INFO [CRASH_COMPLEXION_p001]      PartwiseBuilder.java:2706 | Exporting sheet(s): [#1]
2026-03-28 00:29:08,798 INFO [CRASH_COMPLEXION_p001]        ScoreExporter.java:164  | Score CRASH_COMPLEXION_p001 exported to tmp\crash_cache_v3\page_001\omr\CRASH_COMPLEXION_p001.mxl
2026-03-28 00:29:08,955 INFO [CRASH_COMPLEXION_p001]                Score.java:181  | Closing {Score 1}
