2026-03-13 23:03:40,289 INFO [CRASH COMPLEXION_p003]                 Book.java:560  | 1 sheet in C:\Users\ken\RockSmithTabConvertToMidi\.cache\page_003\preprocess\CRASH COMPLEXION_p003.png
2026-03-13 23:03:40,501 INFO []                 Book.java:2565 | Stored /book.xml
2026-03-13 23:03:40,502 INFO []                 Book.java:2525 | Book stored as .cache\page_003\omr\CRASH COMPLEXION_p003.omr
2026-03-13 23:03:40,507 INFO []                 Book.java:1929 | Book reaching PAGE on sheets:[#1]
2026-03-13 23:03:40,510 INFO [CRASH COMPLEXION_p003]       StepMonitoring.java:98   | LOAD
2026-03-13 23:03:40,711 INFO [CRASH COMPLEXION_p003]            SheetStub.java:1278 | Loaded image #1 2295x3099 from C:\Users\ken\RockSmithTabConvertToMidi\.cache\page_003\preprocess\CRASH COMPLEXION_p003.png
2026-03-13 23:03:40,720 INFO [CRASH COMPLEXION_p003]       StepMonitoring.java:98   | BINARY
2026-03-13 23:03:41,614 INFO [CRASH COMPLEXION_p003]       StepMonitoring.java:98   | SCALE
2026-03-13 23:03:41,675 INFO [CRASH COMPLEXION_p003]         ScaleBuilder.java:241  | Beam  guessed height:  8 -- 0.50 of 16 interline
2026-03-13 23:03:41,676 INFO [CRASH COMPLEXION_p003]         ScaleBuilder.java:264  | Beam measured height:  8 -- 0.27 of [5..16] range at 245% of needed quorum
2026-03-13 23:03:41,677 INFO [CRASH COMPLEXION_p003]         ScaleBuilder.java:392  | Normalized black jitter: 11.76 %
2026-03-13 23:03:41,677 INFO [CRASH COMPLEXION_p003]            ScaleStep.java:65   | Scale{ small_interline(13,13,14) interline(16,17,19) line(2,3,4) beam(8)}
2026-03-13 23:03:41,678 INFO [CRASH COMPLEXION_p003]       StepMonitoring.java:98   | GRID
2026-03-13 23:03:44,189 INFO [CRASH COMPLEXION_p003]       LinesRetriever.java:1500 | Global slope: -0.00786
2026-03-13 23:03:44,318 INFO [CRASH COMPLEXION_p003]    ClustersRetriever.java:326  | Retrieved raw line clusters: 4 of sizes [6] with interline(16,17,19)
2026-03-13 23:03:44,321 INFO [CRASH COMPLEXION_p003]       LinesRetriever.java:1516 | Searching clusters with smallInterline: 13
2026-03-13 23:03:44,411 INFO [CRASH COMPLEXION_p003]    ClustersRetriever.java:326  | Retrieved raw line clusters: 12 of sizes [5] with interline(13,13,14)
2026-03-13 23:03:45,259 INFO [CRASH COMPLEXION_p003]            PeakGraph.java:310  | Systems: #1[1, 2, 3, 4, 5, 6, 7, 8] #2[9, 10, 11, 12, 13, 14, 15, 16]
2026-03-13 23:03:45,491 INFO [CRASH COMPLEXION_p003]        BarsRetriever.java:1305 | System#1
2026-03-13 23:03:45,492 INFO [CRASH COMPLEXION_p003]        BarsRetriever.java:1308 |    PartGroup{bracket number:1 barline:false staves:1-8}
2026-03-13 23:03:45,493 INFO [CRASH COMPLEXION_p003]        BarsRetriever.java:1305 | System#2
2026-03-13 23:03:45,493 INFO [CRASH COMPLEXION_p003]        BarsRetriever.java:1308 |    PartGroup{bracket number:1 barline:false staves:9-16}
2026-03-13 23:03:47,989 INFO [CRASH COMPLEXION_p003]        SystemManager.java:779  | 8 parts along 2 systems, 2 tablatures
2026-03-13 23:03:47,991 INFO [CRASH COMPLEXION_p003]                 Book.java:543  | Created scores: [{Score 1}]
2026-03-13 23:03:47,994 INFO [CRASH COMPLEXION_p003]       StepMonitoring.java:98   | HEADERS
2026-03-13 23:03:51,704 INFO [CRASH COMPLEXION_p003]       StepMonitoring.java:98   | STEM_SEEDS
2026-03-13 23:03:51,860 INFO [CRASH COMPLEXION_p003]        StemSeedsStep.java:86   | stem(3 max:5)
2026-03-13 23:03:52,015 INFO [CRASH COMPLEXION_p003]       StepMonitoring.java:98   | BEAMS
2026-03-13 23:03:56,112 INFO [CRASH COMPLEXION_p003]       StepMonitoring.java:98   | LEDGERS
2026-03-13 23:03:57,044 INFO [CRASH COMPLEXION_p003]       StepMonitoring.java:98   | HEADS
2026-03-13 23:04:03,733 INFO [CRASH COMPLEXION_p003]        HeadSeedTally.java:235  | Scale information: HeadSeeds{NOTEHEAD_BLACK[L:0.1,R:0.8]}
2026-03-13 23:04:03,734 INFO [CRASH COMPLEXION_p003]       StepMonitoring.java:98   | STEMS
2026-03-13 23:04:08,886 INFO [CRASH COMPLEXION_p003]       StepMonitoring.java:98   | REDUCTION
2026-03-13 23:04:09,381 INFO [CRASH COMPLEXION_p003]        ReductionStep.java:105  | Stems free length median value: 50 pixels, 2.9 interlines
2026-03-13 23:04:09,390 INFO [CRASH COMPLEXION_p003]       StepMonitoring.java:98   | CUE_BEAMS
2026-03-13 23:04:09,391 INFO [CRASH COMPLEXION_p003]         CueBeamsStep.java:81   | Step CUE_BEAMS is skipped because small heads switch is off
2026-03-13 23:04:09,391 INFO [CRASH COMPLEXION_p003]       StepMonitoring.java:98   | TEXTS
2026-03-13 23:04:09,618 WARN [CRASH COMPLEXION_p003]         TesseractOCR.java:335  | The collection of supported languages is empty
2026-03-13 23:04:09,618 INFO [CRASH COMPLEXION_p003]              OcrUtil.java:106  | Missing support for 'eng' language(s)
2026-03-13 23:04:09,639 INFO [CRASH COMPLEXION_p003]       StepMonitoring.java:98   | MEASURES
2026-03-13 23:04:09,662 INFO [CRASH COMPLEXION_p003]                 Page.java:307  | 8 raw measures: [5 in system#1, 3 in system#2]
2026-03-13 23:04:09,663 INFO [CRASH COMPLEXION_p003]       StepMonitoring.java:98   | CHORDS
2026-03-13 23:04:09,704 INFO [CRASH COMPLEXION_p003]       StepMonitoring.java:98   | CURVES
2026-03-13 23:04:12,460 INFO [CRASH COMPLEXION_p003]         SlursBuilder.java:240  | Slurs: 11
2026-03-13 23:04:15,411 INFO [CRASH COMPLEXION_p003]      SegmentsBuilder.java:155  | Segments: 17
2026-03-13 23:04:15,693 WARN [CRASH COMPLEXION_p003]         TesseractOCR.java:335  | The collection of supported languages is empty
2026-03-13 23:04:15,694 INFO [CRASH COMPLEXION_p003]              OcrUtil.java:106  | Missing support for 'eng' language(s)
2026-03-13 23:04:15,697 INFO [CRASH COMPLEXION_p003]    RehearsalsBuilder.java:199  | No text found in rehearsal enclosure java.awt.Rectangle[x=281,y=34,width=41,height=40]
2026-03-13 23:04:15,702 INFO [CRASH COMPLEXION_p003]       StepMonitoring.java:98   | SYMBOLS
2026-03-13 23:04:19,962 INFO [CRASH COMPLEXION_p003]       StepMonitoring.java:98   | LINKS
2026-03-13 23:04:19,979 INFO [CRASH COMPLEXION_p003]             KeyInter.java:1322 | Key built KeyInter#9111{(0.168) staff:4 KEY_FLAT_1 pitch:0.1 fifths:-1}
2026-03-13 23:04:20,220 INFO [CRASH COMPLEXION_p003]       StepMonitoring.java:98   | RHYTHMS
2026-03-13 23:04:20,384 INFO [CRASH COMPLEXION_p003]       StepMonitoring.java:98   | PAGE
2026-03-13 23:04:20,394 WARN [CRASH COMPLEXION_p003]         MeasureFixer.java:343  | System#1 No target duration for measures local IDs [1, 2, 3, 4, 5], please check time signatures
2026-03-13 23:04:20,395 WARN [CRASH COMPLEXION_p003]         MeasureFixer.java:343  | System#2 No target duration for measures local IDs [6, 7, 8], please check time signatures
2026-03-13 23:04:20,396 INFO [CRASH COMPLEXION_p003]                 Book.java:2584 | Book{CRASH COMPLEXION_p003} storing
2026-03-13 23:04:20,524 INFO [CRASH COMPLEXION_p003]                 Book.java:2565 | Stored /book.xml
2026-03-13 23:04:20,771 INFO [CRASH COMPLEXION_p003]           DataHolder.java:348  | Stored /sheet#1/BINARY.png
2026-03-13 23:04:23,023 INFO [CRASH COMPLEXION_p003]                Sheet.java:1583 | Stored /sheet#1/sheet#1.xml
2026-03-13 23:04:23,024 INFO [CRASH COMPLEXION_p003]                 Book.java:2525 | Book stored as .cache\page_003\omr\CRASH COMPLEXION_p003.omr
2026-03-13 23:04:23,032 INFO [CRASH COMPLEXION_p003]            SheetStub.java:1654 | Sheet disposed
2026-03-13 23:04:23,086 INFO [CRASH COMPLEXION_p003]                 Book.java:2050 | End of Stub#1
2026-03-13 23:04:23,087 INFO [CRASH COMPLEXION_p003]                 Book.java:2057 | End of Book{CRASH COMPLEXION_p003}
2026-03-13 23:04:24,571 INFO [CRASH COMPLEXION_p003]            SheetStub.java:1000 | Loaded /sheet#1/sheet#1.xml
2026-03-13 23:04:25,498 INFO [CRASH COMPLEXION_p003]      PartwiseBuilder.java:2706 | Exporting sheet(s): [#1]
2026-03-13 23:04:25,675 INFO [CRASH COMPLEXION_p003]        ScoreExporter.java:164  | Score CRASH COMPLEXION_p003 exported to .cache\page_003\omr\CRASH COMPLEXION_p003.mxl
2026-03-13 23:04:25,773 INFO [CRASH COMPLEXION_p003]                Score.java:181  | Closing {Score 1}
