2026-03-13 23:25:19,018 INFO [CRASH COMPLEXION_p004]                 Book.java:560  | 1 sheet in C:\Users\ken\RockSmithTabConvertToMidi\.cache\page_004\preprocess\CRASH COMPLEXION_p004.png
2026-03-13 23:25:19,213 INFO []                 Book.java:2565 | Stored /book.xml
2026-03-13 23:25:19,214 INFO []                 Book.java:2525 | Book stored as .cache\page_004\omr_debug\CRASH COMPLEXION_p004.omr
2026-03-13 23:25:19,220 INFO []                 Book.java:1929 | Book reaching PAGE on sheets:[#1]
2026-03-13 23:25:19,222 INFO [CRASH COMPLEXION_p004]       StepMonitoring.java:98   | LOAD
2026-03-13 23:25:19,377 INFO [CRASH COMPLEXION_p004]            SheetStub.java:1278 | Loaded image #1 2324x3186 from C:\Users\ken\RockSmithTabConvertToMidi\.cache\page_004\preprocess\CRASH COMPLEXION_p004.png
2026-03-13 23:25:19,380 INFO [CRASH COMPLEXION_p004]       StepMonitoring.java:98   | BINARY
2026-03-13 23:25:20,152 INFO [CRASH COMPLEXION_p004]       StepMonitoring.java:98   | SCALE
2026-03-13 23:25:20,208 INFO [CRASH COMPLEXION_p004]         ScaleBuilder.java:241  | Beam  guessed height:  8 -- 0.50 of 16 interline
2026-03-13 23:25:20,210 INFO [CRASH COMPLEXION_p004]         ScaleBuilder.java:264  | Beam measured height:  8 -- 0.27 of [5..16] range at 260% of needed quorum
2026-03-13 23:25:20,211 INFO [CRASH COMPLEXION_p004]         ScaleBuilder.java:392  | Normalized black jitter: 5.88 %
2026-03-13 23:25:20,212 INFO [CRASH COMPLEXION_p004]            ScaleStep.java:65   | Scale{ small_interline(13,13,14) interline(16,17,19) line(2,3,3) beam(8)}
2026-03-13 23:25:20,213 INFO [CRASH COMPLEXION_p004]       StepMonitoring.java:98   | GRID
2026-03-13 23:25:22,755 INFO [CRASH COMPLEXION_p004]       LinesRetriever.java:1500 | Global slope: 0.00596
2026-03-13 23:25:22,892 INFO [CRASH COMPLEXION_p004]    ClustersRetriever.java:326  | Retrieved raw line clusters: 4 of sizes [6] with interline(16,17,19)
2026-03-13 23:25:22,897 INFO [CRASH COMPLEXION_p004]       LinesRetriever.java:1516 | Searching clusters with smallInterline: 13
2026-03-13 23:25:23,017 INFO [CRASH COMPLEXION_p004]    ClustersRetriever.java:326  | Retrieved raw line clusters: 12 of sizes [5] with interline(13,13,14)
2026-03-13 23:25:23,657 INFO [CRASH COMPLEXION_p004]            PeakGraph.java:310  | Systems: #1[1, 2, 3, 4, 5, 6, 7, 8] #2[9, 10, 11, 12, 13, 14, 15, 16]
2026-03-13 23:25:23,856 INFO [CRASH COMPLEXION_p004]        BarsRetriever.java:1305 | System#1
2026-03-13 23:25:23,858 INFO [CRASH COMPLEXION_p004]        BarsRetriever.java:1308 |    PartGroup{bracket number:1 barline:false staves:1-8}
2026-03-13 23:25:23,862 INFO [CRASH COMPLEXION_p004]        BarsRetriever.java:1305 | System#2
2026-03-13 23:25:23,862 INFO [CRASH COMPLEXION_p004]        BarsRetriever.java:1308 |    PartGroup{bracket number:1 barline:false staves:9-16}
2026-03-13 23:25:25,161 INFO [CRASH COMPLEXION_p004]        SystemManager.java:779  | 8 parts along 2 systems, 2 tablatures
2026-03-13 23:25:25,167 INFO [CRASH COMPLEXION_p004]                 Book.java:543  | Created scores: [{Score 1}]
2026-03-13 23:25:25,168 INFO [CRASH COMPLEXION_p004]       StepMonitoring.java:98   | HEADERS
2026-03-13 23:25:27,222 INFO [CRASH COMPLEXION_p004]       StepMonitoring.java:98   | STEM_SEEDS
2026-03-13 23:25:27,328 INFO [CRASH COMPLEXION_p004]        StemSeedsStep.java:86   | stem(3 max:5)
2026-03-13 23:25:27,502 INFO [CRASH COMPLEXION_p004]       StepMonitoring.java:98   | BEAMS
2026-03-13 23:25:30,910 INFO [CRASH COMPLEXION_p004]       StepMonitoring.java:98   | LEDGERS
2026-03-13 23:25:31,648 INFO [CRASH COMPLEXION_p004]       StepMonitoring.java:98   | HEADS
2026-03-13 23:25:35,770 INFO [CRASH COMPLEXION_p004]        HeadSeedTally.java:235  | Scale information: HeadSeeds{NOTEHEAD_VOID[R:-0.4] NOTEHEAD_BLACK[L:0.7,R:0.4]}
2026-03-13 23:25:35,771 INFO [CRASH COMPLEXION_p004]       StepMonitoring.java:98   | STEMS
2026-03-13 23:25:40,721 INFO [CRASH COMPLEXION_p004]       StepMonitoring.java:98   | REDUCTION
2026-03-13 23:25:41,211 INFO [CRASH COMPLEXION_p004]        ReductionStep.java:105  | Stems free length median value: 48 pixels, 2.8 interlines
2026-03-13 23:25:41,220 INFO [CRASH COMPLEXION_p004]       StepMonitoring.java:98   | CUE_BEAMS
2026-03-13 23:25:41,223 INFO [CRASH COMPLEXION_p004]         CueBeamsStep.java:81   | Step CUE_BEAMS is skipped because small heads switch is off
2026-03-13 23:25:41,224 INFO [CRASH COMPLEXION_p004]       StepMonitoring.java:98   | TEXTS
2026-03-13 23:25:41,462 WARN [CRASH COMPLEXION_p004]         TesseractOCR.java:335  | The collection of supported languages is empty
2026-03-13 23:25:41,462 INFO [CRASH COMPLEXION_p004]              OcrUtil.java:106  | Missing support for 'eng' language(s)
2026-03-13 23:25:41,480 INFO [CRASH COMPLEXION_p004]       StepMonitoring.java:98   | MEASURES
2026-03-13 23:25:41,517 INFO [CRASH COMPLEXION_p004]                 Page.java:307  | 7 raw measures: [3 in system#1, 4 in system#2]
2026-03-13 23:25:41,520 INFO [CRASH COMPLEXION_p004]       StepMonitoring.java:98   | CHORDS
2026-03-13 23:25:41,578 INFO [CRASH COMPLEXION_p004]       StepMonitoring.java:98   | CURVES
2026-03-13 23:25:44,316 INFO [CRASH COMPLEXION_p004]         SlursBuilder.java:240  | Slurs: 22
2026-03-13 23:25:47,240 INFO [CRASH COMPLEXION_p004]      SegmentsBuilder.java:155  | Segments: 23
2026-03-13 23:25:47,380 WARN [CRASH COMPLEXION_p004]                 Book.java:2044 | Error processing stub
2026-03-13 23:25:47,385 INFO [CRASH COMPLEXION_p004]                 Book.java:2584 | Book{CRASH COMPLEXION_p004} storing
2026-03-13 23:25:47,514 INFO [CRASH COMPLEXION_p004]                 Book.java:2565 | Stored /book.xml
2026-03-13 23:25:47,740 INFO [CRASH COMPLEXION_p004]           DataHolder.java:348  | Stored /sheet#1/BINARY.png
2026-03-13 23:25:49,111 INFO [CRASH COMPLEXION_p004]                Sheet.java:1583 | Stored /sheet#1/sheet#1.xml
2026-03-13 23:25:49,111 INFO [CRASH COMPLEXION_p004]                 Book.java:2525 | Book stored as .cache\page_004\omr_debug\CRASH COMPLEXION_p004.omr
2026-03-13 23:25:49,116 INFO [CRASH COMPLEXION_p004]            SheetStub.java:1654 | Sheet disposed
2026-03-13 23:25:49,161 INFO [CRASH COMPLEXION_p004]                 Book.java:2050 | End of Stub#1
2026-03-13 23:25:49,164 INFO [CRASH COMPLEXION_p004]                 Book.java:2057 | End of Book{CRASH COMPLEXION_p004}
2026-03-13 23:25:49,165 WARN [CRASH COMPLEXION_p004]                  CLI.java:956  | Exception occurred java.lang.Exception: Error in reaching step PAGE
java.lang.Exception: Error in reaching step PAGE
	at org.audiveris.omr.CLI$ProcessingTask.processBook(CLI.java:893)
	at org.audiveris.omr.CLI$CliTask.call(CLI.java:513)
	at org.audiveris.omr.Main.runBatchTasks(Main.java:361)
	at org.audiveris.omr.Main.main(Main.java:263)
	at Audiveris.main(Audiveris.java:50)
2026-03-13 23:25:49,218 INFO [CRASH COMPLEXION_p004]                Score.java:181  | Closing {Score 1}
