2026-03-13 23:43:37,225 INFO [CRASH COMPLEXION_p004]                 Book.java:560  | 1 sheet in C:\Users\ken\RockSmithTabConvertToMidi\.cache\page_004\preprocess\CRASH COMPLEXION_p004.png
2026-03-13 23:43:37,410 INFO []                 Book.java:2565 | Stored /book.xml
2026-03-13 23:43:37,411 INFO []                 Book.java:2525 | Book stored as C:\Users\ken\RockSmithTabConvertToMidi\.cache\page_004\omr_chords\CRASH COMPLEXION_p004.omr
2026-03-13 23:43:37,431 INFO []                 Book.java:1929 | Book reaching CHORDS on sheets:[#1]
2026-03-13 23:43:37,434 INFO [CRASH COMPLEXION_p004]       StepMonitoring.java:98   | LOAD
2026-03-13 23:43:37,596 INFO [CRASH COMPLEXION_p004]            SheetStub.java:1278 | Loaded image #1 2324x3186 from C:\Users\ken\RockSmithTabConvertToMidi\.cache\page_004\preprocess\CRASH COMPLEXION_p004.png
2026-03-13 23:43:37,604 INFO [CRASH COMPLEXION_p004]                 Book.java:2565 | Stored /book.xml
2026-03-13 23:43:37,727 INFO [CRASH COMPLEXION_p004]           DataHolder.java:348  | Stored /sheet#1/GRAY.png
2026-03-13 23:43:38,061 INFO [CRASH COMPLEXION_p004]                Sheet.java:1583 | Stored /sheet#1/sheet#1.xml
2026-03-13 23:43:38,066 INFO [CRASH COMPLEXION_p004]       StepMonitoring.java:98   | BINARY
2026-03-13 23:43:38,753 INFO [CRASH COMPLEXION_p004]                 Book.java:2565 | Stored /book.xml
2026-03-13 23:43:38,754 INFO [CRASH COMPLEXION_p004]           DataHolder.java:256  | Removed /sheet#1/GRAY.png
2026-03-13 23:43:38,876 INFO [CRASH COMPLEXION_p004]           DataHolder.java:348  | Stored /sheet#1/BINARY.png
2026-03-13 23:43:38,878 INFO [CRASH COMPLEXION_p004]                Sheet.java:1583 | Stored /sheet#1/sheet#1.xml
2026-03-13 23:43:38,882 INFO [CRASH COMPLEXION_p004]       StepMonitoring.java:98   | SCALE
2026-03-13 23:43:38,928 INFO [CRASH COMPLEXION_p004]         ScaleBuilder.java:241  | Beam  guessed height:  8 -- 0.50 of 16 interline
2026-03-13 23:43:38,930 INFO [CRASH COMPLEXION_p004]         ScaleBuilder.java:264  | Beam measured height:  8 -- 0.27 of [5..16] range at 260% of needed quorum
2026-03-13 23:43:38,931 INFO [CRASH COMPLEXION_p004]         ScaleBuilder.java:392  | Normalized black jitter: 5.88 %
2026-03-13 23:43:38,931 INFO [CRASH COMPLEXION_p004]            ScaleStep.java:65   | Scale{ small_interline(13,13,14) interline(16,17,19) line(2,3,3) beam(8)}
2026-03-13 23:43:38,936 INFO [CRASH COMPLEXION_p004]                 Book.java:2565 | Stored /book.xml
2026-03-13 23:43:38,940 INFO [CRASH COMPLEXION_p004]                Sheet.java:1583 | Stored /sheet#1/sheet#1.xml
2026-03-13 23:43:38,946 INFO [CRASH COMPLEXION_p004]       StepMonitoring.java:98   | GRID
2026-03-13 23:43:41,663 INFO [CRASH COMPLEXION_p004]       LinesRetriever.java:1500 | Global slope: 0.00596
2026-03-13 23:43:41,757 INFO [CRASH COMPLEXION_p004]    ClustersRetriever.java:326  | Retrieved raw line clusters: 4 of sizes [6] with interline(16,17,19)
2026-03-13 23:43:41,759 INFO [CRASH COMPLEXION_p004]       LinesRetriever.java:1516 | Searching clusters with smallInterline: 13
2026-03-13 23:43:41,818 INFO [CRASH COMPLEXION_p004]    ClustersRetriever.java:326  | Retrieved raw line clusters: 12 of sizes [5] with interline(13,13,14)
2026-03-13 23:43:42,367 INFO [CRASH COMPLEXION_p004]            PeakGraph.java:310  | Systems: #1[1, 2, 3, 4, 5, 6, 7, 8] #2[9, 10, 11, 12, 13, 14, 15, 16]
2026-03-13 23:43:42,488 INFO [CRASH COMPLEXION_p004]        BarsRetriever.java:1305 | System#1
2026-03-13 23:43:42,488 INFO [CRASH COMPLEXION_p004]        BarsRetriever.java:1308 |    PartGroup{bracket number:1 barline:false staves:1-8}
2026-03-13 23:43:42,489 INFO [CRASH COMPLEXION_p004]        BarsRetriever.java:1305 | System#2
2026-03-13 23:43:42,489 INFO [CRASH COMPLEXION_p004]        BarsRetriever.java:1308 |    PartGroup{bracket number:1 barline:false staves:9-16}
2026-03-13 23:43:43,525 INFO [CRASH COMPLEXION_p004]        SystemManager.java:779  | 8 parts along 2 systems, 2 tablatures
2026-03-13 23:43:43,525 INFO [CRASH COMPLEXION_p004]                 Book.java:543  | Created scores: [{Score 1}]
2026-03-13 23:43:43,533 INFO [CRASH COMPLEXION_p004]                 Book.java:2565 | Stored /book.xml
2026-03-13 23:43:44,196 INFO [CRASH COMPLEXION_p004]                Sheet.java:1583 | Stored /sheet#1/sheet#1.xml
2026-03-13 23:43:44,221 INFO [CRASH COMPLEXION_p004]       StepMonitoring.java:98   | HEADERS
2026-03-13 23:43:45,785 INFO [CRASH COMPLEXION_p004]                 Book.java:2565 | Stored /book.xml
2026-03-13 23:43:46,059 INFO [CRASH COMPLEXION_p004]                Sheet.java:1583 | Stored /sheet#1/sheet#1.xml
2026-03-13 23:43:46,065 INFO [CRASH COMPLEXION_p004]       StepMonitoring.java:98   | STEM_SEEDS
2026-03-13 23:43:46,157 INFO [CRASH COMPLEXION_p004]        StemSeedsStep.java:86   | stem(3 max:5)
2026-03-13 23:43:46,281 INFO [CRASH COMPLEXION_p004]                 Book.java:2565 | Stored /book.xml
2026-03-13 23:43:46,566 INFO [CRASH COMPLEXION_p004]                Sheet.java:1583 | Stored /sheet#1/sheet#1.xml
2026-03-13 23:43:46,572 INFO [CRASH COMPLEXION_p004]       StepMonitoring.java:98   | BEAMS
2026-03-13 23:43:49,532 INFO [CRASH COMPLEXION_p004]                 Book.java:2565 | Stored /book.xml
2026-03-13 23:43:49,796 INFO [CRASH COMPLEXION_p004]           DataHolder.java:348  | Stored /sheet#1/HEAD_SPOTS.png
2026-03-13 23:43:50,714 INFO [CRASH COMPLEXION_p004]                Sheet.java:1583 | Stored /sheet#1/sheet#1.xml
2026-03-13 23:43:50,719 INFO [CRASH COMPLEXION_p004]       StepMonitoring.java:98   | LEDGERS
2026-03-13 23:43:51,409 INFO [CRASH COMPLEXION_p004]                 Book.java:2565 | Stored /book.xml
2026-03-13 23:43:51,754 INFO [CRASH COMPLEXION_p004]                Sheet.java:1583 | Stored /sheet#1/sheet#1.xml
2026-03-13 23:43:51,760 INFO [CRASH COMPLEXION_p004]       StepMonitoring.java:98   | HEADS
2026-03-13 23:43:56,178 INFO [CRASH COMPLEXION_p004]        HeadSeedTally.java:235  | Scale information: HeadSeeds{NOTEHEAD_VOID[R:-0.4] NOTEHEAD_BLACK[L:0.7,R:0.4]}
2026-03-13 23:43:56,184 INFO [CRASH COMPLEXION_p004]                 Book.java:2565 | Stored /book.xml
2026-03-13 23:43:56,184 INFO [CRASH COMPLEXION_p004]           DataHolder.java:256  | Removed /sheet#1/HEAD_SPOTS.png
2026-03-13 23:43:56,781 INFO [CRASH COMPLEXION_p004]                Sheet.java:1583 | Stored /sheet#1/sheet#1.xml
2026-03-13 23:43:56,787 INFO [CRASH COMPLEXION_p004]       StepMonitoring.java:98   | STEMS
2026-03-13 23:44:00,774 INFO [CRASH COMPLEXION_p004]                 Book.java:2565 | Stored /book.xml
2026-03-13 23:44:01,710 INFO [CRASH COMPLEXION_p004]                Sheet.java:1583 | Stored /sheet#1/sheet#1.xml
2026-03-13 23:44:01,716 INFO [CRASH COMPLEXION_p004]       StepMonitoring.java:98   | REDUCTION
2026-03-13 23:44:02,133 INFO [CRASH COMPLEXION_p004]        ReductionStep.java:105  | Stems free length median value: 48 pixels, 2.8 interlines
2026-03-13 23:44:02,153 INFO [CRASH COMPLEXION_p004]                 Book.java:2565 | Stored /book.xml
2026-03-13 23:44:02,460 INFO [CRASH COMPLEXION_p004]                Sheet.java:1583 | Stored /sheet#1/sheet#1.xml
2026-03-13 23:44:02,466 INFO [CRASH COMPLEXION_p004]       StepMonitoring.java:98   | CUE_BEAMS
2026-03-13 23:44:02,467 INFO [CRASH COMPLEXION_p004]         CueBeamsStep.java:81   | Step CUE_BEAMS is skipped because small heads switch is off
2026-03-13 23:44:02,472 INFO [CRASH COMPLEXION_p004]                 Book.java:2565 | Stored /book.xml
2026-03-13 23:44:02,755 INFO [CRASH COMPLEXION_p004]                Sheet.java:1583 | Stored /sheet#1/sheet#1.xml
2026-03-13 23:44:02,761 INFO [CRASH COMPLEXION_p004]       StepMonitoring.java:98   | TEXTS
2026-03-13 23:44:02,963 WARN [CRASH COMPLEXION_p004]         TesseractOCR.java:335  | The collection of supported languages is empty
2026-03-13 23:44:02,963 INFO [CRASH COMPLEXION_p004]              OcrUtil.java:106  | Missing support for 'eng' language(s)
2026-03-13 23:44:02,975 INFO [CRASH COMPLEXION_p004]                 Book.java:2565 | Stored /book.xml
2026-03-13 23:44:03,270 INFO [CRASH COMPLEXION_p004]                Sheet.java:1583 | Stored /sheet#1/sheet#1.xml
2026-03-13 23:44:03,274 INFO [CRASH COMPLEXION_p004]       StepMonitoring.java:98   | MEASURES
2026-03-13 23:44:03,282 INFO [CRASH COMPLEXION_p004]                 Page.java:307  | 7 raw measures: [3 in system#1, 4 in system#2]
2026-03-13 23:44:03,286 INFO [CRASH COMPLEXION_p004]                 Book.java:2565 | Stored /book.xml
2026-03-13 23:44:03,616 INFO [CRASH COMPLEXION_p004]                Sheet.java:1583 | Stored /sheet#1/sheet#1.xml
2026-03-13 23:44:03,622 INFO [CRASH COMPLEXION_p004]       StepMonitoring.java:98   | CHORDS
2026-03-13 23:44:03,649 INFO [CRASH COMPLEXION_p004]                 Book.java:2565 | Stored /book.xml
2026-03-13 23:44:04,143 INFO [CRASH COMPLEXION_p004]                Sheet.java:1583 | Stored /sheet#1/sheet#1.xml
2026-03-13 23:44:04,148 INFO [CRASH COMPLEXION_p004]            SheetStub.java:1654 | Sheet disposed
2026-03-13 23:44:04,190 INFO [CRASH COMPLEXION_p004]                 Book.java:2050 | End of Stub#1
2026-03-13 23:44:04,191 INFO [CRASH COMPLEXION_p004]                 Book.java:2057 | End of Book{CRASH COMPLEXION_p004}
2026-03-13 23:44:04,231 INFO [CRASH COMPLEXION_p004]                Score.java:181  | Closing {Score 1}
