2026-03-28 00:32:17,930 INFO [CRASH_COMPLEXION_p004]                 Book.java:560  | 1 sheet in C:\Users\ken\RockSmithTabConvertToMidi\tmp\crash_cache_v3\page_004\preprocess\CRASH_COMPLEXION_p004.png
2026-03-28 00:32:18,162 INFO []                 Book.java:2565 | Stored /book.xml
2026-03-28 00:32:18,163 INFO []                 Book.java:2525 | Book stored as tmp\crash_cache_v3\page_004\omr\CRASH_COMPLEXION_p004.omr
2026-03-28 00:32:18,171 INFO []                 Book.java:1929 | Book reaching CHORDS on sheets:[#1]
2026-03-28 00:32:18,175 INFO [CRASH_COMPLEXION_p004]       StepMonitoring.java:98   | LOAD
2026-03-28 00:32:18,340 INFO [CRASH_COMPLEXION_p004]            SheetStub.java:1278 | Loaded image #1 2324x3186 from C:\Users\ken\RockSmithTabConvertToMidi\tmp\crash_cache_v3\page_004\preprocess\CRASH_COMPLEXION_p004.png
2026-03-28 00:32:18,354 INFO [CRASH_COMPLEXION_p004]                 Book.java:2565 | Stored /book.xml
2026-03-28 00:32:18,536 INFO [CRASH_COMPLEXION_p004]           DataHolder.java:348  | Stored /sheet#1/GRAY.png
2026-03-28 00:32:19,050 INFO [CRASH_COMPLEXION_p004]                Sheet.java:1583 | Stored /sheet#1/sheet#1.xml
2026-03-28 00:32:19,060 INFO [CRASH_COMPLEXION_p004]       StepMonitoring.java:98   | BINARY
2026-03-28 00:32:20,374 INFO [CRASH_COMPLEXION_p004]                 Book.java:2565 | Stored /book.xml
2026-03-28 00:32:20,376 INFO [CRASH_COMPLEXION_p004]           DataHolder.java:256  | Removed /sheet#1/GRAY.png
2026-03-28 00:32:20,599 INFO [CRASH_COMPLEXION_p004]           DataHolder.java:348  | Stored /sheet#1/BINARY.png
2026-03-28 00:32:20,605 INFO [CRASH_COMPLEXION_p004]                Sheet.java:1583 | Stored /sheet#1/sheet#1.xml
2026-03-28 00:32:20,614 INFO [CRASH_COMPLEXION_p004]       StepMonitoring.java:98   | SCALE
2026-03-28 00:32:20,787 INFO [CRASH_COMPLEXION_p004]         ScaleBuilder.java:241  | Beam  guessed height:  8 -- 0.50 of 16 interline
2026-03-28 00:32:20,791 INFO [CRASH_COMPLEXION_p004]         ScaleBuilder.java:264  | Beam measured height:  8 -- 0.27 of [5..16] range at 260% of needed quorum
2026-03-28 00:32:20,792 INFO [CRASH_COMPLEXION_p004]         ScaleBuilder.java:392  | Normalized black jitter: 5.88 %
2026-03-28 00:32:20,793 INFO [CRASH_COMPLEXION_p004]            ScaleStep.java:65   | Scale{ small_interline(13,13,14) interline(16,17,19) line(2,3,3) beam(8)}
2026-03-28 00:32:20,802 INFO [CRASH_COMPLEXION_p004]                 Book.java:2565 | Stored /book.xml
2026-03-28 00:32:20,812 INFO [CRASH_COMPLEXION_p004]                Sheet.java:1583 | Stored /sheet#1/sheet#1.xml
2026-03-28 00:32:20,820 INFO [CRASH_COMPLEXION_p004]       StepMonitoring.java:98   | GRID
2026-03-28 00:32:25,172 INFO [CRASH_COMPLEXION_p004]       LinesRetriever.java:1500 | Global slope: 0.00596
2026-03-28 00:32:25,395 INFO [CRASH_COMPLEXION_p004]    ClustersRetriever.java:326  | Retrieved raw line clusters: 4 of sizes [6] with interline(16,17,19)
2026-03-28 00:32:25,409 INFO [CRASH_COMPLEXION_p004]       LinesRetriever.java:1516 | Searching clusters with smallInterline: 13
2026-03-28 00:32:25,573 INFO [CRASH_COMPLEXION_p004]    ClustersRetriever.java:326  | Retrieved raw line clusters: 12 of sizes [5] with interline(13,13,14)
2026-03-28 00:32:27,448 INFO [CRASH_COMPLEXION_p004]            PeakGraph.java:310  | Systems: #1[1, 2, 3, 4, 5, 6, 7, 8] #2[9, 10, 11, 12, 13, 14, 15, 16]
2026-03-28 00:32:27,638 INFO [CRASH_COMPLEXION_p004]        BarsRetriever.java:1305 | System#1
2026-03-28 00:32:27,639 INFO [CRASH_COMPLEXION_p004]        BarsRetriever.java:1308 |    PartGroup{bracket number:1 barline:false staves:1-8}
2026-03-28 00:32:27,640 INFO [CRASH_COMPLEXION_p004]        BarsRetriever.java:1305 | System#2
2026-03-28 00:32:27,640 INFO [CRASH_COMPLEXION_p004]        BarsRetriever.java:1308 |    PartGroup{bracket number:1 barline:false staves:9-16}
2026-03-28 00:32:29,836 INFO [CRASH_COMPLEXION_p004]        SystemManager.java:779  | 8 parts along 2 systems, 2 tablatures
2026-03-28 00:32:29,837 INFO [CRASH_COMPLEXION_p004]                 Book.java:543  | Created scores: [{Score 1}]
2026-03-28 00:32:29,859 INFO [CRASH_COMPLEXION_p004]                 Book.java:2565 | Stored /book.xml
2026-03-28 00:32:30,783 INFO [CRASH_COMPLEXION_p004]                Sheet.java:1583 | Stored /sheet#1/sheet#1.xml
2026-03-28 00:32:30,789 INFO [CRASH_COMPLEXION_p004]       StepMonitoring.java:98   | HEADERS
2026-03-28 00:32:33,285 INFO [CRASH_COMPLEXION_p004]                 Book.java:2565 | Stored /book.xml
2026-03-28 00:32:33,617 INFO [CRASH_COMPLEXION_p004]                Sheet.java:1583 | Stored /sheet#1/sheet#1.xml
2026-03-28 00:32:33,646 INFO [CRASH_COMPLEXION_p004]       StepMonitoring.java:98   | STEM_SEEDS
2026-03-28 00:32:33,823 INFO [CRASH_COMPLEXION_p004]        StemSeedsStep.java:86   | stem(3 max:5)
2026-03-28 00:32:33,984 INFO [CRASH_COMPLEXION_p004]                 Book.java:2565 | Stored /book.xml
2026-03-28 00:32:34,426 INFO [CRASH_COMPLEXION_p004]                Sheet.java:1583 | Stored /sheet#1/sheet#1.xml
2026-03-28 00:32:34,440 INFO [CRASH_COMPLEXION_p004]       StepMonitoring.java:98   | BEAMS
2026-03-28 00:32:38,938 INFO [CRASH_COMPLEXION_p004]                 Book.java:2565 | Stored /book.xml
2026-03-28 00:32:39,174 INFO [CRASH_COMPLEXION_p004]           DataHolder.java:348  | Stored /sheet#1/HEAD_SPOTS.png
2026-03-28 00:32:39,969 INFO [CRASH_COMPLEXION_p004]                Sheet.java:1583 | Stored /sheet#1/sheet#1.xml
2026-03-28 00:32:39,975 INFO [CRASH_COMPLEXION_p004]       StepMonitoring.java:98   | LEDGERS
2026-03-28 00:32:41,048 INFO [CRASH_COMPLEXION_p004]                 Book.java:2565 | Stored /book.xml
2026-03-28 00:32:41,665 INFO [CRASH_COMPLEXION_p004]                Sheet.java:1583 | Stored /sheet#1/sheet#1.xml
2026-03-28 00:32:41,671 INFO [CRASH_COMPLEXION_p004]       StepMonitoring.java:98   | HEADS
2026-03-28 00:32:43,192 INFO [CRASH_COMPLEXION_p004]      TemplateFactory.java:940  | Rebuilding BREVE_SMALL template at resolution 104
2026-03-28 00:32:43,200 INFO [CRASH_COMPLEXION_p004]      TemplateFactory.java:940  | Rebuilding WHOLE_NOTE_SMALL template at resolution 104
2026-03-28 00:32:49,832 INFO [CRASH_COMPLEXION_p004]        HeadSeedTally.java:235  | Scale information: HeadSeeds{NOTEHEAD_VOID[R:-0.4] NOTEHEAD_VOID_SMALL[R:-0.4] NOTEHEAD_BLACK[L:0.7,R:0.4] NOTEHEAD_BLACK_SMALL[L:0.1,R:1.0]}
2026-03-28 00:32:49,838 INFO [CRASH_COMPLEXION_p004]                 Book.java:2565 | Stored /book.xml
2026-03-28 00:32:49,843 INFO [CRASH_COMPLEXION_p004]           DataHolder.java:256  | Removed /sheet#1/HEAD_SPOTS.png
2026-03-28 00:32:51,190 INFO [CRASH_COMPLEXION_p004]                Sheet.java:1583 | Stored /sheet#1/sheet#1.xml
2026-03-28 00:32:51,198 INFO [CRASH_COMPLEXION_p004]       StepMonitoring.java:98   | STEMS
2026-03-28 00:33:01,537 INFO [CRASH_COMPLEXION_p004]                 Book.java:2565 | Stored /book.xml
2026-03-28 00:33:03,674 INFO [CRASH_COMPLEXION_p004]                Sheet.java:1583 | Stored /sheet#1/sheet#1.xml
2026-03-28 00:33:03,680 INFO [CRASH_COMPLEXION_p004]       StepMonitoring.java:98   | REDUCTION
2026-03-28 00:33:05,303 INFO [CRASH_COMPLEXION_p004]        ReductionStep.java:105  | Stems free length median value: 43 pixels, 2.5 interlines
2026-03-28 00:33:05,331 INFO [CRASH_COMPLEXION_p004]                 Book.java:2565 | Stored /book.xml
2026-03-28 00:33:05,779 INFO [CRASH_COMPLEXION_p004]                Sheet.java:1583 | Stored /sheet#1/sheet#1.xml
2026-03-28 00:33:05,786 INFO [CRASH_COMPLEXION_p004]       StepMonitoring.java:98   | CUE_BEAMS
2026-03-28 00:33:05,800 INFO [CRASH_COMPLEXION_p004]                 Book.java:2565 | Stored /book.xml
2026-03-28 00:33:06,172 INFO [CRASH_COMPLEXION_p004]                Sheet.java:1583 | Stored /sheet#1/sheet#1.xml
2026-03-28 00:33:06,204 INFO [CRASH_COMPLEXION_p004]       StepMonitoring.java:98   | TEXTS
2026-03-28 00:33:06,609 WARN [CRASH_COMPLEXION_p004]         TesseractOCR.java:335  | The collection of supported languages is empty
2026-03-28 00:33:06,610 INFO [CRASH_COMPLEXION_p004]              OcrUtil.java:106  | Missing support for 'eng' language(s)
2026-03-28 00:33:06,631 INFO [CRASH_COMPLEXION_p004]                 Book.java:2565 | Stored /book.xml
2026-03-28 00:33:07,025 INFO [CRASH_COMPLEXION_p004]                Sheet.java:1583 | Stored /sheet#1/sheet#1.xml
2026-03-28 00:33:07,035 INFO [CRASH_COMPLEXION_p004]       StepMonitoring.java:98   | MEASURES
2026-03-28 00:33:07,043 INFO [CRASH_COMPLEXION_p004]                 Page.java:307  | 7 raw measures: [3 in system#1, 4 in system#2]
2026-03-28 00:33:07,048 INFO [CRASH_COMPLEXION_p004]                 Book.java:2565 | Stored /book.xml
2026-03-28 00:33:07,475 INFO [CRASH_COMPLEXION_p004]                Sheet.java:1583 | Stored /sheet#1/sheet#1.xml
2026-03-28 00:33:07,480 INFO [CRASH_COMPLEXION_p004]       StepMonitoring.java:98   | CHORDS
2026-03-28 00:33:07,514 INFO [CRASH_COMPLEXION_p004]                 Book.java:2565 | Stored /book.xml
2026-03-28 00:33:08,016 INFO [CRASH_COMPLEXION_p004]                Sheet.java:1583 | Stored /sheet#1/sheet#1.xml
2026-03-28 00:33:08,021 INFO [CRASH_COMPLEXION_p004]            SheetStub.java:1654 | Sheet disposed
2026-03-28 00:33:08,077 INFO [CRASH_COMPLEXION_p004]                 Book.java:2050 | End of Stub#1
2026-03-28 00:33:08,078 INFO [CRASH_COMPLEXION_p004]                 Book.java:2057 | End of Book{CRASH_COMPLEXION_p004}
2026-03-28 00:33:08,134 INFO [CRASH_COMPLEXION_p004]                Score.java:181  | Closing {Score 1}
