2026-03-28 10:33:40,664 INFO [CRASH_COMPLEXION_p010]                 Book.java:560  | 1 sheet in C:\Users\ken\RockSmithTabConvertToMidi\tmp\repeat_coda_bench_TAB_on_035\page_010\preprocess\CRASH_COMPLEXION_p010.png
2026-03-28 10:33:41,114 INFO []                 Book.java:2565 | Stored /book.xml
2026-03-28 10:33:41,115 INFO []                 Book.java:2525 | Book stored as C:\Users\ken\RockSmithTabConvertToMidi\tmp\repeat_coda_bench_TAB_on_035\page_010\omr\CRASH_COMPLEXION_p010.omr
2026-03-28 10:33:41,126 INFO []                 Book.java:1929 | Book reaching PAGE on sheets:[#1]
2026-03-28 10:33:41,129 INFO [CRASH_COMPLEXION_p010]       StepMonitoring.java:98   | LOAD
2026-03-28 10:33:41,387 INFO [CRASH_COMPLEXION_p010]            SheetStub.java:1278 | Loaded image #1 2300x3170 from C:\Users\ken\RockSmithTabConvertToMidi\tmp\repeat_coda_bench_TAB_on_035\page_010\preprocess\CRASH_COMPLEXION_p010.png
2026-03-28 10:33:41,395 INFO [CRASH_COMPLEXION_p010]       StepMonitoring.java:98   | BINARY
2026-03-28 10:33:42,291 INFO [CRASH_COMPLEXION_p010]       StepMonitoring.java:98   | SCALE
2026-03-28 10:33:42,338 INFO [CRASH_COMPLEXION_p010]         ScaleBuilder.java:241  | Beam  guessed height:  8 -- 0.50 of 16 interline
2026-03-28 10:33:42,341 INFO [CRASH_COMPLEXION_p010]         ScaleBuilder.java:264  | Beam measured height:  8 -- 0.27 of [5..16] range at 315% of needed quorum
2026-03-28 10:33:42,342 INFO [CRASH_COMPLEXION_p010]         ScaleBuilder.java:392  | Normalized black jitter: 11.76 %
2026-03-28 10:33:42,343 INFO [CRASH_COMPLEXION_p010]            ScaleStep.java:65   | Scale{ small_interline(13,14,14) interline(16,17,19) line(2,3,4) beam(8)}
2026-03-28 10:33:42,344 INFO [CRASH_COMPLEXION_p010]       StepMonitoring.java:98   | GRID
2026-03-28 10:33:45,077 INFO [CRASH_COMPLEXION_p010]       LinesRetriever.java:1500 | Global slope: -0.00627
2026-03-28 10:33:45,183 INFO [CRASH_COMPLEXION_p010]    ClustersRetriever.java:326  | Retrieved raw line clusters: 6 of sizes [6] with interline(16,17,19)
2026-03-28 10:33:45,187 INFO [CRASH_COMPLEXION_p010]       LinesRetriever.java:1516 | Searching clusters with smallInterline: 14
2026-03-28 10:33:45,270 INFO [CRASH_COMPLEXION_p010]    ClustersRetriever.java:326  | Retrieved raw line clusters: 18 of sizes [5] with interline(13,14,14)
2026-03-28 10:33:46,632 INFO [CRASH_COMPLEXION_p010]            PeakGraph.java:310  | Systems: #1[1, 2, 3, 4, 5, 6, 7, 8] #2[9, 10, 11, 12, 13, 14, 15, 16] #3[17, 18, 19, 20, 21, 22, 23, 24]
2026-03-28 10:33:46,898 INFO [CRASH_COMPLEXION_p010]        BarsRetriever.java:1305 | System#1
2026-03-28 10:33:46,899 INFO [CRASH_COMPLEXION_p010]        BarsRetriever.java:1308 |    PartGroup{bracket number:1 barline:false staves:1-8}
2026-03-28 10:33:46,900 INFO [CRASH_COMPLEXION_p010]        BarsRetriever.java:1305 | System#2
2026-03-28 10:33:46,900 INFO [CRASH_COMPLEXION_p010]        BarsRetriever.java:1308 |    PartGroup{bracket number:1 barline:false staves:9-16}
2026-03-28 10:33:46,901 INFO [CRASH_COMPLEXION_p010]        BarsRetriever.java:1305 | System#3
2026-03-28 10:33:46,901 INFO [CRASH_COMPLEXION_p010]        BarsRetriever.java:1308 |    PartGroup{bracket number:1 barline:false staves:17-24}
2026-03-28 10:33:48,807 INFO [CRASH_COMPLEXION_p010]        SystemManager.java:779  | 8 parts along 3 systems, 2 tablatures
2026-03-28 10:33:48,809 INFO [CRASH_COMPLEXION_p010]                 Book.java:543  | Created scores: [{Score 1}]
2026-03-28 10:33:48,810 INFO [CRASH_COMPLEXION_p010]       StepMonitoring.java:98   | HEADERS
2026-03-28 10:33:51,623 INFO [CRASH_COMPLEXION_p010]       StepMonitoring.java:98   | STEM_SEEDS
2026-03-28 10:33:51,767 INFO [CRASH_COMPLEXION_p010]        StemSeedsStep.java:86   | stem(3 max:5)
2026-03-28 10:33:52,034 INFO [CRASH_COMPLEXION_p010]       StepMonitoring.java:98   | BEAMS
2026-03-28 10:33:55,308 INFO [CRASH_COMPLEXION_p010]       StepMonitoring.java:98   | LEDGERS
2026-03-28 10:33:56,915 INFO [CRASH_COMPLEXION_p010]       StepMonitoring.java:98   | HEADS
2026-03-28 10:33:58,248 INFO [CRASH_COMPLEXION_p010]      TemplateFactory.java:940  | Rebuilding BREVE_SMALL template at resolution 112
2026-03-28 10:33:58,257 INFO [CRASH_COMPLEXION_p010]      TemplateFactory.java:940  | Rebuilding WHOLE_NOTE_SMALL template at resolution 112
2026-03-28 10:34:05,207 INFO [CRASH_COMPLEXION_p010]        HeadSeedTally.java:235  | Scale information: HeadSeeds{NOTEHEAD_VOID[R:-0.1] NOTEHEAD_VOID_SMALL[R:-1.1] NOTEHEAD_BLACK[L:0.3,R:0.1] NOTEHEAD_BLACK_SMALL[L:-0.6,R:0.5]}
2026-03-28 10:34:05,208 INFO [CRASH_COMPLEXION_p010]       StepMonitoring.java:98   | STEMS
2026-03-28 10:34:10,272 INFO [CRASH_COMPLEXION_p010]       StepMonitoring.java:98   | REDUCTION
2026-03-28 10:34:11,020 INFO [CRASH_COMPLEXION_p010]        ReductionStep.java:105  | Stems free length median value: 44 pixels, 2.6 interlines
2026-03-28 10:34:11,030 INFO [CRASH_COMPLEXION_p010]       StepMonitoring.java:98   | CUE_BEAMS
2026-03-28 10:34:11,036 INFO [CRASH_COMPLEXION_p010]       StepMonitoring.java:98   | TEXTS
2026-03-28 10:34:11,303 WARN [CRASH_COMPLEXION_p010]         TesseractOCR.java:335  | The collection of supported languages is empty
2026-03-28 10:34:11,303 INFO [CRASH_COMPLEXION_p010]              OcrUtil.java:106  | Missing support for 'eng' language(s)
2026-03-28 10:34:11,314 INFO [CRASH_COMPLEXION_p010]       StepMonitoring.java:98   | MEASURES
2026-03-28 10:34:11,342 INFO [CRASH_COMPLEXION_p010]                 Page.java:307  | 6 raw measures: [3 in system#1, 2 in system#2, 1 in system#3]
2026-03-28 10:34:11,343 INFO [CRASH_COMPLEXION_p010]       StepMonitoring.java:98   | CHORDS
2026-03-28 10:34:11,382 INFO [CRASH_COMPLEXION_p010]       StepMonitoring.java:98   | CURVES
2026-03-28 10:34:14,227 INFO [CRASH_COMPLEXION_p010]         SlursBuilder.java:240  | Slurs: 10
2026-03-28 10:34:16,175 INFO [CRASH_COMPLEXION_p010]      SegmentsBuilder.java:155  | Segments: 20
2026-03-28 10:34:16,260 WARN [CRASH_COMPLEXION_p010]                 Book.java:2044 | Error processing stub
2026-03-28 10:34:16,261 INFO [CRASH_COMPLEXION_p010]                 Book.java:2584 | Book{CRASH_COMPLEXION_p010} storing
2026-03-28 10:34:16,414 INFO [CRASH_COMPLEXION_p010]                 Book.java:2565 | Stored /book.xml
2026-03-28 10:34:16,915 INFO [CRASH_COMPLEXION_p010]           DataHolder.java:348  | Stored /sheet#1/BINARY.png
2026-03-28 10:34:18,442 INFO [CRASH_COMPLEXION_p010]                Sheet.java:1583 | Stored /sheet#1/sheet#1.xml
2026-03-28 10:34:18,443 INFO [CRASH_COMPLEXION_p010]                 Book.java:2525 | Book stored as C:\Users\ken\RockSmithTabConvertToMidi\tmp\repeat_coda_bench_TAB_on_035\page_010\omr\CRASH_COMPLEXION_p010.omr
2026-03-28 10:34:18,450 INFO [CRASH_COMPLEXION_p010]            SheetStub.java:1654 | Sheet disposed
2026-03-28 10:34:18,497 INFO [CRASH_COMPLEXION_p010]                 Book.java:2050 | End of Stub#1
2026-03-28 10:34:18,498 INFO [CRASH_COMPLEXION_p010]                 Book.java:2057 | End of Book{CRASH_COMPLEXION_p010}
2026-03-28 10:34:18,499 WARN [CRASH_COMPLEXION_p010]                  CLI.java:956  | Exception occurred java.lang.Exception: Error in reaching step PAGE
java.lang.Exception: Error in reaching step PAGE
	at org.audiveris.omr.CLI$ProcessingTask.processBook(CLI.java:893)
	at org.audiveris.omr.CLI$CliTask.call(CLI.java:513)
	at org.audiveris.omr.Main.runBatchTasks(Main.java:361)
	at org.audiveris.omr.Main.main(Main.java:263)
	at Audiveris.main(Audiveris.java:50)
2026-03-28 10:34:18,560 INFO [CRASH_COMPLEXION_p010]                Score.java:181  | Closing {Score 1}
