2026-03-13 23:13:36,084 INFO [CRASH COMPLEXION_p005]                 Book.java:560  | 1 sheet in C:\Users\ken\RockSmithTabConvertToMidi\.cache\page_005\preprocess\CRASH COMPLEXION_p005.png
2026-03-13 23:13:36,321 INFO []                 Book.java:2565 | Stored /book.xml
2026-03-13 23:13:36,321 INFO []                 Book.java:2525 | Book stored as .cache\page_005\omr\CRASH COMPLEXION_p005.omr
2026-03-13 23:13:36,329 INFO []                 Book.java:1929 | Book reaching PAGE on sheets:[#1]
2026-03-13 23:13:36,331 INFO [CRASH COMPLEXION_p005]       StepMonitoring.java:98   | LOAD
2026-03-13 23:13:36,527 INFO [CRASH COMPLEXION_p005]            SheetStub.java:1278 | Loaded image #1 2300x3063 from C:\Users\ken\RockSmithTabConvertToMidi\.cache\page_005\preprocess\CRASH COMPLEXION_p005.png
2026-03-13 23:13:36,532 INFO [CRASH COMPLEXION_p005]       StepMonitoring.java:98   | BINARY
2026-03-13 23:13:37,608 INFO [CRASH COMPLEXION_p005]       StepMonitoring.java:98   | SCALE
2026-03-13 23:13:37,680 INFO [CRASH COMPLEXION_p005]         ScaleBuilder.java:241  | Beam  guessed height:  8 -- 0.50 of 17 interline
2026-03-13 23:13:37,681 INFO [CRASH COMPLEXION_p005]         ScaleBuilder.java:264  | Beam measured height:  8 -- 0.25 of [5..17] range at 396% of needed quorum
2026-03-13 23:13:37,683 INFO [CRASH COMPLEXION_p005]         ScaleBuilder.java:392  | Normalized black jitter: 11.11 %
2026-03-13 23:13:37,683 INFO [CRASH COMPLEXION_p005]            ScaleStep.java:65   | Scale{ small_interline(13,14,14) interline(16,18,19) line(2,3,4) beam(8)}
2026-03-13 23:13:37,684 INFO [CRASH COMPLEXION_p005]       StepMonitoring.java:98   | GRID
2026-03-13 23:13:40,618 INFO [CRASH COMPLEXION_p005]       LinesRetriever.java:1500 | Global slope: -0.00570
2026-03-13 23:13:40,745 INFO [CRASH COMPLEXION_p005]    ClustersRetriever.java:326  | Retrieved raw line clusters: 4 of sizes [6] with interline(16,18,19)
2026-03-13 23:13:40,748 INFO [CRASH COMPLEXION_p005]       LinesRetriever.java:1516 | Searching clusters with smallInterline: 14
2026-03-13 23:13:40,829 INFO [CRASH COMPLEXION_p005]    ClustersRetriever.java:326  | Retrieved raw line clusters: 12 of sizes [5] with interline(13,14,14)
2026-03-13 23:13:41,893 INFO [CRASH COMPLEXION_p005]            PeakGraph.java:310  | Systems: #1[1, 2, 3, 4, 5, 6, 7, 8] #2[9, 10, 11, 12, 13, 14, 15, 16]
2026-03-13 23:13:42,115 INFO [CRASH COMPLEXION_p005]        BarsRetriever.java:1305 | System#1
2026-03-13 23:13:42,115 INFO [CRASH COMPLEXION_p005]        BarsRetriever.java:1308 |    PartGroup{bracket number:1 barline:false staves:1-8}
2026-03-13 23:13:42,116 INFO [CRASH COMPLEXION_p005]        BarsRetriever.java:1305 | System#2
2026-03-13 23:13:42,116 INFO [CRASH COMPLEXION_p005]        BarsRetriever.java:1308 |    PartGroup{bracket number:1 barline:false staves:9-16}
2026-03-13 23:13:43,852 INFO [CRASH COMPLEXION_p005]        SystemManager.java:779  | 8 parts along 2 systems, 2 tablatures
2026-03-13 23:13:43,853 INFO [CRASH COMPLEXION_p005]                 Book.java:543  | Created scores: [{Score 1}]
2026-03-13 23:13:43,854 INFO [CRASH COMPLEXION_p005]       StepMonitoring.java:98   | HEADERS
2026-03-13 23:13:46,358 INFO [CRASH COMPLEXION_p005]       StepMonitoring.java:98   | STEM_SEEDS
2026-03-13 23:13:46,707 INFO [CRASH COMPLEXION_p005]        StemSeedsStep.java:86   | stem(3 max:4)
2026-03-13 23:13:46,961 INFO [CRASH COMPLEXION_p005]       StepMonitoring.java:98   | BEAMS
2026-03-13 23:13:50,734 INFO [CRASH COMPLEXION_p005]       StepMonitoring.java:98   | LEDGERS
2026-03-13 23:13:51,948 INFO [CRASH COMPLEXION_p005]       StepMonitoring.java:98   | HEADS
2026-03-13 23:13:52,840 INFO [CRASH COMPLEXION_p005]      TemplateFactory.java:940  | Rebuilding BREVE_SMALL template at resolution 112
2026-03-13 23:13:52,855 INFO [CRASH COMPLEXION_p005]      TemplateFactory.java:940  | Rebuilding WHOLE_NOTE_SMALL template at resolution 112
2026-03-13 23:14:02,311 INFO [CRASH COMPLEXION_p005]        HeadSeedTally.java:235  | Scale information: HeadSeeds{NOTEHEAD_VOID[R:-0.1] NOTEHEAD_VOID_SMALL[R:-0.5] NOTEHEAD_BLACK[L:0.5,R:-0.1] NOTEHEAD_BLACK_SMALL[L:-0.4,R:0.5]}
2026-03-13 23:14:02,311 INFO [CRASH COMPLEXION_p005]       StepMonitoring.java:98   | STEMS
2026-03-13 23:14:12,291 INFO [CRASH COMPLEXION_p005]       StepMonitoring.java:98   | REDUCTION
2026-03-13 23:14:13,712 INFO [CRASH COMPLEXION_p005]        ReductionStep.java:105  | Stems free length median value: 43 pixels, 2.4 interlines
2026-03-13 23:14:13,733 INFO [CRASH COMPLEXION_p005]       StepMonitoring.java:98   | CUE_BEAMS
2026-03-13 23:14:13,758 INFO [CRASH COMPLEXION_p005]       StepMonitoring.java:98   | TEXTS
2026-03-13 23:14:14,106 WARN [CRASH COMPLEXION_p005]         TesseractOCR.java:335  | The collection of supported languages is empty
2026-03-13 23:14:14,106 INFO [CRASH COMPLEXION_p005]              OcrUtil.java:106  | Missing support for 'eng' language(s)
2026-03-13 23:14:14,122 INFO [CRASH COMPLEXION_p005]       StepMonitoring.java:98   | MEASURES
2026-03-13 23:14:14,145 INFO [CRASH COMPLEXION_p005]                 Page.java:307  | 9 raw measures: [5 in system#1, 4 in system#2]
2026-03-13 23:14:14,146 INFO [CRASH COMPLEXION_p005]       StepMonitoring.java:98   | CHORDS
2026-03-13 23:14:14,198 INFO [CRASH COMPLEXION_p005]       StepMonitoring.java:98   | CURVES
2026-03-13 23:14:17,619 INFO [CRASH COMPLEXION_p005]         SlursBuilder.java:240  | Slurs: 20
2026-03-13 23:14:20,108 INFO [CRASH COMPLEXION_p005]      SegmentsBuilder.java:155  | Segments: 30
2026-03-13 23:14:20,290 WARN [CRASH COMPLEXION_p005]                 Book.java:2044 | Error processing stub
2026-03-13 23:14:20,292 INFO [CRASH COMPLEXION_p005]                 Book.java:2584 | Book{CRASH COMPLEXION_p005} storing
2026-03-13 23:14:20,487 INFO [CRASH COMPLEXION_p005]                 Book.java:2565 | Stored /book.xml
2026-03-13 23:14:20,716 INFO [CRASH COMPLEXION_p005]           DataHolder.java:348  | Stored /sheet#1/BINARY.png
2026-03-13 23:14:22,524 INFO [CRASH COMPLEXION_p005]                Sheet.java:1583 | Stored /sheet#1/sheet#1.xml
2026-03-13 23:14:22,524 INFO [CRASH COMPLEXION_p005]                 Book.java:2525 | Book stored as .cache\page_005\omr\CRASH COMPLEXION_p005.omr
2026-03-13 23:14:22,529 INFO [CRASH COMPLEXION_p005]            SheetStub.java:1654 | Sheet disposed
2026-03-13 23:14:22,582 INFO [CRASH COMPLEXION_p005]                 Book.java:2050 | End of Stub#1
2026-03-13 23:14:22,583 INFO [CRASH COMPLEXION_p005]                 Book.java:2057 | End of Book{CRASH COMPLEXION_p005}
2026-03-13 23:14:22,583 WARN [CRASH COMPLEXION_p005]                  CLI.java:956  | Exception occurred java.lang.Exception: Error in reaching step PAGE
java.lang.Exception: Error in reaching step PAGE
	at org.audiveris.omr.CLI$ProcessingTask.processBook(CLI.java:893)
	at org.audiveris.omr.CLI$CliTask.call(CLI.java:513)
	at org.audiveris.omr.Main.runBatchTasks(Main.java:361)
	at org.audiveris.omr.Main.main(Main.java:263)
	at Audiveris.main(Audiveris.java:50)
2026-03-13 23:14:22,632 INFO [CRASH COMPLEXION_p005]                Score.java:181  | Closing {Score 1}
