2026-03-14 00:20:20,412 INFO [CRASH COMPLEXION_p011]                 Book.java:560  | 1 sheet in C:\Users\ken\RockSmithTabConvertToMidi\.cache\page_011\preprocess\CRASH COMPLEXION_p011.png
2026-03-14 00:20:20,591 INFO []                 Book.java:2565 | Stored /book.xml
2026-03-14 00:20:20,592 INFO []                 Book.java:2525 | Book stored as C:\Users\ken\RockSmithTabConvertToMidi\.cache\page_011\omr_stems_fix\minValueRatio0.01\CRASH COMPLEXION_p011.omr
2026-03-14 00:20:20,599 INFO []                 Book.java:1929 | Book reaching CHORDS on sheets:[#1]
2026-03-14 00:20:20,602 INFO [CRASH COMPLEXION_p011]       StepMonitoring.java:98   | LOAD
2026-03-14 00:20:20,754 INFO [CRASH COMPLEXION_p011]            SheetStub.java:1278 | Loaded image #1 2324x3038 from C:\Users\ken\RockSmithTabConvertToMidi\.cache\page_011\preprocess\CRASH COMPLEXION_p011.png
2026-03-14 00:20:20,764 INFO [CRASH COMPLEXION_p011]                 Book.java:2565 | Stored /book.xml
2026-03-14 00:20:20,924 INFO [CRASH COMPLEXION_p011]           DataHolder.java:348  | Stored /sheet#1/GRAY.png
2026-03-14 00:20:21,227 INFO [CRASH COMPLEXION_p011]                Sheet.java:1583 | Stored /sheet#1/sheet#1.xml
2026-03-14 00:20:21,232 INFO [CRASH COMPLEXION_p011]       StepMonitoring.java:98   | BINARY
2026-03-14 00:20:21,955 INFO [CRASH COMPLEXION_p011]                 Book.java:2565 | Stored /book.xml
2026-03-14 00:20:21,956 INFO [CRASH COMPLEXION_p011]           DataHolder.java:256  | Removed /sheet#1/GRAY.png
2026-03-14 00:20:22,079 INFO [CRASH COMPLEXION_p011]           DataHolder.java:348  | Stored /sheet#1/BINARY.png
2026-03-14 00:20:22,081 INFO [CRASH COMPLEXION_p011]                Sheet.java:1583 | Stored /sheet#1/sheet#1.xml
2026-03-14 00:20:22,090 INFO [CRASH COMPLEXION_p011]       StepMonitoring.java:98   | SCALE
2026-03-14 00:20:22,140 INFO [CRASH COMPLEXION_p011]         ScaleBuilder.java:241  | Beam  guessed height:  8 -- 0.50 of 16 interline
2026-03-14 00:20:22,142 INFO [CRASH COMPLEXION_p011]         ScaleBuilder.java:264  | Beam measured height:  8 -- 0.27 of [5..16] range at 392% of needed quorum
2026-03-14 00:20:22,142 INFO [CRASH COMPLEXION_p011]         ScaleBuilder.java:392  | Normalized black jitter: 11.76 %
2026-03-14 00:20:22,143 INFO [CRASH COMPLEXION_p011]            ScaleStep.java:65   | Scale{ small_interline(13,14,14) interline(16,17,19) line(2,3,4) beam(8)}
2026-03-14 00:20:22,151 INFO [CRASH COMPLEXION_p011]                 Book.java:2565 | Stored /book.xml
2026-03-14 00:20:22,155 INFO [CRASH COMPLEXION_p011]                Sheet.java:1583 | Stored /sheet#1/sheet#1.xml
2026-03-14 00:20:22,161 INFO [CRASH COMPLEXION_p011]       StepMonitoring.java:98   | GRID
2026-03-14 00:20:25,189 INFO [CRASH COMPLEXION_p011]       LinesRetriever.java:1500 | Global slope: -0.00116
2026-03-14 00:20:25,284 INFO [CRASH COMPLEXION_p011]    ClustersRetriever.java:326  | Retrieved raw line clusters: 4 of sizes [6] with interline(16,17,19)
2026-03-14 00:20:25,286 INFO [CRASH COMPLEXION_p011]       LinesRetriever.java:1516 | Searching clusters with smallInterline: 14
2026-03-14 00:20:25,351 INFO [CRASH COMPLEXION_p011]    ClustersRetriever.java:326  | Retrieved raw line clusters: 12 of sizes [5] with interline(13,14,14)
2026-03-14 00:20:26,198 INFO [CRASH COMPLEXION_p011]            PeakGraph.java:310  | Systems: #1[1, 2, 3, 4, 5, 6, 7, 8] #2[9, 10, 11, 12, 13, 14, 15, 16]
2026-03-14 00:20:26,363 INFO [CRASH COMPLEXION_p011]        BarsRetriever.java:1305 | System#1
2026-03-14 00:20:26,367 INFO [CRASH COMPLEXION_p011]        BarsRetriever.java:1308 |    PartGroup{bracket number:1 barline:false staves:1-8}
2026-03-14 00:20:26,370 INFO [CRASH COMPLEXION_p011]        BarsRetriever.java:1305 | System#2
2026-03-14 00:20:26,370 INFO [CRASH COMPLEXION_p011]        BarsRetriever.java:1308 |    PartGroup{bracket number:1 barline:false staves:9-16}
2026-03-14 00:20:27,791 INFO [CRASH COMPLEXION_p011]        SystemManager.java:779  | 8 parts along 2 systems, 2 tablatures
2026-03-14 00:20:27,792 INFO [CRASH COMPLEXION_p011]                 Book.java:543  | Created scores: [{Score 1}]
2026-03-14 00:20:27,804 INFO [CRASH COMPLEXION_p011]                 Book.java:2565 | Stored /book.xml
2026-03-14 00:20:28,534 INFO [CRASH COMPLEXION_p011]                Sheet.java:1583 | Stored /sheet#1/sheet#1.xml
2026-03-14 00:20:28,541 INFO [CRASH COMPLEXION_p011]       StepMonitoring.java:98   | HEADERS
2026-03-14 00:20:30,268 INFO [CRASH COMPLEXION_p011]                 Book.java:2565 | Stored /book.xml
2026-03-14 00:20:30,565 INFO [CRASH COMPLEXION_p011]                Sheet.java:1583 | Stored /sheet#1/sheet#1.xml
2026-03-14 00:20:30,574 INFO [CRASH COMPLEXION_p011]       StepMonitoring.java:98   | STEM_SEEDS
2026-03-14 00:20:30,744 INFO [CRASH COMPLEXION_p011]        StemSeedsStep.java:86   | stem(3 max:4)
2026-03-14 00:20:30,911 INFO [CRASH COMPLEXION_p011]                 Book.java:2565 | Stored /book.xml
2026-03-14 00:20:31,262 INFO [CRASH COMPLEXION_p011]                Sheet.java:1583 | Stored /sheet#1/sheet#1.xml
2026-03-14 00:20:31,269 INFO [CRASH COMPLEXION_p011]       StepMonitoring.java:98   | BEAMS
2026-03-14 00:20:35,048 INFO [CRASH COMPLEXION_p011]                 Book.java:2565 | Stored /book.xml
2026-03-14 00:20:35,165 INFO [CRASH COMPLEXION_p011]           DataHolder.java:348  | Stored /sheet#1/HEAD_SPOTS.png
2026-03-14 00:20:36,035 INFO [CRASH COMPLEXION_p011]                Sheet.java:1583 | Stored /sheet#1/sheet#1.xml
2026-03-14 00:20:36,040 INFO [CRASH COMPLEXION_p011]       StepMonitoring.java:98   | LEDGERS
2026-03-14 00:20:37,221 INFO [CRASH COMPLEXION_p011]                 Book.java:2565 | Stored /book.xml
2026-03-14 00:20:38,023 INFO [CRASH COMPLEXION_p011]                Sheet.java:1583 | Stored /sheet#1/sheet#1.xml
2026-03-14 00:20:38,030 INFO [CRASH COMPLEXION_p011]       StepMonitoring.java:98   | HEADS
2026-03-14 00:20:45,318 INFO [CRASH COMPLEXION_p011]        HeadSeedTally.java:235  | Scale information: HeadSeeds{NOTEHEAD_VOID[L:0.1,R:-0.8] NOTEHEAD_BLACK[L:-0.3,R:-0.4]}
2026-03-14 00:20:45,326 INFO [CRASH COMPLEXION_p011]                 Book.java:2565 | Stored /book.xml
2026-03-14 00:20:45,327 INFO [CRASH COMPLEXION_p011]           DataHolder.java:256  | Removed /sheet#1/HEAD_SPOTS.png
2026-03-14 00:20:46,599 INFO [CRASH COMPLEXION_p011]                Sheet.java:1583 | Stored /sheet#1/sheet#1.xml
2026-03-14 00:20:46,607 INFO [CRASH COMPLEXION_p011]       StepMonitoring.java:98   | STEMS
2026-03-14 00:20:51,563 WARN [CRASH COMPLEXION_p011]                 Book.java:2044 | Error processing stub
2026-03-14 00:20:51,564 INFO [CRASH COMPLEXION_p011]                 Book.java:2584 | Book{CRASH COMPLEXION_p011} storing
2026-03-14 00:20:51,688 INFO [CRASH COMPLEXION_p011]                 Book.java:2565 | Stored /book.xml
2026-03-14 00:20:52,705 INFO [CRASH COMPLEXION_p011]                Sheet.java:1583 | Stored /sheet#1/sheet#1.xml
2026-03-14 00:20:52,705 INFO [CRASH COMPLEXION_p011]                 Book.java:2525 | Book stored as C:\Users\ken\RockSmithTabConvertToMidi\.cache\page_011\omr_stems_fix\minValueRatio0.01\CRASH COMPLEXION_p011.omr
2026-03-14 00:20:52,713 INFO [CRASH COMPLEXION_p011]            SheetStub.java:1654 | Sheet disposed
2026-03-14 00:20:52,753 INFO [CRASH COMPLEXION_p011]                 Book.java:2050 | End of Stub#1
2026-03-14 00:20:52,754 INFO [CRASH COMPLEXION_p011]                 Book.java:2057 | End of Book{CRASH COMPLEXION_p011}
2026-03-14 00:20:52,755 WARN [CRASH COMPLEXION_p011]                  CLI.java:956  | Exception occurred java.lang.Exception: Error in reaching step CHORDS
java.lang.Exception: Error in reaching step CHORDS
	at org.audiveris.omr.CLI$ProcessingTask.processBook(CLI.java:893)
	at org.audiveris.omr.CLI$CliTask.call(CLI.java:513)
	at org.audiveris.omr.Main.runBatchTasks(Main.java:361)
	at org.audiveris.omr.Main.main(Main.java:263)
	at Audiveris.main(Audiveris.java:50)
2026-03-14 00:20:52,790 INFO [CRASH COMPLEXION_p011]                Score.java:181  | Closing {Score 1}
