2026-03-28 10:12:39,461 INFO [CRASH_COMPLEXION_p005]                 Book.java:560  | 1 sheet in C:\Users\ken\RockSmithTabConvertToMidi\tmp\crash_cache_v5_crosspage\page_005\preprocess\CRASH_COMPLEXION_p005.png
2026-03-28 10:12:39,694 INFO []                 Book.java:2565 | Stored /book.xml
2026-03-28 10:12:39,695 INFO []                 Book.java:2525 | Book stored as tmp\crash_cache_v5_crosspage\page_005\omr\CRASH_COMPLEXION_p005.omr
2026-03-28 10:12:39,703 INFO []                 Book.java:1929 | Book reaching CHORDS on sheets:[#1]
2026-03-28 10:12:39,707 INFO [CRASH_COMPLEXION_p005]       StepMonitoring.java:98   | LOAD
2026-03-28 10:12:39,974 INFO [CRASH_COMPLEXION_p005]            SheetStub.java:1278 | Loaded image #1 2300x3063 from C:\Users\ken\RockSmithTabConvertToMidi\tmp\crash_cache_v5_crosspage\page_005\preprocess\CRASH_COMPLEXION_p005.png
2026-03-28 10:12:39,988 INFO [CRASH_COMPLEXION_p005]                 Book.java:2565 | Stored /book.xml
2026-03-28 10:12:40,201 INFO [CRASH_COMPLEXION_p005]           DataHolder.java:348  | Stored /sheet#1/GRAY.png
2026-03-28 10:12:40,530 INFO [CRASH_COMPLEXION_p005]                Sheet.java:1583 | Stored /sheet#1/sheet#1.xml
2026-03-28 10:12:40,536 INFO [CRASH_COMPLEXION_p005]       StepMonitoring.java:98   | BINARY
2026-03-28 10:12:41,414 INFO [CRASH_COMPLEXION_p005]                 Book.java:2565 | Stored /book.xml
2026-03-28 10:12:41,415 INFO [CRASH_COMPLEXION_p005]           DataHolder.java:256  | Removed /sheet#1/GRAY.png
2026-03-28 10:12:41,534 INFO [CRASH_COMPLEXION_p005]           DataHolder.java:348  | Stored /sheet#1/BINARY.png
2026-03-28 10:12:41,537 INFO [CRASH_COMPLEXION_p005]                Sheet.java:1583 | Stored /sheet#1/sheet#1.xml
2026-03-28 10:12:41,543 INFO [CRASH_COMPLEXION_p005]       StepMonitoring.java:98   | SCALE
2026-03-28 10:12:41,585 INFO [CRASH_COMPLEXION_p005]         ScaleBuilder.java:241  | Beam  guessed height:  8 -- 0.50 of 17 interline
2026-03-28 10:12:41,587 INFO [CRASH_COMPLEXION_p005]         ScaleBuilder.java:264  | Beam measured height:  8 -- 0.25 of [5..17] range at 396% of needed quorum
2026-03-28 10:12:41,588 INFO [CRASH_COMPLEXION_p005]         ScaleBuilder.java:392  | Normalized black jitter: 11.11 %
2026-03-28 10:12:41,588 INFO [CRASH_COMPLEXION_p005]            ScaleStep.java:65   | Scale{ small_interline(13,14,14) interline(16,18,19) line(2,3,4) beam(8)}
2026-03-28 10:12:41,596 INFO [CRASH_COMPLEXION_p005]                 Book.java:2565 | Stored /book.xml
2026-03-28 10:12:41,600 INFO [CRASH_COMPLEXION_p005]                Sheet.java:1583 | Stored /sheet#1/sheet#1.xml
2026-03-28 10:12:41,607 INFO [CRASH_COMPLEXION_p005]       StepMonitoring.java:98   | GRID
2026-03-28 10:12:46,655 INFO [CRASH_COMPLEXION_p005]       LinesRetriever.java:1500 | Global slope: -0.00570
2026-03-28 10:12:46,763 INFO [CRASH_COMPLEXION_p005]    ClustersRetriever.java:326  | Retrieved raw line clusters: 4 of sizes [6] with interline(16,18,19)
2026-03-28 10:12:46,767 INFO [CRASH_COMPLEXION_p005]       LinesRetriever.java:1516 | Searching clusters with smallInterline: 14
2026-03-28 10:12:46,822 INFO [CRASH_COMPLEXION_p005]    ClustersRetriever.java:326  | Retrieved raw line clusters: 12 of sizes [5] with interline(13,14,14)
2026-03-28 10:12:47,810 INFO [CRASH_COMPLEXION_p005]            PeakGraph.java:310  | Systems: #1[1, 2, 3, 4, 5, 6, 7, 8] #2[9, 10, 11, 12, 13, 14, 15, 16]
2026-03-28 10:12:48,003 INFO [CRASH_COMPLEXION_p005]        BarsRetriever.java:1305 | System#1
2026-03-28 10:12:48,003 INFO [CRASH_COMPLEXION_p005]        BarsRetriever.java:1308 |    PartGroup{bracket number:1 barline:false staves:1-8}
2026-03-28 10:12:48,006 INFO [CRASH_COMPLEXION_p005]        BarsRetriever.java:1305 | System#2
2026-03-28 10:12:48,006 INFO [CRASH_COMPLEXION_p005]        BarsRetriever.java:1308 |    PartGroup{bracket number:1 barline:false staves:9-16}
2026-03-28 10:12:49,659 INFO [CRASH_COMPLEXION_p005]        SystemManager.java:779  | 8 parts along 2 systems, 2 tablatures
2026-03-28 10:12:49,660 INFO [CRASH_COMPLEXION_p005]                 Book.java:543  | Created scores: [{Score 1}]
2026-03-28 10:12:49,673 INFO [CRASH_COMPLEXION_p005]                 Book.java:2565 | Stored /book.xml
2026-03-28 10:12:50,297 INFO [CRASH_COMPLEXION_p005]                Sheet.java:1583 | Stored /sheet#1/sheet#1.xml
2026-03-28 10:12:50,313 INFO [CRASH_COMPLEXION_p005]       StepMonitoring.java:98   | HEADERS
2026-03-28 10:12:52,727 INFO [CRASH_COMPLEXION_p005]                 Book.java:2565 | Stored /book.xml
2026-03-28 10:12:53,059 INFO [CRASH_COMPLEXION_p005]                Sheet.java:1583 | Stored /sheet#1/sheet#1.xml
2026-03-28 10:12:53,067 INFO [CRASH_COMPLEXION_p005]       StepMonitoring.java:98   | STEM_SEEDS
2026-03-28 10:12:53,209 INFO [CRASH_COMPLEXION_p005]        StemSeedsStep.java:86   | stem(3 max:4)
2026-03-28 10:12:53,369 INFO [CRASH_COMPLEXION_p005]                 Book.java:2565 | Stored /book.xml
2026-03-28 10:12:53,707 INFO [CRASH_COMPLEXION_p005]                Sheet.java:1583 | Stored /sheet#1/sheet#1.xml
2026-03-28 10:12:53,715 INFO [CRASH_COMPLEXION_p005]       StepMonitoring.java:98   | BEAMS
2026-03-28 10:12:57,728 INFO [CRASH_COMPLEXION_p005]                 Book.java:2565 | Stored /book.xml
2026-03-28 10:12:57,868 INFO [CRASH_COMPLEXION_p005]           DataHolder.java:348  | Stored /sheet#1/HEAD_SPOTS.png
2026-03-28 10:12:58,620 INFO [CRASH_COMPLEXION_p005]                Sheet.java:1583 | Stored /sheet#1/sheet#1.xml
2026-03-28 10:12:58,626 INFO [CRASH_COMPLEXION_p005]       StepMonitoring.java:98   | LEDGERS
2026-03-28 10:12:59,775 INFO [CRASH_COMPLEXION_p005]                 Book.java:2565 | Stored /book.xml
2026-03-28 10:13:00,424 INFO [CRASH_COMPLEXION_p005]                Sheet.java:1583 | Stored /sheet#1/sheet#1.xml
2026-03-28 10:13:00,430 INFO [CRASH_COMPLEXION_p005]       StepMonitoring.java:98   | HEADS
2026-03-28 10:13:01,262 INFO [CRASH_COMPLEXION_p005]      TemplateFactory.java:940  | Rebuilding BREVE_SMALL template at resolution 112
2026-03-28 10:13:01,309 INFO [CRASH_COMPLEXION_p005]      TemplateFactory.java:940  | Rebuilding WHOLE_NOTE_SMALL template at resolution 112
2026-03-28 10:13:09,820 INFO [CRASH_COMPLEXION_p005]        HeadSeedTally.java:235  | Scale information: HeadSeeds{NOTEHEAD_VOID[R:-0.1] NOTEHEAD_VOID_SMALL[R:-0.5] NOTEHEAD_BLACK[L:0.5,R:-0.1] NOTEHEAD_BLACK_SMALL[L:-0.4,R:0.5]}
2026-03-28 10:13:09,826 INFO [CRASH_COMPLEXION_p005]                 Book.java:2565 | Stored /book.xml
2026-03-28 10:13:09,827 INFO [CRASH_COMPLEXION_p005]           DataHolder.java:256  | Removed /sheet#1/HEAD_SPOTS.png
2026-03-28 10:13:10,889 INFO [CRASH_COMPLEXION_p005]                Sheet.java:1583 | Stored /sheet#1/sheet#1.xml
2026-03-28 10:13:10,896 INFO [CRASH_COMPLEXION_p005]       StepMonitoring.java:98   | STEMS
2026-03-28 10:13:20,211 INFO [CRASH_COMPLEXION_p005]                 Book.java:2565 | Stored /book.xml
2026-03-28 10:13:22,022 INFO [CRASH_COMPLEXION_p005]                Sheet.java:1583 | Stored /sheet#1/sheet#1.xml
2026-03-28 10:13:22,029 INFO [CRASH_COMPLEXION_p005]       StepMonitoring.java:98   | REDUCTION
2026-03-28 10:13:22,874 INFO [CRASH_COMPLEXION_p005]        ReductionStep.java:105  | Stems free length median value: 43 pixels, 2.4 interlines
2026-03-28 10:13:22,899 INFO [CRASH_COMPLEXION_p005]                 Book.java:2565 | Stored /book.xml
2026-03-28 10:13:23,578 INFO [CRASH_COMPLEXION_p005]                Sheet.java:1583 | Stored /sheet#1/sheet#1.xml
2026-03-28 10:13:23,584 INFO [CRASH_COMPLEXION_p005]       StepMonitoring.java:98   | CUE_BEAMS
2026-03-28 10:13:23,626 INFO [CRASH_COMPLEXION_p005]                 Book.java:2565 | Stored /book.xml
2026-03-28 10:13:24,059 INFO [CRASH_COMPLEXION_p005]                Sheet.java:1583 | Stored /sheet#1/sheet#1.xml
2026-03-28 10:13:24,065 INFO [CRASH_COMPLEXION_p005]       StepMonitoring.java:98   | TEXTS
2026-03-28 10:13:24,307 WARN [CRASH_COMPLEXION_p005]         TesseractOCR.java:335  | The collection of supported languages is empty
2026-03-28 10:13:24,307 INFO [CRASH_COMPLEXION_p005]              OcrUtil.java:106  | Missing support for 'eng' language(s)
2026-03-28 10:13:24,330 INFO [CRASH_COMPLEXION_p005]                 Book.java:2565 | Stored /book.xml
2026-03-28 10:13:24,721 INFO [CRASH_COMPLEXION_p005]                Sheet.java:1583 | Stored /sheet#1/sheet#1.xml
2026-03-28 10:13:24,728 INFO [CRASH_COMPLEXION_p005]       StepMonitoring.java:98   | MEASURES
2026-03-28 10:13:24,736 INFO [CRASH_COMPLEXION_p005]                 Page.java:307  | 9 raw measures: [5 in system#1, 4 in system#2]
2026-03-28 10:13:24,740 INFO [CRASH_COMPLEXION_p005]                 Book.java:2565 | Stored /book.xml
2026-03-28 10:13:25,211 INFO [CRASH_COMPLEXION_p005]                Sheet.java:1583 | Stored /sheet#1/sheet#1.xml
2026-03-28 10:13:25,217 INFO [CRASH_COMPLEXION_p005]       StepMonitoring.java:98   | CHORDS
2026-03-28 10:13:25,284 INFO [CRASH_COMPLEXION_p005]                 Book.java:2565 | Stored /book.xml
2026-03-28 10:13:25,732 INFO [CRASH_COMPLEXION_p005]                Sheet.java:1583 | Stored /sheet#1/sheet#1.xml
2026-03-28 10:13:25,737 INFO [CRASH_COMPLEXION_p005]            SheetStub.java:1654 | Sheet disposed
2026-03-28 10:13:25,781 INFO [CRASH_COMPLEXION_p005]                 Book.java:2050 | End of Stub#1
2026-03-28 10:13:25,781 INFO [CRASH_COMPLEXION_p005]                 Book.java:2057 | End of Book{CRASH_COMPLEXION_p005}
2026-03-28 10:13:25,821 INFO [CRASH_COMPLEXION_p005]                Score.java:181  | Closing {Score 1}
