2026-03-28 09:43:28,812 INFO [CRASH_COMPLEXION_p004]                 Book.java:560  | 1 sheet in C:\Users\ken\RockSmithTabConvertToMidi\tmp\crash_cache_v4_repeat\page_004\preprocess\CRASH_COMPLEXION_p004.png
2026-03-28 09:43:28,986 INFO []                 Book.java:2565 | Stored /book.xml
2026-03-28 09:43:28,986 INFO []                 Book.java:2525 | Book stored as tmp\crash_cache_v4_repeat\page_004\omr\CRASH_COMPLEXION_p004.omr
2026-03-28 09:43:28,994 INFO []                 Book.java:1929 | Book reaching CHORDS on sheets:[#1]
2026-03-28 09:43:28,999 INFO [CRASH_COMPLEXION_p004]       StepMonitoring.java:98   | LOAD
2026-03-28 09:43:29,146 INFO [CRASH_COMPLEXION_p004]            SheetStub.java:1278 | Loaded image #1 2324x3186 from C:\Users\ken\RockSmithTabConvertToMidi\tmp\crash_cache_v4_repeat\page_004\preprocess\CRASH_COMPLEXION_p004.png
2026-03-28 09:43:29,157 INFO [CRASH_COMPLEXION_p004]                 Book.java:2565 | Stored /book.xml
2026-03-28 09:43:29,300 INFO [CRASH_COMPLEXION_p004]           DataHolder.java:348  | Stored /sheet#1/GRAY.png
2026-03-28 09:43:29,617 INFO [CRASH_COMPLEXION_p004]                Sheet.java:1583 | Stored /sheet#1/sheet#1.xml
2026-03-28 09:43:29,622 INFO [CRASH_COMPLEXION_p004]       StepMonitoring.java:98   | BINARY
2026-03-28 09:43:30,448 INFO [CRASH_COMPLEXION_p004]                 Book.java:2565 | Stored /book.xml
2026-03-28 09:43:30,450 INFO [CRASH_COMPLEXION_p004]           DataHolder.java:256  | Removed /sheet#1/GRAY.png
2026-03-28 09:43:30,591 INFO [CRASH_COMPLEXION_p004]           DataHolder.java:348  | Stored /sheet#1/BINARY.png
2026-03-28 09:43:30,595 INFO [CRASH_COMPLEXION_p004]                Sheet.java:1583 | Stored /sheet#1/sheet#1.xml
2026-03-28 09:43:30,600 INFO [CRASH_COMPLEXION_p004]       StepMonitoring.java:98   | SCALE
2026-03-28 09:43:30,641 INFO [CRASH_COMPLEXION_p004]         ScaleBuilder.java:241  | Beam  guessed height:  8 -- 0.50 of 16 interline
2026-03-28 09:43:30,653 INFO [CRASH_COMPLEXION_p004]         ScaleBuilder.java:264  | Beam measured height:  8 -- 0.27 of [5..16] range at 260% of needed quorum
2026-03-28 09:43:30,654 INFO [CRASH_COMPLEXION_p004]         ScaleBuilder.java:392  | Normalized black jitter: 5.88 %
2026-03-28 09:43:30,655 INFO [CRASH_COMPLEXION_p004]            ScaleStep.java:65   | Scale{ small_interline(13,13,14) interline(16,17,19) line(2,3,3) beam(8)}
2026-03-28 09:43:30,661 INFO [CRASH_COMPLEXION_p004]                 Book.java:2565 | Stored /book.xml
2026-03-28 09:43:30,666 INFO [CRASH_COMPLEXION_p004]                Sheet.java:1583 | Stored /sheet#1/sheet#1.xml
2026-03-28 09:43:30,672 INFO [CRASH_COMPLEXION_p004]       StepMonitoring.java:98   | GRID
2026-03-28 09:43:33,514 INFO [CRASH_COMPLEXION_p004]       LinesRetriever.java:1500 | Global slope: 0.00596
2026-03-28 09:43:33,607 INFO [CRASH_COMPLEXION_p004]    ClustersRetriever.java:326  | Retrieved raw line clusters: 4 of sizes [6] with interline(16,17,19)
2026-03-28 09:43:33,610 INFO [CRASH_COMPLEXION_p004]       LinesRetriever.java:1516 | Searching clusters with smallInterline: 13
2026-03-28 09:43:33,665 INFO [CRASH_COMPLEXION_p004]    ClustersRetriever.java:326  | Retrieved raw line clusters: 12 of sizes [5] with interline(13,13,14)
2026-03-28 09:43:35,299 INFO [CRASH_COMPLEXION_p004]            PeakGraph.java:310  | Systems: #1[1, 2, 3, 4, 5, 6, 7, 8] #2[9, 10, 11, 12, 13, 14, 15, 16]
2026-03-28 09:43:35,462 INFO [CRASH_COMPLEXION_p004]        BarsRetriever.java:1305 | System#1
2026-03-28 09:43:35,462 INFO [CRASH_COMPLEXION_p004]        BarsRetriever.java:1308 |    PartGroup{bracket number:1 barline:false staves:1-8}
2026-03-28 09:43:35,462 INFO [CRASH_COMPLEXION_p004]        BarsRetriever.java:1305 | System#2
2026-03-28 09:43:35,463 INFO [CRASH_COMPLEXION_p004]        BarsRetriever.java:1308 |    PartGroup{bracket number:1 barline:false staves:9-16}
2026-03-28 09:43:36,819 INFO [CRASH_COMPLEXION_p004]        SystemManager.java:779  | 8 parts along 2 systems, 2 tablatures
2026-03-28 09:43:36,822 INFO [CRASH_COMPLEXION_p004]                 Book.java:543  | Created scores: [{Score 1}]
2026-03-28 09:43:36,839 INFO [CRASH_COMPLEXION_p004]                 Book.java:2565 | Stored /book.xml
2026-03-28 09:43:37,680 INFO [CRASH_COMPLEXION_p004]                Sheet.java:1583 | Stored /sheet#1/sheet#1.xml
2026-03-28 09:43:37,687 INFO [CRASH_COMPLEXION_p004]       StepMonitoring.java:98   | HEADERS
2026-03-28 09:43:39,955 INFO [CRASH_COMPLEXION_p004]                 Book.java:2565 | Stored /book.xml
2026-03-28 09:43:40,249 INFO [CRASH_COMPLEXION_p004]                Sheet.java:1583 | Stored /sheet#1/sheet#1.xml
2026-03-28 09:43:40,259 INFO [CRASH_COMPLEXION_p004]       StepMonitoring.java:98   | STEM_SEEDS
2026-03-28 09:43:40,382 INFO [CRASH_COMPLEXION_p004]        StemSeedsStep.java:86   | stem(3 max:5)
2026-03-28 09:43:40,509 INFO [CRASH_COMPLEXION_p004]                 Book.java:2565 | Stored /book.xml
2026-03-28 09:43:40,810 INFO [CRASH_COMPLEXION_p004]                Sheet.java:1583 | Stored /sheet#1/sheet#1.xml
2026-03-28 09:43:40,817 INFO [CRASH_COMPLEXION_p004]       StepMonitoring.java:98   | BEAMS
2026-03-28 09:43:44,192 INFO [CRASH_COMPLEXION_p004]                 Book.java:2565 | Stored /book.xml
2026-03-28 09:43:44,303 INFO [CRASH_COMPLEXION_p004]           DataHolder.java:348  | Stored /sheet#1/HEAD_SPOTS.png
2026-03-28 09:43:45,110 INFO [CRASH_COMPLEXION_p004]                Sheet.java:1583 | Stored /sheet#1/sheet#1.xml
2026-03-28 09:43:45,118 INFO [CRASH_COMPLEXION_p004]       StepMonitoring.java:98   | LEDGERS
2026-03-28 09:43:45,960 INFO [CRASH_COMPLEXION_p004]                 Book.java:2565 | Stored /book.xml
2026-03-28 09:43:46,576 INFO [CRASH_COMPLEXION_p004]                Sheet.java:1583 | Stored /sheet#1/sheet#1.xml
2026-03-28 09:43:46,587 INFO [CRASH_COMPLEXION_p004]       StepMonitoring.java:98   | HEADS
2026-03-28 09:43:47,743 INFO [CRASH_COMPLEXION_p004]      TemplateFactory.java:940  | Rebuilding BREVE_SMALL template at resolution 104
2026-03-28 09:43:47,754 INFO [CRASH_COMPLEXION_p004]      TemplateFactory.java:940  | Rebuilding WHOLE_NOTE_SMALL template at resolution 104
2026-03-28 09:43:53,718 INFO [CRASH_COMPLEXION_p004]        HeadSeedTally.java:235  | Scale information: HeadSeeds{NOTEHEAD_VOID[R:-0.4] NOTEHEAD_VOID_SMALL[R:-0.4] NOTEHEAD_BLACK[L:0.7,R:0.4] NOTEHEAD_BLACK_SMALL[L:0.1,R:1.0]}
2026-03-28 09:43:53,724 INFO [CRASH_COMPLEXION_p004]                 Book.java:2565 | Stored /book.xml
2026-03-28 09:43:53,725 INFO [CRASH_COMPLEXION_p004]           DataHolder.java:256  | Removed /sheet#1/HEAD_SPOTS.png
2026-03-28 09:43:54,941 INFO [CRASH_COMPLEXION_p004]                Sheet.java:1583 | Stored /sheet#1/sheet#1.xml
2026-03-28 09:43:54,946 INFO [CRASH_COMPLEXION_p004]       StepMonitoring.java:98   | STEMS
2026-03-28 09:44:04,404 INFO [CRASH_COMPLEXION_p004]                 Book.java:2565 | Stored /book.xml
2026-03-28 09:44:06,293 INFO [CRASH_COMPLEXION_p004]                Sheet.java:1583 | Stored /sheet#1/sheet#1.xml
2026-03-28 09:44:06,300 INFO [CRASH_COMPLEXION_p004]       StepMonitoring.java:98   | REDUCTION
2026-03-28 09:44:07,650 INFO [CRASH_COMPLEXION_p004]        ReductionStep.java:105  | Stems free length median value: 43 pixels, 2.5 interlines
2026-03-28 09:44:07,703 INFO [CRASH_COMPLEXION_p004]                 Book.java:2565 | Stored /book.xml
2026-03-28 09:44:08,226 INFO [CRASH_COMPLEXION_p004]                Sheet.java:1583 | Stored /sheet#1/sheet#1.xml
2026-03-28 09:44:08,232 INFO [CRASH_COMPLEXION_p004]       StepMonitoring.java:98   | CUE_BEAMS
2026-03-28 09:44:08,247 INFO [CRASH_COMPLEXION_p004]                 Book.java:2565 | Stored /book.xml
2026-03-28 09:44:08,546 INFO [CRASH_COMPLEXION_p004]                Sheet.java:1583 | Stored /sheet#1/sheet#1.xml
2026-03-28 09:44:08,553 INFO [CRASH_COMPLEXION_p004]       StepMonitoring.java:98   | TEXTS
2026-03-28 09:44:08,745 WARN [CRASH_COMPLEXION_p004]         TesseractOCR.java:335  | The collection of supported languages is empty
2026-03-28 09:44:08,745 INFO [CRASH_COMPLEXION_p004]              OcrUtil.java:106  | Missing support for 'eng' language(s)
2026-03-28 09:44:08,761 INFO [CRASH_COMPLEXION_p004]                 Book.java:2565 | Stored /book.xml
2026-03-28 09:44:09,075 INFO [CRASH_COMPLEXION_p004]                Sheet.java:1583 | Stored /sheet#1/sheet#1.xml
2026-03-28 09:44:09,086 INFO [CRASH_COMPLEXION_p004]       StepMonitoring.java:98   | MEASURES
2026-03-28 09:44:09,093 INFO [CRASH_COMPLEXION_p004]                 Page.java:307  | 7 raw measures: [3 in system#1, 4 in system#2]
2026-03-28 09:44:09,099 INFO [CRASH_COMPLEXION_p004]                 Book.java:2565 | Stored /book.xml
2026-03-28 09:44:09,507 INFO [CRASH_COMPLEXION_p004]                Sheet.java:1583 | Stored /sheet#1/sheet#1.xml
2026-03-28 09:44:09,512 INFO [CRASH_COMPLEXION_p004]       StepMonitoring.java:98   | CHORDS
2026-03-28 09:44:09,534 INFO [CRASH_COMPLEXION_p004]                 Book.java:2565 | Stored /book.xml
2026-03-28 09:44:09,886 INFO [CRASH_COMPLEXION_p004]                Sheet.java:1583 | Stored /sheet#1/sheet#1.xml
2026-03-28 09:44:09,891 INFO [CRASH_COMPLEXION_p004]            SheetStub.java:1654 | Sheet disposed
2026-03-28 09:44:09,936 INFO [CRASH_COMPLEXION_p004]                 Book.java:2050 | End of Stub#1
2026-03-28 09:44:09,937 INFO [CRASH_COMPLEXION_p004]                 Book.java:2057 | End of Book{CRASH_COMPLEXION_p004}
2026-03-28 09:44:09,978 INFO [CRASH_COMPLEXION_p004]                Score.java:181  | Closing {Score 1}
