2026-03-13 23:02:35,429 INFO [CRASH COMPLEXION_p002]                 Book.java:560  | 1 sheet in C:\Users\ken\RockSmithTabConvertToMidi\.cache\page_002\preprocess\CRASH COMPLEXION_p002.png
2026-03-13 23:02:35,632 INFO []                 Book.java:2565 | Stored /book.xml
2026-03-13 23:02:35,633 INFO []                 Book.java:2525 | Book stored as .cache\page_002\omr\CRASH COMPLEXION_p002.omr
2026-03-13 23:02:35,640 INFO []                 Book.java:1929 | Book reaching PAGE on sheets:[#1]
2026-03-13 23:02:35,642 INFO [CRASH COMPLEXION_p002]       StepMonitoring.java:98   | LOAD
2026-03-13 23:02:35,802 INFO [CRASH COMPLEXION_p002]            SheetStub.java:1278 | Loaded image #1 2311x3159 from C:\Users\ken\RockSmithTabConvertToMidi\.cache\page_002\preprocess\CRASH COMPLEXION_p002.png
2026-03-13 23:02:35,806 INFO [CRASH COMPLEXION_p002]       StepMonitoring.java:98   | BINARY
2026-03-13 23:02:36,755 INFO [CRASH COMPLEXION_p002]       StepMonitoring.java:98   | SCALE
2026-03-13 23:02:36,852 INFO [CRASH COMPLEXION_p002]         ScaleBuilder.java:241  | Beam  guessed height:  8 -- 0.50 of 16 interline
2026-03-13 23:02:36,855 INFO [CRASH COMPLEXION_p002]         ScaleBuilder.java:264  | Beam measured height:  8 -- 0.27 of [5..16] range at 327% of needed quorum
2026-03-13 23:02:36,856 INFO [CRASH COMPLEXION_p002]         ScaleBuilder.java:392  | Normalized black jitter: 11.76 %
2026-03-13 23:02:36,856 INFO [CRASH COMPLEXION_p002]            ScaleStep.java:65   | Scale{ small_interline(13,14,14) interline(16,17,19) line(2,3,4) beam(8)}
2026-03-13 23:02:36,858 INFO [CRASH COMPLEXION_p002]       StepMonitoring.java:98   | GRID
2026-03-13 23:02:42,600 INFO [CRASH COMPLEXION_p002]       LinesRetriever.java:1500 | Global slope: 0.00217
2026-03-13 23:02:42,710 INFO [CRASH COMPLEXION_p002]    ClustersRetriever.java:326  | Retrieved raw line clusters: 4 of sizes [6] with interline(16,17,19)
2026-03-13 23:02:42,712 INFO [CRASH COMPLEXION_p002]       LinesRetriever.java:1516 | Searching clusters with smallInterline: 14
2026-03-13 23:02:42,774 INFO [CRASH COMPLEXION_p002]    ClustersRetriever.java:326  | Retrieved raw line clusters: 12 of sizes [5] with interline(13,14,14)
2026-03-13 23:02:43,859 INFO [CRASH COMPLEXION_p002]            PeakGraph.java:310  | Systems: #1[1, 2, 3, 4, 5, 6, 7, 8] #2[9, 10, 11, 12, 13, 14, 15, 16]
2026-03-13 23:02:44,053 INFO [CRASH COMPLEXION_p002]        BarsRetriever.java:1305 | System#1
2026-03-13 23:02:44,054 INFO [CRASH COMPLEXION_p002]        BarsRetriever.java:1308 |    PartGroup{bracket number:1 barline:false staves:1-8}
2026-03-13 23:02:44,055 INFO [CRASH COMPLEXION_p002]        BarsRetriever.java:1305 | System#2
2026-03-13 23:02:44,055 INFO [CRASH COMPLEXION_p002]        BarsRetriever.java:1308 |    PartGroup{bracket number:1 barline:false staves:9-16}
2026-03-13 23:02:46,072 INFO [CRASH COMPLEXION_p002]        SystemManager.java:779  | 8 parts along 2 systems, 2 tablatures
2026-03-13 23:02:46,074 INFO [CRASH COMPLEXION_p002]                 Book.java:543  | Created scores: [{Score 1}]
2026-03-13 23:02:46,074 INFO [CRASH COMPLEXION_p002]       StepMonitoring.java:98   | HEADERS
2026-03-13 23:02:49,351 INFO [CRASH COMPLEXION_p002]       StepMonitoring.java:98   | STEM_SEEDS
2026-03-13 23:02:49,516 INFO [CRASH COMPLEXION_p002]        StemSeedsStep.java:86   | stem(3 max:4)
2026-03-13 23:02:49,721 INFO [CRASH COMPLEXION_p002]       StepMonitoring.java:98   | BEAMS
2026-03-13 23:02:53,406 INFO [CRASH COMPLEXION_p002]       StepMonitoring.java:98   | LEDGERS
2026-03-13 23:02:54,421 INFO [CRASH COMPLEXION_p002]       StepMonitoring.java:98   | HEADS
2026-03-13 23:03:01,530 INFO [CRASH COMPLEXION_p002]        HeadSeedTally.java:235  | Scale information: HeadSeeds{NOTEHEAD_BLACK[L:0.9,R:0.4]}
2026-03-13 23:03:01,531 INFO [CRASH COMPLEXION_p002]       StepMonitoring.java:98   | STEMS
2026-03-13 23:03:06,005 INFO [CRASH COMPLEXION_p002]       StepMonitoring.java:98   | REDUCTION
2026-03-13 23:03:06,605 INFO [CRASH COMPLEXION_p002]        ReductionStep.java:105  | Stems free length median value: 46 pixels, 2.7 interlines
2026-03-13 23:03:06,615 INFO [CRASH COMPLEXION_p002]       StepMonitoring.java:98   | CUE_BEAMS
2026-03-13 23:03:06,616 INFO [CRASH COMPLEXION_p002]         CueBeamsStep.java:81   | Step CUE_BEAMS is skipped because small heads switch is off
2026-03-13 23:03:06,616 INFO [CRASH COMPLEXION_p002]       StepMonitoring.java:98   | TEXTS
2026-03-13 23:03:06,915 WARN [CRASH COMPLEXION_p002]         TesseractOCR.java:335  | The collection of supported languages is empty
2026-03-13 23:03:06,915 INFO [CRASH COMPLEXION_p002]              OcrUtil.java:106  | Missing support for 'eng' language(s)
2026-03-13 23:03:06,936 INFO [CRASH COMPLEXION_p002]       StepMonitoring.java:98   | MEASURES
2026-03-13 23:03:06,968 INFO [CRASH COMPLEXION_p002]                 Page.java:307  | 6 raw measures: [3 in system#1, 3 in system#2]
2026-03-13 23:03:06,968 INFO [CRASH COMPLEXION_p002]       StepMonitoring.java:98   | CHORDS
2026-03-13 23:03:07,020 INFO [CRASH COMPLEXION_p002]       StepMonitoring.java:98   | CURVES
2026-03-13 23:03:10,195 INFO [CRASH COMPLEXION_p002]         SlursBuilder.java:240  | Slurs: 17
2026-03-13 23:03:14,365 INFO [CRASH COMPLEXION_p002]      SegmentsBuilder.java:155  | Segments: 29
2026-03-13 23:03:14,976 INFO [CRASH COMPLEXION_p002]       StepMonitoring.java:98   | SYMBOLS
2026-03-13 23:03:19,658 INFO [CRASH COMPLEXION_p002]       StepMonitoring.java:98   | LINKS
2026-03-13 23:03:19,977 INFO [CRASH COMPLEXION_p002]       StepMonitoring.java:98   | RHYTHMS
2026-03-13 23:03:20,271 INFO [CRASH COMPLEXION_p002]       StepMonitoring.java:98   | PAGE
2026-03-13 23:03:20,288 WARN [CRASH COMPLEXION_p002]         MeasureFixer.java:343  | System#1 No target duration for measures local IDs [1, 2, 3], please check time signatures
2026-03-13 23:03:20,290 WARN [CRASH COMPLEXION_p002]         MeasureFixer.java:343  | System#2 No target duration for measures local IDs [4, 5, 6], please check time signatures
2026-03-13 23:03:20,292 INFO [CRASH COMPLEXION_p002]                 Book.java:2584 | Book{CRASH COMPLEXION_p002} storing
2026-03-13 23:03:20,475 INFO [CRASH COMPLEXION_p002]                 Book.java:2565 | Stored /book.xml
2026-03-13 23:03:20,798 INFO [CRASH COMPLEXION_p002]           DataHolder.java:348  | Stored /sheet#1/BINARY.png
2026-03-13 23:03:23,313 INFO [CRASH COMPLEXION_p002]                Sheet.java:1583 | Stored /sheet#1/sheet#1.xml
2026-03-13 23:03:23,314 INFO [CRASH COMPLEXION_p002]                 Book.java:2525 | Book stored as .cache\page_002\omr\CRASH COMPLEXION_p002.omr
2026-03-13 23:03:23,321 INFO [CRASH COMPLEXION_p002]            SheetStub.java:1654 | Sheet disposed
2026-03-13 23:03:23,379 INFO [CRASH COMPLEXION_p002]                 Book.java:2050 | End of Stub#1
2026-03-13 23:03:23,380 INFO [CRASH COMPLEXION_p002]                 Book.java:2057 | End of Book{CRASH COMPLEXION_p002}
2026-03-13 23:03:25,109 INFO [CRASH COMPLEXION_p002]            SheetStub.java:1000 | Loaded /sheet#1/sheet#1.xml
2026-03-13 23:03:26,172 INFO [CRASH COMPLEXION_p002]      PartwiseBuilder.java:2706 | Exporting sheet(s): [#1]
2026-03-13 23:03:26,542 INFO [CRASH COMPLEXION_p002]        ScoreExporter.java:164  | Score CRASH COMPLEXION_p002 exported to .cache\page_002\omr\CRASH COMPLEXION_p002.mxl
2026-03-13 23:03:26,649 INFO [CRASH COMPLEXION_p002]                Score.java:181  | Closing {Score 1}
