2026-03-28 00:42:17,511 INFO [CRASH_COMPLEXION_p010]                 Book.java:560  | 1 sheet in C:\Users\ken\RockSmithTabConvertToMidi\tmp\crash_cache_v3\page_010\preprocess\CRASH_COMPLEXION_p010.png
2026-03-28 00:42:17,821 INFO []                 Book.java:2565 | Stored /book.xml
2026-03-28 00:42:17,822 INFO []                 Book.java:2525 | Book stored as tmp\crash_cache_v3\page_010\omr\CRASH_COMPLEXION_p010.omr
2026-03-28 00:42:17,839 INFO []                 Book.java:1929 | Book reaching CHORDS on sheets:[#1]
2026-03-28 00:42:17,851 INFO [CRASH_COMPLEXION_p010]       StepMonitoring.java:98   | LOAD
2026-03-28 00:42:18,142 INFO [CRASH_COMPLEXION_p010]            SheetStub.java:1278 | Loaded image #1 2300x3170 from C:\Users\ken\RockSmithTabConvertToMidi\tmp\crash_cache_v3\page_010\preprocess\CRASH_COMPLEXION_p010.png
2026-03-28 00:42:18,157 INFO [CRASH_COMPLEXION_p010]                 Book.java:2565 | Stored /book.xml
2026-03-28 00:42:18,361 INFO [CRASH_COMPLEXION_p010]           DataHolder.java:348  | Stored /sheet#1/GRAY.png
2026-03-28 00:42:18,732 INFO [CRASH_COMPLEXION_p010]                Sheet.java:1583 | Stored /sheet#1/sheet#1.xml
2026-03-28 00:42:18,738 INFO [CRASH_COMPLEXION_p010]       StepMonitoring.java:98   | BINARY
2026-03-28 00:42:19,656 INFO [CRASH_COMPLEXION_p010]                 Book.java:2565 | Stored /book.xml
2026-03-28 00:42:19,657 INFO [CRASH_COMPLEXION_p010]           DataHolder.java:256  | Removed /sheet#1/GRAY.png
2026-03-28 00:42:19,813 INFO [CRASH_COMPLEXION_p010]           DataHolder.java:348  | Stored /sheet#1/BINARY.png
2026-03-28 00:42:19,820 INFO [CRASH_COMPLEXION_p010]                Sheet.java:1583 | Stored /sheet#1/sheet#1.xml
2026-03-28 00:42:19,826 INFO [CRASH_COMPLEXION_p010]       StepMonitoring.java:98   | SCALE
2026-03-28 00:42:19,874 INFO [CRASH_COMPLEXION_p010]         ScaleBuilder.java:241  | Beam  guessed height:  8 -- 0.50 of 16 interline
2026-03-28 00:42:19,876 INFO [CRASH_COMPLEXION_p010]         ScaleBuilder.java:264  | Beam measured height:  8 -- 0.27 of [5..16] range at 315% of needed quorum
2026-03-28 00:42:19,881 INFO [CRASH_COMPLEXION_p010]         ScaleBuilder.java:392  | Normalized black jitter: 11.76 %
2026-03-28 00:42:19,882 INFO [CRASH_COMPLEXION_p010]            ScaleStep.java:65   | Scale{ small_interline(13,14,14) interline(16,17,19) line(2,3,4) beam(8)}
2026-03-28 00:42:19,888 INFO [CRASH_COMPLEXION_p010]                 Book.java:2565 | Stored /book.xml
2026-03-28 00:42:19,891 INFO [CRASH_COMPLEXION_p010]                Sheet.java:1583 | Stored /sheet#1/sheet#1.xml
2026-03-28 00:42:19,898 INFO [CRASH_COMPLEXION_p010]       StepMonitoring.java:98   | GRID
2026-03-28 00:42:23,299 INFO [CRASH_COMPLEXION_p010]       LinesRetriever.java:1500 | Global slope: -0.00627
2026-03-28 00:42:23,403 INFO [CRASH_COMPLEXION_p010]    ClustersRetriever.java:326  | Retrieved raw line clusters: 6 of sizes [6] with interline(16,17,19)
2026-03-28 00:42:23,406 INFO [CRASH_COMPLEXION_p010]       LinesRetriever.java:1516 | Searching clusters with smallInterline: 14
2026-03-28 00:42:23,465 INFO [CRASH_COMPLEXION_p010]    ClustersRetriever.java:326  | Retrieved raw line clusters: 18 of sizes [5] with interline(13,14,14)
2026-03-28 00:42:24,548 INFO [CRASH_COMPLEXION_p010]            PeakGraph.java:310  | Systems: #1[1, 2, 3, 4, 5, 6, 7, 8] #2[9, 10, 11, 12, 13, 14, 15, 16] #3[17, 18, 19, 20, 21, 22, 23, 24]
2026-03-28 00:42:24,763 INFO [CRASH_COMPLEXION_p010]        BarsRetriever.java:1305 | System#1
2026-03-28 00:42:24,764 INFO [CRASH_COMPLEXION_p010]        BarsRetriever.java:1308 |    PartGroup{bracket number:1 barline:false staves:1-8}
2026-03-28 00:42:24,764 INFO [CRASH_COMPLEXION_p010]        BarsRetriever.java:1305 | System#2
2026-03-28 00:42:24,765 INFO [CRASH_COMPLEXION_p010]        BarsRetriever.java:1308 |    PartGroup{bracket number:1 barline:false staves:9-16}
2026-03-28 00:42:24,765 INFO [CRASH_COMPLEXION_p010]        BarsRetriever.java:1305 | System#3
2026-03-28 00:42:24,767 INFO [CRASH_COMPLEXION_p010]        BarsRetriever.java:1308 |    PartGroup{bracket number:1 barline:false staves:17-24}
2026-03-28 00:42:26,179 INFO [CRASH_COMPLEXION_p010]        SystemManager.java:779  | 8 parts along 3 systems, 2 tablatures
2026-03-28 00:42:26,180 INFO [CRASH_COMPLEXION_p010]                 Book.java:543  | Created scores: [{Score 1}]
2026-03-28 00:42:26,199 INFO [CRASH_COMPLEXION_p010]                 Book.java:2565 | Stored /book.xml
2026-03-28 00:42:26,962 INFO [CRASH_COMPLEXION_p010]                Sheet.java:1583 | Stored /sheet#1/sheet#1.xml
2026-03-28 00:42:26,969 INFO [CRASH_COMPLEXION_p010]       StepMonitoring.java:98   | HEADERS
2026-03-28 00:42:30,697 INFO [CRASH_COMPLEXION_p010]                 Book.java:2565 | Stored /book.xml
2026-03-28 00:42:31,294 INFO [CRASH_COMPLEXION_p010]                Sheet.java:1583 | Stored /sheet#1/sheet#1.xml
2026-03-28 00:42:31,301 INFO [CRASH_COMPLEXION_p010]       StepMonitoring.java:98   | STEM_SEEDS
2026-03-28 00:42:31,445 INFO [CRASH_COMPLEXION_p010]        StemSeedsStep.java:86   | stem(3 max:5)
2026-03-28 00:42:31,749 INFO [CRASH_COMPLEXION_p010]                 Book.java:2565 | Stored /book.xml
2026-03-28 00:42:32,360 INFO [CRASH_COMPLEXION_p010]                Sheet.java:1583 | Stored /sheet#1/sheet#1.xml
2026-03-28 00:42:32,367 INFO [CRASH_COMPLEXION_p010]       StepMonitoring.java:98   | BEAMS
2026-03-28 00:42:36,299 INFO [CRASH_COMPLEXION_p010]                 Book.java:2565 | Stored /book.xml
2026-03-28 00:42:36,433 INFO [CRASH_COMPLEXION_p010]           DataHolder.java:348  | Stored /sheet#1/HEAD_SPOTS.png
2026-03-28 00:42:37,141 INFO [CRASH_COMPLEXION_p010]                Sheet.java:1583 | Stored /sheet#1/sheet#1.xml
2026-03-28 00:42:37,149 INFO [CRASH_COMPLEXION_p010]       StepMonitoring.java:98   | LEDGERS
2026-03-28 00:42:38,934 INFO [CRASH_COMPLEXION_p010]                 Book.java:2565 | Stored /book.xml
2026-03-28 00:42:40,073 INFO [CRASH_COMPLEXION_p010]                Sheet.java:1583 | Stored /sheet#1/sheet#1.xml
2026-03-28 00:42:40,080 INFO [CRASH_COMPLEXION_p010]       StepMonitoring.java:98   | HEADS
2026-03-28 00:42:42,171 INFO [CRASH_COMPLEXION_p010]      TemplateFactory.java:940  | Rebuilding BREVE_SMALL template at resolution 112
2026-03-28 00:42:42,177 INFO [CRASH_COMPLEXION_p010]      TemplateFactory.java:940  | Rebuilding WHOLE_NOTE_SMALL template at resolution 112
2026-03-28 00:42:50,526 INFO [CRASH_COMPLEXION_p010]        HeadSeedTally.java:235  | Scale information: HeadSeeds{NOTEHEAD_VOID[R:-0.1] NOTEHEAD_VOID_SMALL[R:-1.1] NOTEHEAD_BLACK[L:0.3,R:0.1] NOTEHEAD_BLACK_SMALL[L:-0.6,R:0.5]}
2026-03-28 00:42:50,547 INFO [CRASH_COMPLEXION_p010]                 Book.java:2565 | Stored /book.xml
2026-03-28 00:42:50,548 INFO [CRASH_COMPLEXION_p010]           DataHolder.java:256  | Removed /sheet#1/HEAD_SPOTS.png
2026-03-28 00:42:52,141 INFO [CRASH_COMPLEXION_p010]                Sheet.java:1583 | Stored /sheet#1/sheet#1.xml
2026-03-28 00:42:52,148 INFO [CRASH_COMPLEXION_p010]       StepMonitoring.java:98   | STEMS
2026-03-28 00:42:57,901 INFO [CRASH_COMPLEXION_p010]                 Book.java:2565 | Stored /book.xml
2026-03-28 00:42:59,362 INFO [CRASH_COMPLEXION_p010]                Sheet.java:1583 | Stored /sheet#1/sheet#1.xml
2026-03-28 00:42:59,369 INFO [CRASH_COMPLEXION_p010]       StepMonitoring.java:98   | REDUCTION
2026-03-28 00:42:59,979 INFO [CRASH_COMPLEXION_p010]        ReductionStep.java:105  | Stems free length median value: 44 pixels, 2.6 interlines
2026-03-28 00:42:59,999 INFO [CRASH_COMPLEXION_p010]                 Book.java:2565 | Stored /book.xml
2026-03-28 00:43:00,391 INFO [CRASH_COMPLEXION_p010]                Sheet.java:1583 | Stored /sheet#1/sheet#1.xml
2026-03-28 00:43:00,398 INFO [CRASH_COMPLEXION_p010]       StepMonitoring.java:98   | CUE_BEAMS
2026-03-28 00:43:00,411 INFO [CRASH_COMPLEXION_p010]                 Book.java:2565 | Stored /book.xml
2026-03-28 00:43:00,864 INFO [CRASH_COMPLEXION_p010]                Sheet.java:1583 | Stored /sheet#1/sheet#1.xml
2026-03-28 00:43:00,880 INFO [CRASH_COMPLEXION_p010]       StepMonitoring.java:98   | TEXTS
2026-03-28 00:43:01,118 WARN [CRASH_COMPLEXION_p010]         TesseractOCR.java:335  | The collection of supported languages is empty
2026-03-28 00:43:01,119 INFO [CRASH_COMPLEXION_p010]              OcrUtil.java:106  | Missing support for 'eng' language(s)
2026-03-28 00:43:01,139 INFO [CRASH_COMPLEXION_p010]                 Book.java:2565 | Stored /book.xml
2026-03-28 00:43:01,461 INFO [CRASH_COMPLEXION_p010]                Sheet.java:1583 | Stored /sheet#1/sheet#1.xml
2026-03-28 00:43:01,466 INFO [CRASH_COMPLEXION_p010]       StepMonitoring.java:98   | MEASURES
2026-03-28 00:43:01,479 INFO [CRASH_COMPLEXION_p010]                 Page.java:307  | 6 raw measures: [3 in system#1, 2 in system#2, 1 in system#3]
2026-03-28 00:43:01,485 INFO [CRASH_COMPLEXION_p010]                 Book.java:2565 | Stored /book.xml
2026-03-28 00:43:01,997 INFO [CRASH_COMPLEXION_p010]                Sheet.java:1583 | Stored /sheet#1/sheet#1.xml
2026-03-28 00:43:02,021 INFO [CRASH_COMPLEXION_p010]       StepMonitoring.java:98   | CHORDS
2026-03-28 00:43:02,121 INFO [CRASH_COMPLEXION_p010]                 Book.java:2565 | Stored /book.xml
2026-03-28 00:43:02,494 INFO [CRASH_COMPLEXION_p010]                Sheet.java:1583 | Stored /sheet#1/sheet#1.xml
2026-03-28 00:43:02,500 INFO [CRASH_COMPLEXION_p010]            SheetStub.java:1654 | Sheet disposed
2026-03-28 00:43:02,559 INFO [CRASH_COMPLEXION_p010]                 Book.java:2050 | End of Stub#1
2026-03-28 00:43:02,559 INFO [CRASH_COMPLEXION_p010]                 Book.java:2057 | End of Book{CRASH_COMPLEXION_p010}
2026-03-28 00:43:02,605 INFO [CRASH_COMPLEXION_p010]                Score.java:181  | Closing {Score 1}
