2026-03-28 09:46:26,250 INFO [CRASH_COMPLEXION_p006]                 Book.java:560  | 1 sheet in C:\Users\ken\RockSmithTabConvertToMidi\tmp\crash_cache_v4_repeat\page_006\preprocess\CRASH_COMPLEXION_p006.png
2026-03-28 09:46:26,508 INFO []                 Book.java:2565 | Stored /book.xml
2026-03-28 09:46:26,509 INFO []                 Book.java:2525 | Book stored as tmp\crash_cache_v4_repeat\page_006\omr\CRASH_COMPLEXION_p006.omr
2026-03-28 09:46:26,518 INFO []                 Book.java:1929 | Book reaching PAGE on sheets:[#1]
2026-03-28 09:46:26,524 INFO [CRASH_COMPLEXION_p006]       StepMonitoring.java:98   | LOAD
2026-03-28 09:46:26,718 INFO [CRASH_COMPLEXION_p006]            SheetStub.java:1278 | Loaded image #1 2298x3160 from C:\Users\ken\RockSmithTabConvertToMidi\tmp\crash_cache_v4_repeat\page_006\preprocess\CRASH_COMPLEXION_p006.png
2026-03-28 09:46:26,722 INFO [CRASH_COMPLEXION_p006]       StepMonitoring.java:98   | BINARY
2026-03-28 09:46:27,722 INFO [CRASH_COMPLEXION_p006]       StepMonitoring.java:98   | SCALE
2026-03-28 09:46:27,767 INFO [CRASH_COMPLEXION_p006]         ScaleBuilder.java:241  | Beam  guessed height:  8 -- 0.50 of 16 interline
2026-03-28 09:46:27,769 INFO [CRASH_COMPLEXION_p006]         ScaleBuilder.java:264  | Beam measured height:  8 -- 0.27 of [5..16] range at 373% of needed quorum
2026-03-28 09:46:27,770 INFO [CRASH_COMPLEXION_p006]         ScaleBuilder.java:392  | Normalized black jitter: 5.88 %
2026-03-28 09:46:27,771 INFO [CRASH_COMPLEXION_p006]            ScaleStep.java:65   | Scale{ small_interline(13,14,14) interline(16,17,19) line(2,3,3) beam(8)}
2026-03-28 09:46:27,772 INFO [CRASH_COMPLEXION_p006]       StepMonitoring.java:98   | GRID
2026-03-28 09:46:30,831 INFO [CRASH_COMPLEXION_p006]       LinesRetriever.java:1500 | Global slope: -0.00398
2026-03-28 09:46:30,939 INFO [CRASH_COMPLEXION_p006]    ClustersRetriever.java:326  | Retrieved raw line clusters: 4 of sizes [6] with interline(16,17,19)
2026-03-28 09:46:30,942 INFO [CRASH_COMPLEXION_p006]       LinesRetriever.java:1516 | Searching clusters with smallInterline: 14
2026-03-28 09:46:31,037 INFO [CRASH_COMPLEXION_p006]    ClustersRetriever.java:326  | Retrieved raw line clusters: 12 of sizes [5] with interline(13,14,14)
2026-03-28 09:46:32,556 INFO [CRASH_COMPLEXION_p006]            PeakGraph.java:310  | Systems: #1[1, 2, 3, 4, 5, 6, 7, 8] #2[9, 10, 11, 12, 13, 14, 15, 16]
2026-03-28 09:46:32,706 INFO [CRASH_COMPLEXION_p006]        BarsRetriever.java:1305 | System#1
2026-03-28 09:46:32,707 INFO [CRASH_COMPLEXION_p006]        BarsRetriever.java:1308 |    PartGroup{bracket number:1 barline:false staves:1-8}
2026-03-28 09:46:32,707 INFO [CRASH_COMPLEXION_p006]        BarsRetriever.java:1305 | System#2
2026-03-28 09:46:32,708 INFO [CRASH_COMPLEXION_p006]        BarsRetriever.java:1308 |    PartGroup{bracket number:1 barline:false staves:9-16}
2026-03-28 09:46:34,360 INFO [CRASH_COMPLEXION_p006]        SystemManager.java:779  | 8 parts along 2 systems, 2 tablatures
2026-03-28 09:46:34,362 INFO [CRASH_COMPLEXION_p006]                 Book.java:543  | Created scores: [{Score 1}]
2026-03-28 09:46:34,363 INFO [CRASH_COMPLEXION_p006]       StepMonitoring.java:98   | HEADERS
2026-03-28 09:46:37,351 INFO [CRASH_COMPLEXION_p006]       StepMonitoring.java:98   | STEM_SEEDS
2026-03-28 09:46:37,509 INFO [CRASH_COMPLEXION_p006]        StemSeedsStep.java:86   | stem(3 max:4)
2026-03-28 09:46:37,643 INFO [CRASH_COMPLEXION_p006]       StepMonitoring.java:98   | BEAMS
2026-03-28 09:46:40,774 INFO [CRASH_COMPLEXION_p006]       StepMonitoring.java:98   | LEDGERS
2026-03-28 09:46:41,575 INFO [CRASH_COMPLEXION_p006]       StepMonitoring.java:98   | HEADS
2026-03-28 09:46:42,519 INFO [CRASH_COMPLEXION_p006]      TemplateFactory.java:940  | Rebuilding BREVE_SMALL template at resolution 112
2026-03-28 09:46:42,532 INFO [CRASH_COMPLEXION_p006]      TemplateFactory.java:940  | Rebuilding WHOLE_NOTE_SMALL template at resolution 112
2026-03-28 09:46:50,102 INFO [CRASH_COMPLEXION_p006]        HeadSeedTally.java:235  | Scale information: HeadSeeds{NOTEHEAD_VOID[R:0.4] NOTEHEAD_VOID_SMALL[R:-0.6] NOTEHEAD_BLACK[L:0.4,R:0.4] NOTEHEAD_BLACK_SMALL[L:-0.3,R:0.5]}
2026-03-28 09:46:50,104 INFO [CRASH_COMPLEXION_p006]       StepMonitoring.java:98   | STEMS
2026-03-28 09:46:56,904 INFO [CRASH_COMPLEXION_p006]       StepMonitoring.java:98   | REDUCTION
2026-03-28 09:46:57,840 INFO [CRASH_COMPLEXION_p006]        ReductionStep.java:105  | Stems free length median value: 44 pixels, 2.6 interlines
2026-03-28 09:46:57,855 INFO [CRASH_COMPLEXION_p006]       StepMonitoring.java:98   | CUE_BEAMS
2026-03-28 09:46:57,868 INFO [CRASH_COMPLEXION_p006]       StepMonitoring.java:98   | TEXTS
2026-03-28 09:46:58,130 WARN [CRASH_COMPLEXION_p006]         TesseractOCR.java:335  | The collection of supported languages is empty
2026-03-28 09:46:58,130 INFO [CRASH_COMPLEXION_p006]              OcrUtil.java:106  | Missing support for 'eng' language(s)
2026-03-28 09:46:58,145 INFO [CRASH_COMPLEXION_p006]       StepMonitoring.java:98   | MEASURES
2026-03-28 09:46:58,163 INFO [CRASH_COMPLEXION_p006]                 Page.java:307  | 7 raw measures: [4 in system#1, 3 in system#2]
2026-03-28 09:46:58,164 INFO [CRASH_COMPLEXION_p006]       StepMonitoring.java:98   | CHORDS
2026-03-28 09:46:58,199 INFO [CRASH_COMPLEXION_p006]       StepMonitoring.java:98   | CURVES
2026-03-28 09:47:00,854 INFO [CRASH_COMPLEXION_p006]         SlursBuilder.java:240  | Slurs: 15
2026-03-28 09:47:04,446 INFO [CRASH_COMPLEXION_p006]      SegmentsBuilder.java:155  | Segments: 34
2026-03-28 09:47:04,569 INFO [CRASH_COMPLEXION_p006]       StepMonitoring.java:98   | SYMBOLS
2026-03-28 09:47:07,652 INFO [CRASH_COMPLEXION_p006]       StepMonitoring.java:98   | LINKS
2026-03-28 09:47:07,787 INFO [CRASH_COMPLEXION_p006]       StepMonitoring.java:98   | RHYTHMS
2026-03-28 09:47:07,844 WARN [CRASH_COMPLEXION_p006]          StackRhythm.java:227  | StackRhythm error processing MeasureStack#3 java.lang.IllegalStateException: Attempt to setVoice() on SmallChordInter#10023{(0.811/0.811) staff:4 dur:1/4}
java.lang.IllegalStateException: Attempt to setVoice() on SmallChordInter#10023{(0.811/0.811) staff:4 dur:1/4}
	at org.audiveris.omr.sig.inter.SmallChordInter.setVoice(SmallChordInter.java:240)
	at org.audiveris.omr.sig.inter.AbstractChordInter.setVoice(AbstractChordInter.java:1437)
	at org.audiveris.omr.sig.inter.BeamGroupInter.setVoice(BeamGroupInter.java:912)
	at org.audiveris.omr.sig.inter.AbstractChordInter.setVoice(AbstractChordInter.java:1428)
	at org.audiveris.omr.sig.inter.BeamGroupInter.setVoice(BeamGroupInter.java:912)
	at org.audiveris.omr.sig.inter.AbstractChordInter.setVoice(AbstractChordInter.java:1428)
	at org.audiveris.omr.sheet.rhythm.Voice.<init>(Voice.java:173)
	at org.audiveris.omr.sheet.rhythm.MeasureRhythm.processStartingChords(MeasureRhythm.java:641)
	at org.audiveris.omr.sheet.rhythm.MeasureRhythm.process(MeasureRhythm.java:569)
	at org.audiveris.omr.sheet.rhythm.StackRhythm.doProcess(StackRhythm.java:127)
	at org.audiveris.omr.sheet.rhythm.StackRhythm.process(StackRhythm.java:223)
	at org.audiveris.omr.sheet.rhythm.PageRhythm.processRanges(PageRhythm.java:274)
	at org.audiveris.omr.sheet.rhythm.PageRhythm.process(PageRhythm.java:248)
	at org.audiveris.omr.sheet.rhythm.RhythmsStep.doit(RhythmsStep.java:192)
	at org.audiveris.omr.step.OmrStep.doit(OmrStep.java:138)
	at org.audiveris.omr.sheet.SheetStub.lambda$doOneStep$0(SheetStub.java:503)
	at java.base/java.util.concurrent.FutureTask.run(FutureTask.java:328)
	at java.base/java.util.concurrent.ThreadPoolExecutor.runWorker(ThreadPoolExecutor.java:1090)
	at java.base/java.util.concurrent.ThreadPoolExecutor$Worker.run(ThreadPoolExecutor.java:614)
	at java.base/java.lang.Thread.run(Thread.java:1474)
2026-03-28 09:47:07,869 INFO [CRASH_COMPLEXION_p006]        MeasureRhythm.java:1044 | Measure{#4P8} No timeOffset for HeadChordInter#10088{(0.929/0.929) staff:8 slot#2 dur:1/8}
2026-03-28 09:47:07,871 INFO [CRASH_COMPLEXION_p006]          StackRhythm.java:224  | S1 MeasureStack#4 no correct rhythm
2026-03-28 09:47:07,910 INFO [CRASH_COMPLEXION_p006]       StepMonitoring.java:98   | PAGE
2026-03-28 09:47:07,918 WARN [CRASH_COMPLEXION_p006]         MeasureFixer.java:343  | System#1 No target duration for measures local IDs [1, 2, 3, 4], please check time signatures
2026-03-28 09:47:07,919 WARN [CRASH_COMPLEXION_p006]         MeasureFixer.java:343  | System#2 No target duration for measures local IDs [5, 6, 7], please check time signatures
2026-03-28 09:47:07,920 INFO [CRASH_COMPLEXION_p006]                 Book.java:2584 | Book{CRASH_COMPLEXION_p006} storing
2026-03-28 09:47:08,108 INFO [CRASH_COMPLEXION_p006]                 Book.java:2565 | Stored /book.xml
2026-03-28 09:47:08,358 INFO [CRASH_COMPLEXION_p006]           DataHolder.java:348  | Stored /sheet#1/BINARY.png
2026-03-28 09:47:10,208 INFO [CRASH_COMPLEXION_p006]                Sheet.java:1583 | Stored /sheet#1/sheet#1.xml
2026-03-28 09:47:10,209 INFO [CRASH_COMPLEXION_p006]                 Book.java:2525 | Book stored as tmp\crash_cache_v4_repeat\page_006\omr\CRASH_COMPLEXION_p006.omr
2026-03-28 09:47:10,214 INFO [CRASH_COMPLEXION_p006]            SheetStub.java:1654 | Sheet disposed
2026-03-28 09:47:10,255 INFO [CRASH_COMPLEXION_p006]                 Book.java:2050 | End of Stub#1
2026-03-28 09:47:10,256 INFO [CRASH_COMPLEXION_p006]                 Book.java:2057 | End of Book{CRASH_COMPLEXION_p006}
2026-03-28 09:47:11,308 INFO [CRASH_COMPLEXION_p006]            SheetStub.java:1000 | Loaded /sheet#1/sheet#1.xml
2026-03-28 09:47:12,250 INFO [CRASH_COMPLEXION_p006]      PartwiseBuilder.java:2706 | Exporting sheet(s): [#1]
2026-03-28 09:47:12,406 INFO [CRASH_COMPLEXION_p006]        ScoreExporter.java:164  | Score CRASH_COMPLEXION_p006 exported to tmp\crash_cache_v4_repeat\page_006\omr\CRASH_COMPLEXION_p006.mxl
2026-03-28 09:47:12,501 INFO [CRASH_COMPLEXION_p006]                Score.java:181  | Closing {Score 1}
